Aug  5 04:44:18 guest systemd-modules-load[382]: Inserted module 'msr'
Aug  5 04:44:18 guest systemd[1]: Finished Create list of static device nodes for the current kernel.
Aug  5 04:44:18 guest systemd[1]: Finished Load Kernel Modules.
Aug  5 04:44:18 guest systemd[1]: Finished Remount Root and Kernel File Systems.
Aug  5 04:44:18 guest systemd[1]: Finished Uncomplicated firewall.
Aug  5 04:44:18 guest systemd[1]: Mounting FUSE Control File System...
Aug  5 04:44:18 guest systemd[1]: Mounting Kernel Configuration File System...
Aug  5 04:44:18 guest systemd[1]: Condition check resulted in Rebuild Hardware Database being skipped.
Aug  5 04:44:18 guest systemd[1]: Starting Flush Journal to Persistent Storage...
Aug  5 04:44:18 guest systemd[1]: Condition check resulted in Platform Persistent Storage Archival being skipped.
Aug  5 04:44:18 guest systemd[1]: Starting Load/Save Random Seed...
Aug  5 04:44:18 guest systemd[1]: Starting Apply Kernel Variables...
Aug  5 04:44:18 guest systemd[1]: Starting Create System Users...
Aug  5 04:44:18 guest systemd-sysctl[392]: Not setting net/ipv4/conf/all/promote_secondaries (explicit setting exists).
Aug  5 04:44:18 guest systemd-sysctl[392]: Not setting net/ipv4/conf/default/promote_secondaries (explicit setting exists).
Aug  5 04:44:18 guest systemd[1]: Finished Set the console keyboard layout.
Aug  5 04:44:18 guest systemd[1]: Mounted FUSE Control File System.
Aug  5 04:44:18 guest systemd[1]: Mounted Kernel Configuration File System.
Aug  5 04:44:18 guest systemd[1]: Finished Flush Journal to Persistent Storage.
Aug  5 04:44:18 guest systemd[1]: Finished Load/Save Random Seed.
Aug  5 04:44:18 guest systemd[1]: Finished udev Coldplug all Devices.
Aug  5 04:44:18 guest systemd[1]: Finished Monitoring of LVM2 mirrors, snapshots etc. using dmeventd or progress polling.
Aug  5 04:44:18 guest systemd[1]: Finished Apply Kernel Variables.
Aug  5 04:44:18 guest systemd[1]: Starting udev Wait for Complete Device Initialization...
Aug  5 04:44:18 guest systemd-sysusers[393]: Creating group systemd-coredump with gid 999.
Aug  5 04:44:18 guest systemd-sysusers[393]: Creating user systemd-coredump (systemd Core Dumper) with uid 999 and gid 999.
Aug  5 04:44:18 guest systemd[1]: Finished Create System Users.
Aug  5 04:44:18 guest systemd[1]: Starting Create Static Device Nodes in /dev...
Aug  5 04:44:18 guest systemd[1]: Finished Create Static Device Nodes in /dev.
Aug  5 04:44:18 guest systemd[1]: Starting udev Kernel Device Manager...
Aug  5 04:44:18 guest systemd[1]: Started udev Kernel Device Manager.
Aug  5 04:44:18 guest systemd[1]: Condition check resulted in Show Plymouth Boot Screen being skipped.
Aug  5 04:44:18 guest systemd[1]: Started Dispatch Password Requests to Console Directory Watch.
Aug  5 04:44:18 guest systemd[1]: Condition check resulted in Forward Password Requests to Plymouth Directory Watch being skipped.
Aug  5 04:44:18 guest systemd[1]: Reached target Local Encrypted Volumes.
Aug  5 04:44:18 guest systemd-udevd[411]: Using default interface naming scheme 'v245'.
Aug  5 04:44:18 guest systemd-udevd[411]: ethtool: autonegotiation is unset or enabled, the speed and duplex are not writable.
Aug  5 04:44:18 guest systemd[1]: Listening on Load/Save RF Kill Switch Status /dev/rfkill Watch.
Aug  5 04:44:18 guest systemd-udevd[422]: ethtool: autonegotiation is unset or enabled, the speed and duplex are not writable.
Aug  5 04:44:18 guest udevadm[397]: systemd-udev-settle.service is deprecated.
Aug  5 04:44:18 guest systemd[1]: Finished udev Wait for Complete Device Initialization.
Aug  5 04:44:18 guest systemd[1]: Starting Device-Mapper Multipath Device Controller...
Aug  5 04:44:18 guest multipathd[526]: --------start up--------
Aug  5 04:44:18 guest multipathd[526]: read /etc/multipath.conf
Aug  5 04:44:18 guest multipathd[526]: path checkers start up
Aug  5 04:44:18 guest systemd[1]: Started Device-Mapper Multipath Device Controller.
Aug  5 04:44:18 guest systemd[1]: Reached target Local File Systems (Pre).
Aug  5 04:44:18 guest systemd[1]: Mounting Mount unit for core18, revision 2128...
Aug  5 04:44:18 guest systemd[1]: Mounting Mount unit for lxd, revision 21029...
Aug  5 04:44:18 guest systemd[1]: Mounting Mount unit for snapd, revision 12704...
Aug  5 04:44:18 guest systemd[1]: Mounted Mount unit for core18, revision 2128.
Aug  5 04:44:18 guest systemd[1]: Mounted Mount unit for lxd, revision 21029.
Aug  5 04:44:18 guest systemd[1]: Mounted Mount unit for snapd, revision 12704.
Aug  5 04:44:18 guest systemd[1]: Reached target Local File Systems.
Aug  5 04:44:18 guest systemd[1]: Starting Load AppArmor profiles...
Aug  5 04:44:18 guest systemd[1]: Starting Set console font and keymap...
Aug  5 04:44:18 guest systemd[1]: Starting Create final runtime dir for shutdown pivot root...
Aug  5 04:44:18 guest apparmor.systemd[543]: Restarting AppArmor
Aug  5 04:44:18 guest apparmor.systemd[543]: Reloading AppArmor profiles
Aug  5 04:44:18 guest systemd[1]: Condition check resulted in LXD - agent - 9p mount being skipped.
Aug  5 04:44:18 guest systemd[1]: Condition check resulted in LXD - agent being skipped.
Aug  5 04:44:18 guest systemd[1]: Starting Tell Plymouth To Write Out Runtime Data...
Aug  5 04:44:18 guest systemd[1]: Condition check resulted in Store a System Token in an EFI Variable being skipped.
Aug  5 04:44:18 guest systemd[1]: Condition check resulted in Commit a transient machine-id on disk being skipped.
Aug  5 04:44:18 guest systemd[1]: Starting Create Volatile Files and Directories...
Aug  5 04:44:18 guest systemd[1]: Finished Create final runtime dir for shutdown pivot root.
Aug  5 04:44:18 guest apparmor.systemd[563]: Skipping profile in /etc/apparmor.d/disable: usr.sbin.rsyslogd
Aug  5 04:44:18 guest systemd[1]: plymouth-read-write.service: Succeeded.
Aug  5 04:44:18 guest systemd[1]: Finished Tell Plymouth To Write Out Runtime Data.
Aug  5 04:44:18 guest systemd[1]: Finished Create Volatile Files and Directories.
Aug  5 04:44:18 guest systemd[1]: Starting Network Time Synchronization...
Aug  5 04:44:18 guest systemd[1]: Starting Update UTMP about System Boot/Shutdown...
Aug  5 04:44:18 guest systemd[1]: Finished Update UTMP about System Boot/Shutdown.
Aug  5 04:44:18 guest systemd[1]: Started Network Time Synchronization.
Aug  5 04:44:18 guest systemd[1]: Reached target System Time Set.
Aug  5 04:44:18 guest systemd[1]: Reached target System Time Synchronized.
Aug  5 04:44:18 guest console-setup.sh[578]: /usr/bin/ckbcomp: Can not find file "symbols/en" in any known directory
Aug  5 04:44:18 guest systemd[1]: console-setup.service: Main process exited, code=exited, status=1/FAILURE
Aug  5 04:44:18 guest systemd[1]: console-setup.service: Failed with result 'exit-code'.
Aug  5 04:44:18 guest systemd[1]: Failed to start Set console font and keymap.
Aug  5 04:44:18 guest systemd[1]: Finished Load AppArmor profiles.
Aug  5 04:44:18 guest systemd[1]: Starting Load AppArmor profiles managed internally by snapd...
Aug  5 04:44:18 guest systemd[1]: Condition check resulted in Authentication service for virtual machines hosted on VMware being skipped.
Aug  5 04:44:18 guest systemd[1]: Condition check resulted in Service for virtual machines hosted on VMware being skipped.
Aug  5 04:44:18 guest systemd[1]: Starting Initial cloud-init job (pre-networking)...
Aug  5 04:44:18 guest systemd[1]: Finished Load AppArmor profiles managed internally by snapd.
Aug  5 04:44:18 guest cloud-init[608]: Cloud-init v. 22.2-0ubuntu1~20.04.3 running 'init-local' at Fri, 05 Aug 2022 04:44:16 +0000. Up 3.85 seconds.
Aug  5 04:44:18 guest systemd[1]: Finished Initial cloud-init job (pre-networking).
Aug  5 04:44:18 guest systemd[1]: Reached target Network (Pre).
Aug  5 04:44:18 guest systemd[1]: Starting Network Service...
Aug  5 04:44:18 guest systemd-networkd[609]: Enumeration completed
Aug  5 04:44:18 guest systemd[1]: Started Network Service.
Aug  5 04:44:18 guest systemd-networkd[609]: ens3: IPv6 successfully enabled
Aug  5 04:44:18 guest systemd-networkd[609]: ens3: Link UP
Aug  5 04:44:18 guest systemd[1]: Starting Wait for Network to be Configured...
Aug  5 04:44:18 guest systemd[1]: Starting Network Name Resolution...
Aug  5 04:44:18 guest systemd-networkd[609]: ens3: Gained carrier
Aug  5 04:44:18 guest kernel: [    0.000000] Linux version 5.4.0-122-generic (buildd@lcy02-amd64-095) (gcc version 9.4.0 (Ubuntu 9.4.0-1ubuntu1~20.04.1)) #138-Ubuntu SMP Wed Jun 22 15:00:31 UTC 2022 (Ubuntu 5.4.0-122.138-generic 5.4.192)
Aug  5 04:44:18 guest systemd-networkd[609]: ens3: DHCPv4 address 10.0.2.15/24 via 10.0.2.2
Aug  5 04:44:18 guest kernel: [    0.000000] Command line: BOOT_IMAGE=/boot/vmlinuz-5.4.0-122-generic root=UUID=176ccbe8-961e-4b77-bbd0-40bee15e7fa5 ro
Aug  5 04:44:18 guest kernel: [    0.000000] KERNEL supported cpus:
Aug  5 04:44:18 guest systemd-timesyncd[572]: Network configuration changed, trying to establish connection.
Aug  5 04:44:18 guest kernel: [    0.000000]   Intel GenuineIntel
Aug  5 04:44:18 guest kernel: [    0.000000]   AMD AuthenticAMD
Aug  5 04:44:18 guest kernel: [    0.000000]   Hygon HygonGenuine
Aug  5 04:44:18 guest kernel: [    0.000000]   Centaur CentaurHauls
Aug  5 04:44:18 guest systemd-resolved[611]: Positive Trust Anchors:
Aug  5 04:44:18 guest kernel: [    0.000000]   zhaoxin   Shanghai  
Aug  5 04:44:18 guest systemd-resolved[611]: . IN DS 20326 8 2 e06d44b80b8f1d39a95c0b0d7c65d08458e880409bbc683457104237c7f8ec8d
Aug  5 04:44:18 guest kernel: [    0.000000] x86/fpu: x87 FPU will use FXSAVE
Aug  5 04:44:18 guest kernel: [    0.000000] BIOS-provided physical RAM map:
Aug  5 04:44:18 guest kernel: [    0.000000] BIOS-e820: [mem 0x0000000000000000-0x000000000009fbff] usable
Aug  5 04:44:18 guest kernel: [    0.000000] BIOS-e820: [mem 0x000000000009fc00-0x000000000009ffff] reserved
Aug  5 04:44:18 guest kernel: [    0.000000] BIOS-e820: [mem 0x00000000000f0000-0x00000000000fffff] reserved
Aug  5 04:44:18 guest kernel: [    0.000000] BIOS-e820: [mem 0x0000000000100000-0x00000000bffdcfff] usable
Aug  5 04:44:18 guest systemd-resolved[611]: Negative trust anchors: 10.in-addr.arpa 16.172.in-addr.arpa 17.172.in-addr.arpa 18.172.in-addr.arpa 19.172.in-addr.arpa 20.172.in-addr.arpa 21.172.in-addr.arpa 22.172.in-addr.arpa 23.172.in-addr.arpa 24.172.in-addr.arpa 25.172.in-addr.arpa 26.172.in-addr.arpa 27.172.in-addr.arpa 28.172.in-addr.arpa 29.172.in-addr.arpa 30.172.in-addr.arpa 31.172.in-addr.arpa 168.192.in-addr.arpa d.f.ip6.arpa corp home internal intranet lan local private test
Aug  5 04:44:18 guest kernel: [    0.000000] BIOS-e820: [mem 0x00000000bffdd000-0x00000000bfffffff] reserved
Aug  5 04:44:18 guest kernel: [    0.000000] BIOS-e820: [mem 0x00000000feffc000-0x00000000feffffff] reserved
Aug  5 04:44:18 guest kernel: [    0.000000] BIOS-e820: [mem 0x00000000fffc0000-0x00000000ffffffff] reserved
Aug  5 04:44:18 guest kernel: [    0.000000] BIOS-e820: [mem 0x0000000100000000-0x000000013fffffff] usable
Aug  5 04:44:18 guest systemd-resolved[611]: Using system hostname 'guest'.
Aug  5 04:44:18 guest kernel: [    0.000000] NX (Execute Disable) protection: active
Aug  5 04:44:18 guest kernel: [    0.000000] SMBIOS 2.8 present.
Aug  5 04:44:18 guest systemd[1]: Started Network Name Resolution.
Aug  5 04:44:18 guest kernel: [    0.000000] DMI: QEMU Standard PC (i440FX + PIIX, 1996), BIOS ArchLinux 1.16.0-1 04/01/2014
Aug  5 04:44:18 guest kernel: [    0.000000] Hypervisor detected: KVM
Aug  5 04:44:18 guest systemd[1]: Reached target Network.
Aug  5 04:44:18 guest kernel: [    0.000000] kvm-clock: Using msrs 4b564d01 and 4b564d00
Aug  5 04:44:18 guest kernel: [    0.000000] kvm-clock: cpu 0, msr 102a01001, primary cpu clock
Aug  5 04:44:18 guest kernel: [    0.000000] kvm-clock: using sched offset of 913268542736 cycles
Aug  5 04:44:18 guest kernel: [    0.000008] clocksource: kvm-clock: mask: 0xffffffffffffffff max_cycles: 0x1cd42e4dffb, max_idle_ns: 881590591483 ns
Aug  5 04:44:18 guest systemd[1]: Reached target Host and Network Name Lookups.
Aug  5 04:44:18 guest systemd-networkd[609]: ens3: Gained IPv6LL
Aug  5 04:44:18 guest kernel: [    0.000012] tsc: Detected 3696.060 MHz processor
Aug  5 04:44:18 guest kernel: [    0.001622] e820: update [mem 0x00000000-0x00000fff] usable ==> reserved
Aug  5 04:44:18 guest systemd-timesyncd[572]: Network configuration changed, trying to establish connection.
Aug  5 04:44:18 guest kernel: [    0.001623] e820: remove [mem 0x000a0000-0x000fffff] usable
Aug  5 04:44:18 guest kernel: [    0.001628] last_pfn = 0x140000 max_arch_pfn = 0x400000000
Aug  5 04:44:18 guest kernel: [    0.001655] MTRR default type: write-back
Aug  5 04:44:18 guest kernel: [    0.001656] MTRR fixed ranges enabled:
Aug  5 04:44:18 guest kernel: [    0.001657]   00000-9FFFF write-back
Aug  5 04:44:18 guest systemd-networkd-wait-online[610]: managing: ens3
Aug  5 04:44:18 guest kernel: [    0.001657]   A0000-BFFFF uncachable
Aug  5 04:44:18 guest kernel: [    0.001658]   C0000-FFFFF write-protect
Aug  5 04:44:18 guest kernel: [    0.001658] MTRR variable ranges enabled:
Aug  5 04:44:18 guest kernel: [    0.001659]   0 base 00C0000000 mask FFC0000000 uncachable
Aug  5 04:44:18 guest kernel: [    0.001659]   1 disabled
Aug  5 04:44:18 guest kernel: [    0.001660]   2 disabled
Aug  5 04:44:18 guest systemd[1]: Finished Wait for Network to be Configured.
Aug  5 04:44:18 guest systemd[1]: Starting Initial cloud-init job (metadata service crawler)...
Aug  5 04:44:18 guest kernel: [    0.001660]   3 disabled
Aug  5 04:44:18 guest kernel: [    0.001660]   4 disabled
Aug  5 04:44:18 guest kernel: [    0.001660]   5 disabled
Aug  5 04:44:18 guest kernel: [    0.001661]   6 disabled
Aug  5 04:44:18 guest kernel: [    0.001661]   7 disabled
Aug  5 04:44:18 guest cloud-init[618]: Cloud-init v. 22.2-0ubuntu1~20.04.3 running 'init' at Fri, 05 Aug 2022 04:44:18 +0000. Up 5.51 seconds.
Aug  5 04:44:18 guest kernel: [    0.001672] x86/PAT: Configuration [0-7]: WB  WC  UC- UC  WB  WP  UC- WT  
Aug  5 04:44:18 guest cloud-init[618]: ci-info: ++++++++++++++++++++++++++++++++++++++Net device info++++++++++++++++++++++++++++++++++++++
Aug  5 04:44:18 guest kernel: [    0.001681] last_pfn = 0xbffdd max_arch_pfn = 0x400000000
Aug  5 04:44:18 guest kernel: [    0.006952] found SMP MP-table at [mem 0x000f5b90-0x000f5b9f]
Aug  5 04:44:18 guest kernel: [    0.007090] check: Scanning 1 areas for low memory corruption
Aug  5 04:44:18 guest kernel: [    0.007308] RAMDISK: [mem 0x2de2f000-0x32f0efff]
Aug  5 04:44:18 guest kernel: [    0.007326] ACPI: Early table checksum verification disabled
Aug  5 04:44:18 guest kernel: [    0.007348] ACPI: RSDP 0x00000000000F59A0 000014 (v00 BOCHS )
Aug  5 04:44:18 guest kernel: [    0.007353] ACPI: RSDT 0x00000000BFFE1AE0 000034 (v01 BOCHS  BXPC     00000001 BXPC 00000001)
Aug  5 04:44:18 guest cloud-init[618]: ci-info: +--------+------+----------------------------+---------------+--------+-------------------+
Aug  5 04:44:18 guest kernel: [    0.007364] ACPI: FACP 0x00000000BFFE196C 000074 (v01 BOCHS  BXPC     00000001 BXPC 00000001)
Aug  5 04:44:18 guest cloud-init[618]: ci-info: | Device |  Up  |          Address           |      Mask     | Scope  |     Hw-Address    |
Aug  5 04:44:18 guest kernel: [    0.007369] ACPI: DSDT 0x00000000BFFE0040 00192C (v01 BOCHS  BXPC     00000001 BXPC 00000001)
Aug  5 04:44:18 guest kernel: [    0.007372] ACPI: FACS 0x00000000BFFE0000 000040
Aug  5 04:44:18 guest kernel: [    0.007374] ACPI: APIC 0x00000000BFFE19E0 0000A0 (v01 BOCHS  BXPC     00000001 BXPC 00000001)
Aug  5 04:44:18 guest kernel: [    0.007376] ACPI: HPET 0x00000000BFFE1A80 000038 (v01 BOCHS  BXPC     00000001 BXPC 00000001)
Aug  5 04:44:18 guest kernel: [    0.007378] ACPI: WAET 0x00000000BFFE1AB8 000028 (v01 BOCHS  BXPC     00000001 BXPC 00000001)
Aug  5 04:44:18 guest cloud-init[618]: ci-info: +--------+------+----------------------------+---------------+--------+-------------------+
Aug  5 04:44:18 guest cloud-init[618]: ci-info: |  ens3  | True |         10.0.2.15          | 255.255.255.0 | global | 52:54:00:12:34:56 |
Aug  5 04:44:18 guest kernel: [    0.007380] ACPI: Reserving FACP table memory at [mem 0xbffe196c-0xbffe19df]
Aug  5 04:44:18 guest kernel: [    0.007381] ACPI: Reserving DSDT table memory at [mem 0xbffe0040-0xbffe196b]
Aug  5 04:44:18 guest kernel: [    0.007382] ACPI: Reserving FACS table memory at [mem 0xbffe0000-0xbffe003f]
Aug  5 04:44:18 guest kernel: [    0.007382] ACPI: Reserving APIC table memory at [mem 0xbffe19e0-0xbffe1a7f]
Aug  5 04:44:18 guest kernel: [    0.007383] ACPI: Reserving HPET table memory at [mem 0xbffe1a80-0xbffe1ab7]
Aug  5 04:44:18 guest cloud-init[618]: ci-info: |  ens3  | True | fe80::5054:ff:fe12:3456/64 |       .       |  link  | 52:54:00:12:34:56 |
Aug  5 04:44:18 guest kernel: [    0.007383] ACPI: Reserving WAET table memory at [mem 0xbffe1ab8-0xbffe1adf]
Aug  5 04:44:18 guest kernel: [    0.007402] ACPI: Local APIC address 0xfee00000
Aug  5 04:44:18 guest cloud-init[618]: ci-info: |   lo   | True |         127.0.0.1          |   255.0.0.0   |  host  |         .         |
Aug  5 04:44:18 guest kernel: [    0.007705] No NUMA configuration found
Aug  5 04:44:18 guest kernel: [    0.007706] Faking a node at [mem 0x0000000000000000-0x000000013fffffff]
Aug  5 04:44:18 guest kernel: [    0.007720] NODE_DATA(0) allocated [mem 0x13ffd5000-0x13fffffff]
Aug  5 04:44:18 guest kernel: [    0.007874] Zone ranges:
Aug  5 04:44:18 guest kernel: [    0.007875]   DMA      [mem 0x0000000000001000-0x0000000000ffffff]
Aug  5 04:44:18 guest kernel: [    0.007876]   DMA32    [mem 0x0000000001000000-0x00000000ffffffff]
Aug  5 04:44:18 guest cloud-init[618]: ci-info: |   lo   | True |          ::1/128           |       .       |  host  |         .         |
Aug  5 04:44:18 guest kernel: [    0.007877]   Normal   [mem 0x0000000100000000-0x000000013fffffff]
Aug  5 04:44:18 guest cloud-init[618]: ci-info: +--------+------+----------------------------+---------------+--------+-------------------+
Aug  5 04:44:18 guest kernel: [    0.007877]   Device   empty
Aug  5 04:44:18 guest kernel: [    0.007878] Movable zone start for each node
Aug  5 04:44:18 guest kernel: [    0.007880] Early memory node ranges
Aug  5 04:44:18 guest kernel: [    0.007880]   node   0: [mem 0x0000000000001000-0x000000000009efff]
Aug  5 04:44:18 guest kernel: [    0.007882]   node   0: [mem 0x0000000000100000-0x00000000bffdcfff]
Aug  5 04:44:18 guest cloud-init[618]: ci-info: ++++++++++++++++++++++++++++Route IPv4 info+++++++++++++++++++++++++++++
Aug  5 04:44:18 guest kernel: [    0.007883]   node   0: [mem 0x0000000100000000-0x000000013fffffff]
Aug  5 04:44:18 guest cloud-init[618]: ci-info: +-------+-------------+----------+-----------------+-----------+-------+
Aug  5 04:44:18 guest kernel: [    0.007888] Zeroed struct page in unavailable ranges: 133 pages
Aug  5 04:44:18 guest kernel: [    0.007888] Initmem setup node 0 [mem 0x0000000000001000-0x000000013fffffff]
Aug  5 04:44:18 guest kernel: [    0.007889] On node 0 totalpages: 1048443
Aug  5 04:44:18 guest kernel: [    0.007893]   DMA zone: 64 pages used for memmap
Aug  5 04:44:18 guest cloud-init[618]: ci-info: | Route | Destination | Gateway  |     Genmask     | Interface | Flags |
Aug  5 04:44:18 guest kernel: [    0.007893]   DMA zone: 21 pages reserved
Aug  5 04:44:18 guest kernel: [    0.007894]   DMA zone: 3998 pages, LIFO batch:0
Aug  5 04:44:18 guest cloud-init[618]: ci-info: +-------+-------------+----------+-----------------+-----------+-------+
Aug  5 04:44:18 guest kernel: [    0.007931]   DMA32 zone: 12224 pages used for memmap
Aug  5 04:44:18 guest kernel: [    0.007932]   DMA32 zone: 782301 pages, LIFO batch:63
Aug  5 04:44:18 guest kernel: [    0.015069]   Normal zone: 4096 pages used for memmap
Aug  5 04:44:18 guest kernel: [    0.015071]   Normal zone: 262144 pages, LIFO batch:63
Aug  5 04:44:18 guest kernel: [    0.017268] ACPI: PM-Timer IO Port: 0x608
Aug  5 04:44:18 guest kernel: [    0.017271] ACPI: Local APIC address 0xfee00000
Aug  5 04:44:18 guest cloud-init[618]: ci-info: |   0   |   0.0.0.0   | 10.0.2.2 |     0.0.0.0     |    ens3   |   UG  |
Aug  5 04:44:18 guest kernel: [    0.017287] ACPI: LAPIC_NMI (acpi_id[0xff] dfl dfl lint[0x1])
Aug  5 04:44:18 guest cloud-init[618]: ci-info: |   1   |   10.0.2.0  | 0.0.0.0  |  255.255.255.0  |    ens3   |   U   |
Aug  5 04:44:18 guest kernel: [    0.017314] IOAPIC[0]: apic_id 0, version 17, address 0xfec00000, GSI 0-23
Aug  5 04:44:18 guest kernel: [    0.017317] ACPI: INT_SRC_OVR (bus 0 bus_irq 0 global_irq 2 dfl dfl)
Aug  5 04:44:18 guest kernel: [    0.017320] ACPI: INT_SRC_OVR (bus 0 bus_irq 5 global_irq 5 high level)
Aug  5 04:44:18 guest cloud-init[618]: ci-info: |   2   |   10.0.2.2  | 0.0.0.0  | 255.255.255.255 |    ens3   |   UH  |
Aug  5 04:44:18 guest kernel: [    0.017320] ACPI: INT_SRC_OVR (bus 0 bus_irq 9 global_irq 9 high level)
Aug  5 04:44:18 guest kernel: [    0.017322] ACPI: INT_SRC_OVR (bus 0 bus_irq 10 global_irq 10 high level)
Aug  5 04:44:18 guest kernel: [    0.017323] ACPI: INT_SRC_OVR (bus 0 bus_irq 11 global_irq 11 high level)
Aug  5 04:44:18 guest cloud-init[618]: ci-info: +-------+-------------+----------+-----------------+-----------+-------+
Aug  5 04:44:18 guest cloud-init[618]: ci-info: +++++++++++++++++++Route IPv6 info+++++++++++++++++++
Aug  5 04:44:18 guest kernel: [    0.017324] ACPI: IRQ0 used by override.
Aug  5 04:44:18 guest kernel: [    0.017325] ACPI: IRQ5 used by override.
Aug  5 04:44:18 guest kernel: [    0.017325] ACPI: IRQ9 used by override.
Aug  5 04:44:18 guest kernel: [    0.017325] ACPI: IRQ10 used by override.
Aug  5 04:44:18 guest kernel: [    0.017325] ACPI: IRQ11 used by override.
Aug  5 04:44:18 guest kernel: [    0.017327] Using ACPI (MADT) for SMP configuration information
Aug  5 04:44:18 guest cloud-init[618]: ci-info: +-------+-------------+---------+-----------+-------+
Aug  5 04:44:18 guest cloud-init[618]: ci-info: | Route | Destination | Gateway | Interface | Flags |
Aug  5 04:44:18 guest kernel: [    0.017328] ACPI: HPET id: 0x8086a201 base: 0xfed00000
Aug  5 04:44:18 guest kernel: [    0.017341] smpboot: Allowing 6 CPUs, 0 hotplug CPUs
Aug  5 04:44:18 guest kernel: [    0.017374] PM: Registered nosave memory: [mem 0x00000000-0x00000fff]
Aug  5 04:44:18 guest cloud-init[618]: ci-info: +-------+-------------+---------+-----------+-------+
Aug  5 04:44:18 guest kernel: [    0.017375] PM: Registered nosave memory: [mem 0x0009f000-0x0009ffff]
Aug  5 04:44:18 guest kernel: [    0.017376] PM: Registered nosave memory: [mem 0x000a0000-0x000effff]
Aug  5 04:44:18 guest kernel: [    0.017377] PM: Registered nosave memory: [mem 0x000f0000-0x000fffff]
Aug  5 04:44:18 guest cloud-init[618]: ci-info: |   1   |  fe80::/64  |    ::   |    ens3   |   U   |
Aug  5 04:44:18 guest cloud-init[618]: ci-info: |   3   |    local    |    ::   |    ens3   |   U   |
Aug  5 04:44:18 guest kernel: [    0.017377] PM: Registered nosave memory: [mem 0xbffdd000-0xbfffffff]
Aug  5 04:44:18 guest kernel: [    0.017378] PM: Registered nosave memory: [mem 0xc0000000-0xfeffbfff]
Aug  5 04:44:18 guest kernel: [    0.017378] PM: Registered nosave memory: [mem 0xfeffc000-0xfeffffff]
Aug  5 04:44:18 guest kernel: [    0.017379] PM: Registered nosave memory: [mem 0xff000000-0xfffbffff]
Aug  5 04:44:18 guest cloud-init[618]: ci-info: |   4   |  multicast  |    ::   |    ens3   |   U   |
Aug  5 04:44:18 guest kernel: [    0.017379] PM: Registered nosave memory: [mem 0xfffc0000-0xffffffff]
Aug  5 04:44:18 guest kernel: [    0.017381] [mem 0xc0000000-0xfeffbfff] available for PCI devices
Aug  5 04:44:18 guest kernel: [    0.017381] Booting paravirtualized kernel on KVM
Aug  5 04:44:18 guest cloud-init[618]: ci-info: +-------+-------------+---------+-----------+-------+
Aug  5 04:44:18 guest kernel: [    0.017389] clocksource: refined-jiffies: mask: 0xffffffff max_cycles: 0xffffffff, max_idle_ns: 7645519600211568 ns
Aug  5 04:44:18 guest kernel: [    0.017396] setup_percpu: NR_CPUS:8192 nr_cpumask_bits:6 nr_cpu_ids:6 nr_node_ids:1
Aug  5 04:44:18 guest kernel: [    0.017553] percpu: Embedded 60 pages/cpu s208896 r8192 d28672 u262144
Aug  5 04:44:18 guest kernel: [    0.017557] pcpu-alloc: s208896 r8192 d28672 u262144 alloc=1*2097152
Aug  5 04:44:18 guest kernel: [    0.017558] pcpu-alloc: [0] 0 1 2 3 4 5 - - 
Aug  5 04:44:18 guest kernel: [    0.017581] setup async PF for cpu 0
Aug  5 04:44:18 guest kernel: [    0.017584] kvm-stealtime: cpu 0, msr 13ba32040
Aug  5 04:44:18 guest kernel: [    0.017591] Built 1 zonelists, mobility grouping on.  Total pages: 1032038
Aug  5 04:44:18 guest kernel: [    0.017592] Policy zone: Normal
Aug  5 04:44:18 guest kernel: [    0.017594] Kernel command line: BOOT_IMAGE=/boot/vmlinuz-5.4.0-122-generic root=UUID=176ccbe8-961e-4b77-bbd0-40bee15e7fa5 ro
Aug  5 04:44:18 guest kernel: [    0.017742] Dentry cache hash table entries: 524288 (order: 10, 4194304 bytes, linear)
Aug  5 04:44:18 guest kernel: [    0.017809] Inode-cache hash table entries: 262144 (order: 9, 2097152 bytes, linear)
Aug  5 04:44:18 guest kernel: [    0.017897] mem auto-init: stack:off, heap alloc:on, heap free:off
Aug  5 04:44:18 guest kernel: [    0.021307] Calgary: detecting Calgary via BIOS EBDA area
Aug  5 04:44:18 guest kernel: [    0.021316] Calgary: Unable to locate Rio Grande table in EBDA - bailing!
Aug  5 04:44:18 guest kernel: [    0.028009] Memory: 3934692K/4193772K available (14339K kernel code, 2400K rwdata, 9496K rodata, 2756K init, 4944K bss, 259080K reserved, 0K cma-reserved)
Aug  5 04:44:18 guest kernel: [    0.028024] random: get_random_u64 called from kmem_cache_open+0x2d/0x410 with crng_init=0
Aug  5 04:44:18 guest kernel: [    0.028114] SLUB: HWalign=64, Order=0-3, MinObjects=0, CPUs=6, Nodes=1
Aug  5 04:44:18 guest kernel: [    0.028127] Kernel/User page tables isolation: enabled
Aug  5 04:44:18 guest kernel: [    0.028145] ftrace: allocating 44652 entries in 175 pages
Aug  5 04:44:18 guest kernel: [    0.041377] rcu: Hierarchical RCU implementation.
Aug  5 04:44:18 guest kernel: [    0.041379] rcu: 	RCU restricting CPUs from NR_CPUS=8192 to nr_cpu_ids=6.
Aug  5 04:44:18 guest kernel: [    0.041380] 	Tasks RCU enabled.
Aug  5 04:44:18 guest kernel: [    0.041380] rcu: RCU calculated value of scheduler-enlistment delay is 25 jiffies.
Aug  5 04:44:18 guest kernel: [    0.041381] rcu: Adjusting geometry for rcu_fanout_leaf=16, nr_cpu_ids=6
Aug  5 04:44:18 guest kernel: [    0.043053] NR_IRQS: 524544, nr_irqs: 472, preallocated irqs: 16
Aug  5 04:44:18 guest kernel: [    0.043218] Console: colour dummy device 80x25
Aug  5 04:44:18 guest kernel: [    0.043303] printk: console [tty0] enabled
Aug  5 04:44:18 guest kernel: [    0.043314] ACPI: Core revision 20190816
Aug  5 04:44:18 guest kernel: [    0.043402] clocksource: hpet: mask: 0xffffffff max_cycles: 0xffffffff, max_idle_ns: 19112604467 ns
Aug  5 04:44:18 guest kernel: [    0.043451] APIC: Switch to symmetric I/O mode setup
Aug  5 04:44:18 guest kernel: [    0.043559] x2apic enabled
Aug  5 04:44:18 guest kernel: [    0.043682] Switched APIC routing to physical x2apic.
Aug  5 04:44:18 guest kernel: [    0.044244] ..TIMER: vector=0x30 apic1=0 pin1=2 apic2=-1 pin2=-1
Aug  5 04:44:18 guest kernel: [    0.044260] clocksource: tsc-early: mask: 0xffffffffffffffff max_cycles: 0x6a8d99b4e77, max_idle_ns: 881591096268 ns
Aug  5 04:44:18 guest kernel: [    0.044265] Calibrating delay loop (skipped) preset value.. 7392.12 BogoMIPS (lpj=14784240)
Aug  5 04:44:18 guest kernel: [    0.044267] pid_max: default: 32768 minimum: 301
Aug  5 04:44:18 guest kernel: [    0.044288] LSM: Security Framework initializing
Aug  5 04:44:18 guest kernel: [    0.044299] Yama: becoming mindful.
Aug  5 04:44:18 guest kernel: [    0.044320] AppArmor: AppArmor initialized
Aug  5 04:44:18 guest kernel: [    0.044343] Mount-cache hash table entries: 8192 (order: 4, 65536 bytes, linear)
Aug  5 04:44:18 guest kernel: [    0.044349] Mountpoint-cache hash table entries: 8192 (order: 4, 65536 bytes, linear)
Aug  5 04:44:18 guest kernel: [    0.044360] *** VALIDATE tmpfs ***
Aug  5 04:44:18 guest kernel: [    0.044449] *** VALIDATE proc ***
Aug  5 04:44:18 guest kernel: [    0.044482] *** VALIDATE cgroup1 ***
Aug  5 04:44:18 guest kernel: [    0.044484] *** VALIDATE cgroup2 ***
Aug  5 04:44:18 guest kernel: [    0.044567] Last level iTLB entries: 4KB 0, 2MB 0, 4MB 0
Aug  5 04:44:18 guest kernel: [    0.044569] Last level dTLB entries: 4KB 0, 2MB 0, 4MB 0, 1GB 0
Aug  5 04:44:18 guest kernel: [    0.044572] Spectre V1 : Mitigation: usercopy/swapgs barriers and __user pointer sanitization
Aug  5 04:44:18 guest kernel: [    0.044574] Spectre V2 : Mitigation: Retpolines
Aug  5 04:44:18 guest kernel: [    0.044575] Spectre V2 : Spectre v2 / SpectreRSB mitigation: Filling RSB on context switch
Aug  5 04:44:18 guest kernel: [    0.044576] Speculative Store Bypass: Vulnerable
Aug  5 04:44:18 guest kernel: [    0.044579] MDS: Vulnerable: Clear CPU buffers attempted, no microcode
Aug  5 04:44:18 guest kernel: [    0.044661] Freeing SMP alternatives memory: 40K
Aug  5 04:44:18 guest kernel: [    0.154643] smpboot: CPU0: Intel QEMU Virtual CPU version 2.5+ (family: 0xf, model: 0x6b, stepping: 0x1)
Aug  5 04:44:18 guest kernel: [    0.154742] Performance Events: unsupported Netburst CPU model 107 no PMU driver, software events only.
Aug  5 04:44:18 guest kernel: [    0.154789] rcu: Hierarchical SRCU implementation.
Aug  5 04:44:18 guest kernel: [    0.155206] NMI watchdog: Perf NMI watchdog permanently disabled
Aug  5 04:44:18 guest kernel: [    0.155259] smp: Bringing up secondary CPUs ...
Aug  5 04:44:18 guest kernel: [    0.155321] x86: Booting SMP configuration:
Aug  5 04:44:18 guest kernel: [    0.155323] .... node  #0, CPUs:      #1
Aug  5 04:44:18 guest kernel: [    0.005083] kvm-clock: cpu 1, msr 102a01041, secondary cpu clock
Aug  5 04:44:18 guest kernel: [    0.164286] setup async PF for cpu 1
Aug  5 04:44:18 guest kernel: [    0.164296] kvm-stealtime: cpu 1, msr 13ba72040
Aug  5 04:44:18 guest kernel: [    0.164356]  #2
Aug  5 04:44:18 guest kernel: [    0.005083] kvm-clock: cpu 2, msr 102a01081, secondary cpu clock
Aug  5 04:44:18 guest kernel: [    0.179289] setup async PF for cpu 2
Aug  5 04:44:18 guest kernel: [    0.179289] kvm-stealtime: cpu 2, msr 13bab2040
Aug  5 04:44:18 guest kernel: [    0.179289]  #3
Aug  5 04:44:18 guest kernel: [    0.005083] kvm-clock: cpu 3, msr 102a010c1, secondary cpu clock
Aug  5 04:44:18 guest kernel: [    0.192293] setup async PF for cpu 3
Aug  5 04:44:18 guest kernel: [    0.192302] kvm-stealtime: cpu 3, msr 13baf2040
Aug  5 04:44:18 guest kernel: [    0.192350]  #4
Aug  5 04:44:18 guest kernel: [    0.005083] kvm-clock: cpu 4, msr 102a01101, secondary cpu clock
Aug  5 04:44:18 guest kernel: [    0.204278] setup async PF for cpu 4
Aug  5 04:44:18 guest kernel: [    0.204285] kvm-stealtime: cpu 4, msr 13bb32040
Aug  5 04:44:18 guest kernel: [    0.204358]  #5
Aug  5 04:44:18 guest kernel: [    0.005083] kvm-clock: cpu 5, msr 102a01141, secondary cpu clock
Aug  5 04:44:18 guest kernel: [    0.219002] setup async PF for cpu 5
Aug  5 04:44:18 guest kernel: [    0.219002] kvm-stealtime: cpu 5, msr 13bb72040
Aug  5 04:44:18 guest kernel: [    0.219002] smp: Brought up 1 node, 6 CPUs
Aug  5 04:44:18 guest kernel: [    0.219002] smpboot: Max logical packages: 1
Aug  5 04:44:18 guest kernel: [    0.219002] smpboot: Total of 6 processors activated (44352.72 BogoMIPS)
Aug  5 04:44:18 guest kernel: [    0.219002] devtmpfs: initialized
Aug  5 04:44:18 guest kernel: [    0.219002] x86/mm: Memory block size: 128MB
Aug  5 04:44:18 guest kernel: [    0.219002] clocksource: jiffies: mask: 0xffffffff max_cycles: 0xffffffff, max_idle_ns: 7645041785100000 ns
Aug  5 04:44:18 guest kernel: [    0.219002] futex hash table entries: 2048 (order: 5, 131072 bytes, linear)
Aug  5 04:44:18 guest kernel: [    0.219002] pinctrl core: initialized pinctrl subsystem
Aug  5 04:44:18 guest kernel: [    0.219002] PM: RTC time: 04:44:12, date: 2022-08-05
Aug  5 04:44:18 guest kernel: [    0.220301] NET: Registered protocol family 16
Aug  5 04:44:18 guest kernel: [    0.220343] audit: initializing netlink subsys (disabled)
Aug  5 04:44:18 guest kernel: [    0.220350] audit: type=2000 audit(1659674269.323:1): state=initialized audit_enabled=0 res=1
Aug  5 04:44:18 guest kernel: [    0.220350] EISA bus registered
Aug  5 04:44:18 guest kernel: [    0.220350] cpuidle: using governor ladder
Aug  5 04:44:18 guest kernel: [    0.220350] cpuidle: using governor menu
Aug  5 04:44:18 guest kernel: [    0.220418] ACPI: bus type PCI registered
Aug  5 04:44:18 guest kernel: [    0.220420] acpiphp: ACPI Hot Plug PCI Controller Driver version: 0.5
Aug  5 04:44:18 guest kernel: [    0.220488] PCI: Using configuration type 1 for base access
Aug  5 04:44:18 guest kernel: [    0.221416] HugeTLB registered 2.00 MiB page size, pre-allocated 0 pages
Aug  5 04:44:18 guest kernel: [    0.221416] fbcon: Taking over console
Aug  5 04:44:18 guest kernel: [    0.221416] ACPI: Added _OSI(Module Device)
Aug  5 04:44:18 guest kernel: [    0.221416] ACPI: Added _OSI(Processor Device)
Aug  5 04:44:18 guest kernel: [    0.221416] ACPI: Added _OSI(3.0 _SCP Extensions)
Aug  5 04:44:18 guest kernel: [    0.221416] ACPI: Added _OSI(Processor Aggregator Device)
Aug  5 04:44:18 guest kernel: [    0.221416] ACPI: Added _OSI(Linux-Dell-Video)
Aug  5 04:44:18 guest kernel: [    0.221416] ACPI: Added _OSI(Linux-Lenovo-NV-HDMI-Audio)
Aug  5 04:44:18 guest kernel: [    0.221416] ACPI: Added _OSI(Linux-HPI-Hybrid-Graphics)
Aug  5 04:44:18 guest kernel: [    0.221416] ACPI: 1 ACPI AML tables successfully acquired and loaded
Aug  5 04:44:18 guest kernel: [    0.221416] ACPI: Interpreter enabled
Aug  5 04:44:18 guest kernel: [    0.221416] ACPI: (supports S0 S3 S4 S5)
Aug  5 04:44:18 guest kernel: [    0.221416] ACPI: Using IOAPIC for interrupt routing
Aug  5 04:44:18 guest kernel: [    0.221416] PCI: Using host bridge windows from ACPI; if necessary, use "pci=nocrs" and report a bug
Aug  5 04:44:18 guest kernel: [    0.221416] ACPI: Enabled 2 GPEs in block 00 to 0F
Aug  5 04:44:18 guest kernel: [    0.224265] ACPI: PCI Root Bridge [PCI0] (domain 0000 [bus 00-ff])
Aug  5 04:44:18 guest kernel: [    0.224265] acpi PNP0A03:00: _OSC: OS supports [ASPM ClockPM Segments MSI HPX-Type3]
Aug  5 04:44:18 guest kernel: [    0.224265] acpi PNP0A03:00: fail to add MMCONFIG information, can't access extended PCI configuration space under this bridge.
Aug  5 04:44:18 guest kernel: [    0.224265] acpiphp: Slot [3] registered
Aug  5 04:44:18 guest kernel: [    0.224265] acpiphp: Slot [4] registered
Aug  5 04:44:18 guest kernel: [    0.224265] acpiphp: Slot [5] registered
Aug  5 04:44:18 guest kernel: [    0.224265] acpiphp: Slot [6] registered
Aug  5 04:44:18 guest kernel: [    0.224265] acpiphp: Slot [7] registered
Aug  5 04:44:18 guest kernel: [    0.224265] acpiphp: Slot [8] registered
Aug  5 04:44:18 guest kernel: [    0.224265] acpiphp: Slot [9] registered
Aug  5 04:44:18 guest kernel: [    0.224265] acpiphp: Slot [10] registered
Aug  5 04:44:18 guest kernel: [    0.224265] acpiphp: Slot [11] registered
Aug  5 04:44:18 guest kernel: [    0.224265] acpiphp: Slot [12] registered
Aug  5 04:44:18 guest kernel: [    0.224265] acpiphp: Slot [13] registered
Aug  5 04:44:18 guest kernel: [    0.224265] acpiphp: Slot [14] registered
Aug  5 04:44:18 guest kernel: [    0.224265] acpiphp: Slot [15] registered
Aug  5 04:44:18 guest kernel: [    0.224265] acpiphp: Slot [16] registered
Aug  5 04:44:18 guest kernel: [    0.224270] acpiphp: Slot [17] registered
Aug  5 04:44:18 guest kernel: [    0.224282] acpiphp: Slot [18] registered
Aug  5 04:44:18 guest kernel: [    0.224294] acpiphp: Slot [19] registered
Aug  5 04:44:18 guest kernel: [    0.224305] acpiphp: Slot [20] registered
Aug  5 04:44:18 guest kernel: [    0.224318] acpiphp: Slot [21] registered
Aug  5 04:44:18 guest kernel: [    0.224328] acpiphp: Slot [22] registered
Aug  5 04:44:18 guest kernel: [    0.224340] acpiphp: Slot [23] registered
Aug  5 04:44:18 guest kernel: [    0.224352] acpiphp: Slot [24] registered
Aug  5 04:44:18 guest kernel: [    0.224364] acpiphp: Slot [25] registered
Aug  5 04:44:18 guest kernel: [    0.224374] acpiphp: Slot [26] registered
Aug  5 04:44:18 guest kernel: [    0.224386] acpiphp: Slot [27] registered
Aug  5 04:44:18 guest kernel: [    0.224396] acpiphp: Slot [28] registered
Aug  5 04:44:18 guest kernel: [    0.224408] acpiphp: Slot [29] registered
Aug  5 04:44:18 guest kernel: [    0.224419] acpiphp: Slot [30] registered
Aug  5 04:44:18 guest kernel: [    0.224432] acpiphp: Slot [31] registered
Aug  5 04:44:18 guest kernel: [    0.224440] PCI host bridge to bus 0000:00
Aug  5 04:44:18 guest kernel: [    0.224442] pci_bus 0000:00: root bus resource [io  0x0000-0x0cf7 window]
Aug  5 04:44:18 guest kernel: [    0.224444] pci_bus 0000:00: root bus resource [io  0x0d00-0xffff window]
Aug  5 04:44:18 guest kernel: [    0.224446] pci_bus 0000:00: root bus resource [mem 0x000a0000-0x000bffff window]
Aug  5 04:44:18 guest kernel: [    0.224448] pci_bus 0000:00: root bus resource [mem 0xc0000000-0xfebfffff window]
Aug  5 04:44:18 guest kernel: [    0.224450] pci_bus 0000:00: root bus resource [mem 0x140000000-0x1bfffffff window]
Aug  5 04:44:18 guest kernel: [    0.224452] pci_bus 0000:00: root bus resource [bus 00-ff]
Aug  5 04:44:18 guest kernel: [    0.224475] pci 0000:00:00.0: [8086:1237] type 00 class 0x060000
Aug  5 04:44:18 guest kernel: [    0.224906] pci 0000:00:01.0: [8086:7000] type 00 class 0x060100
Aug  5 04:44:18 guest kernel: [    0.225219] pci 0000:00:01.1: [8086:7010] type 00 class 0x010180
Aug  5 04:44:18 guest kernel: [    0.226600] pci 0000:00:01.1: reg 0x20: [io  0xc0a0-0xc0af]
Aug  5 04:44:18 guest kernel: [    0.227155] pci 0000:00:01.1: legacy IDE quirk: reg 0x10: [io  0x01f0-0x01f7]
Aug  5 04:44:18 guest kernel: [    0.227157] pci 0000:00:01.1: legacy IDE quirk: reg 0x14: [io  0x03f6]
Aug  5 04:44:18 guest kernel: [    0.227158] pci 0000:00:01.1: legacy IDE quirk: reg 0x18: [io  0x0170-0x0177]
Aug  5 04:44:18 guest kernel: [    0.227160] pci 0000:00:01.1: legacy IDE quirk: reg 0x1c: [io  0x0376]
Aug  5 04:44:18 guest kernel: [    0.227265] pci 0000:00:01.3: [8086:7113] type 00 class 0x068000
Aug  5 04:44:18 guest kernel: [    0.227483] pci 0000:00:01.3: quirk: [io  0x0600-0x063f] claimed by PIIX4 ACPI
Aug  5 04:44:18 guest kernel: [    0.227489] pci 0000:00:01.3: quirk: [io  0x0700-0x070f] claimed by PIIX4 SMB
Aug  5 04:44:18 guest kernel: [    0.227728] pci 0000:00:02.0: [1234:1111] type 00 class 0x030000
Aug  5 04:44:18 guest kernel: [    0.232307] pci 0000:00:02.0: reg 0x10: [mem 0xfd000000-0xfdffffff pref]
Aug  5 04:44:18 guest kernel: [    0.240305] pci 0000:00:02.0: reg 0x18: [mem 0xfebd0000-0xfebd0fff]
Aug  5 04:44:18 guest kernel: [    0.260265] pci 0000:00:02.0: reg 0x30: [mem 0xfebc0000-0xfebcffff pref]
Aug  5 04:44:18 guest kernel: [    0.260331] pci 0000:00:02.0: BAR 0: assigned to efifb
Aug  5 04:44:18 guest kernel: [    0.260938] pci 0000:00:03.0: [1af4:1000] type 00 class 0x020000
Aug  5 04:44:18 guest kernel: [    0.261684] pci 0000:00:03.0: reg 0x10: [io  0xc080-0xc09f]
Aug  5 04:44:18 guest kernel: [    0.262377] pci 0000:00:03.0: reg 0x14: [mem 0xfebd1000-0xfebd1fff]
Aug  5 04:44:18 guest kernel: [    0.264623] pci 0000:00:03.0: reg 0x20: [mem 0xfe000000-0xfe003fff 64bit pref]
Aug  5 04:44:18 guest kernel: [    0.265295] pci 0000:00:03.0: reg 0x30: [mem 0xfeb80000-0xfebbffff pref]
Aug  5 04:44:18 guest kernel: [    0.265867] pci 0000:00:04.0: [1af4:1001] type 00 class 0x010000
Aug  5 04:44:18 guest kernel: [    0.296269] pci 0000:00:04.0: reg 0x10: [io  0xc000-0xc07f]
Aug  5 04:44:18 guest kernel: [    0.320270] pci 0000:00:04.0: reg 0x14: [mem 0xfebd2000-0xfebd2fff]
Aug  5 04:44:18 guest kernel: [    0.400270] pci 0000:00:04.0: reg 0x20: [mem 0xfe004000-0xfe007fff 64bit pref]
Aug  5 04:44:18 guest kernel: [    0.423613] ACPI: PCI Interrupt Link [LNKA] (IRQs 5 *10 11)
Aug  5 04:44:18 guest kernel: [    0.423686] ACPI: PCI Interrupt Link [LNKB] (IRQs 5 *10 11)
Aug  5 04:44:18 guest kernel: [    0.423746] ACPI: PCI Interrupt Link [LNKC] (IRQs 5 10 *11)
Aug  5 04:44:18 guest kernel: [    0.423806] ACPI: PCI Interrupt Link [LNKD] (IRQs 5 10 *11)
Aug  5 04:44:18 guest kernel: [    0.423839] ACPI: PCI Interrupt Link [LNKS] (IRQs *9)
Aug  5 04:44:18 guest kernel: [    0.424283] iommu: Default domain type: Translated 
Aug  5 04:44:18 guest kernel: [    0.424491] SCSI subsystem initialized
Aug  5 04:44:18 guest kernel: [    0.424503] libata version 3.00 loaded.
Aug  5 04:44:18 guest kernel: [    0.424503] pci 0000:00:02.0: vgaarb: setting as boot VGA device
Aug  5 04:44:18 guest kernel: [    0.424503] pci 0000:00:02.0: vgaarb: VGA device added: decodes=io+mem,owns=io+mem,locks=none
Aug  5 04:44:18 guest kernel: [    0.424503] pci 0000:00:02.0: vgaarb: bridge control possible
Aug  5 04:44:18 guest kernel: [    0.424503] vgaarb: loaded
Aug  5 04:44:18 guest kernel: [    0.424503] ACPI: bus type USB registered
Aug  5 04:44:18 guest kernel: [    0.424503] usbcore: registered new interface driver usbfs
Aug  5 04:44:18 guest kernel: [    0.424503] usbcore: registered new interface driver hub
Aug  5 04:44:18 guest kernel: [    0.424503] usbcore: registered new device driver usb
Aug  5 04:44:18 guest kernel: [    0.424503] pps_core: LinuxPPS API ver. 1 registered
Aug  5 04:44:18 guest kernel: [    0.424503] pps_core: Software ver. 5.3.6 - Copyright 2005-2007 Rodolfo Giometti <giometti@linux.it>
Aug  5 04:44:18 guest kernel: [    0.424503] PTP clock support registered
Aug  5 04:44:18 guest kernel: [    0.424503] EDAC MC: Ver: 3.0.0
Aug  5 04:44:18 guest kernel: [    0.424503] PCI: Using ACPI for IRQ routing
Aug  5 04:44:18 guest kernel: [    0.424503] PCI: pci_cache_line_size set to 64 bytes
Aug  5 04:44:18 guest kernel: [    0.424503] e820: reserve RAM buffer [mem 0x0009fc00-0x0009ffff]
Aug  5 04:44:18 guest kernel: [    0.424503] e820: reserve RAM buffer [mem 0xbffdd000-0xbfffffff]
Aug  5 04:44:18 guest kernel: [    0.424549] NetLabel: Initializing
Aug  5 04:44:18 guest kernel: [    0.424552] NetLabel:  domain hash size = 128
Aug  5 04:44:18 guest kernel: [    0.424553] NetLabel:  protocols = UNLABELED CIPSOv4 CALIPSO
Aug  5 04:44:18 guest kernel: [    0.424571] NetLabel:  unlabeled traffic allowed by default
Aug  5 04:44:18 guest kernel: [    0.425292] hpet: 3 channels of 0 reserved for per-cpu timers
Aug  5 04:44:18 guest kernel: [    0.425310] hpet0: at MMIO 0xfed00000, IRQs 2, 8, 0
Aug  5 04:44:18 guest kernel: [    0.425313] hpet0: 3 comparators, 64-bit 100.000000 MHz counter
Aug  5 04:44:18 guest kernel: [    0.431395] clocksource: Switched to clocksource kvm-clock
Aug  5 04:44:18 guest kernel: [    0.435473] *** VALIDATE bpf ***
Aug  5 04:44:18 guest kernel: [    0.435537] VFS: Disk quotas dquot_6.6.0
Aug  5 04:44:18 guest kernel: [    0.435553] VFS: Dquot-cache hash table entries: 512 (order 0, 4096 bytes)
Aug  5 04:44:18 guest kernel: [    0.435580] *** VALIDATE ramfs ***
Aug  5 04:44:18 guest kernel: [    0.435584] *** VALIDATE hugetlbfs ***
Aug  5 04:44:18 guest kernel: [    0.435668] AppArmor: AppArmor Filesystem Enabled
Aug  5 04:44:18 guest kernel: [    0.435691] pnp: PnP ACPI init
Aug  5 04:44:18 guest kernel: [    0.435757] pnp 00:00: Plug and Play ACPI device, IDs PNP0303 (active)
Aug  5 04:44:18 guest kernel: [    0.435777] pnp 00:01: Plug and Play ACPI device, IDs PNP0f13 (active)
Aug  5 04:44:18 guest kernel: [    0.435785] pnp 00:02: [dma 2]
Aug  5 04:44:18 guest kernel: [    0.435796] pnp 00:02: Plug and Play ACPI device, IDs PNP0700 (active)
Aug  5 04:44:18 guest kernel: [    0.435816] pnp 00:03: Plug and Play ACPI device, IDs PNP0400 (active)
Aug  5 04:44:18 guest kernel: [    0.435834] pnp 00:04: Plug and Play ACPI device, IDs PNP0501 (active)
Aug  5 04:44:18 guest kernel: [    0.435848] pnp 00:05: Plug and Play ACPI device, IDs PNP0b00 (active)
Aug  5 04:44:18 guest kernel: [    0.436084] pnp: PnP ACPI: found 6 devices
Aug  5 04:44:18 guest kernel: [    0.437492] thermal_sys: Registered thermal governor 'fair_share'
Aug  5 04:44:18 guest kernel: [    0.437493] thermal_sys: Registered thermal governor 'bang_bang'
Aug  5 04:44:18 guest kernel: [    0.437495] thermal_sys: Registered thermal governor 'step_wise'
Aug  5 04:44:18 guest kernel: [    0.437496] thermal_sys: Registered thermal governor 'user_space'
Aug  5 04:44:18 guest kernel: [    0.437497] thermal_sys: Registered thermal governor 'power_allocator'
Aug  5 04:44:18 guest kernel: [    0.442023] clocksource: acpi_pm: mask: 0xffffff max_cycles: 0xffffff, max_idle_ns: 2085701024 ns
Aug  5 04:44:18 guest kernel: [    0.442070] pci_bus 0000:00: resource 4 [io  0x0000-0x0cf7 window]
Aug  5 04:44:18 guest kernel: [    0.442072] pci_bus 0000:00: resource 5 [io  0x0d00-0xffff window]
Aug  5 04:44:18 guest kernel: [    0.442073] pci_bus 0000:00: resource 6 [mem 0x000a0000-0x000bffff window]
Aug  5 04:44:18 guest kernel: [    0.442075] pci_bus 0000:00: resource 7 [mem 0xc0000000-0xfebfffff window]
Aug  5 04:44:18 guest kernel: [    0.442076] pci_bus 0000:00: resource 8 [mem 0x140000000-0x1bfffffff window]
Aug  5 04:44:18 guest kernel: [    0.442129] NET: Registered protocol family 2
Aug  5 04:44:18 guest kernel: [    0.442191] IP idents hash table entries: 65536 (order: 7, 524288 bytes, linear)
Aug  5 04:44:18 guest kernel: [    0.442545] tcp_listen_portaddr_hash hash table entries: 2048 (order: 3, 32768 bytes, linear)
Aug  5 04:44:18 guest kernel: [    0.442567] TCP established hash table entries: 32768 (order: 6, 262144 bytes, linear)
Aug  5 04:44:18 guest kernel: [    0.442621] TCP bind hash table entries: 32768 (order: 7, 524288 bytes, linear)
Aug  5 04:44:18 guest kernel: [    0.442651] TCP: Hash tables configured (established 32768 bind 32768)
Aug  5 04:44:18 guest kernel: [    0.442681] UDP hash table entries: 2048 (order: 4, 65536 bytes, linear)
Aug  5 04:44:18 guest kernel: [    0.442694] UDP-Lite hash table entries: 2048 (order: 4, 65536 bytes, linear)
Aug  5 04:44:18 guest kernel: [    0.442728] NET: Registered protocol family 1
Aug  5 04:44:18 guest cloud-init[618]: Generating public/private rsa key pair.
Aug  5 04:44:18 guest cloud-init[618]: Your identification has been saved in /etc/ssh/ssh_host_rsa_key
Aug  5 04:44:18 guest cloud-init[618]: Your public key has been saved in /etc/ssh/ssh_host_rsa_key.pub
Aug  5 04:44:18 guest cloud-init[618]: The key fingerprint is:
Aug  5 04:44:18 guest cloud-init[618]: SHA256:5eIwicmywMPC/2MNJD8KrpiiawF1IF7LyYiZkfrecE0 root@guest
Aug  5 04:44:18 guest cloud-init[618]: The key's randomart image is:
Aug  5 04:44:18 guest kernel: [    0.442736] NET: Registered protocol family 44
Aug  5 04:44:18 guest cloud-init[618]: +---[RSA 3072]----+
Aug  5 04:44:18 guest cloud-init[618]: |o..o             |
Aug  5 04:44:18 guest kernel: [    0.442753] pci 0000:00:01.0: PIIX3: Enabling Passive Release
Aug  5 04:44:18 guest kernel: [    0.442761] pci 0000:00:00.0: Limiting direct PCI/PCI transfers
Aug  5 04:44:18 guest kernel: [    0.442767] pci 0000:00:01.0: Activating ISA DMA hang workarounds
Aug  5 04:44:18 guest kernel: [    0.442798] pci 0000:00:02.0: Video device with shadowed ROM at [mem 0x000c0000-0x000dffff]
Aug  5 04:44:18 guest kernel: [    0.442814] PCI: CLS 0 bytes, default 64
Aug  5 04:44:18 guest kernel: [    0.442887] Trying to unpack rootfs image as initramfs...
Aug  5 04:44:18 guest cloud-init[618]: |+=* +            |
Aug  5 04:44:18 guest kernel: [    0.578601] Freeing initrd memory: 82816K
Aug  5 04:44:18 guest kernel: [    0.578654] PCI-DMA: Using software bounce buffering for IO (SWIOTLB)
Aug  5 04:44:18 guest kernel: [    0.578658] software IO TLB: mapped [mem 0xbbfdd000-0xbffdd000] (64MB)
Aug  5 04:44:18 guest cloud-init[618]: |=+ *      .      |
Aug  5 04:44:18 guest cloud-init[618]: |*  o +E. o       |
Aug  5 04:44:18 guest cloud-init[618]: |+*. Bo+ S .      |
Aug  5 04:44:18 guest cloud-init[618]: |.+=o.+.+ .       |
Aug  5 04:44:18 guest cloud-init[618]: |..+=. + .        |
Aug  5 04:44:18 guest cloud-init[618]: |o+..oo .         |
Aug  5 04:44:18 guest cloud-init[618]: |@.  ...          |
Aug  5 04:44:18 guest cloud-init[618]: +----[SHA256]-----+
Aug  5 04:44:18 guest cloud-init[618]: Generating public/private dsa key pair.
Aug  5 04:44:18 guest cloud-init[618]: Your identification has been saved in /etc/ssh/ssh_host_dsa_key
Aug  5 04:44:18 guest cloud-init[618]: Your public key has been saved in /etc/ssh/ssh_host_dsa_key.pub
Aug  5 04:44:18 guest cloud-init[618]: The key fingerprint is:
Aug  5 04:44:18 guest cloud-init[618]: SHA256:0oWDPEhJsvzkRmNlhlOJL1XT4VwXobmH1zdMnztsz30 root@guest
Aug  5 04:44:18 guest cloud-init[618]: The key's randomart image is:
Aug  5 04:44:18 guest cloud-init[618]: +---[DSA 1024]----+
Aug  5 04:44:18 guest cloud-init[618]: |  ..o==oo.... +o |
Aug  5 04:44:18 guest cloud-init[618]: | . +=*o. =.. +   |
Aug  5 04:44:18 guest kernel: [    0.578691] clocksource: tsc: mask: 0xffffffffffffffff max_cycles: 0x6a8d99b4e77, max_idle_ns: 881591096268 ns
Aug  5 04:44:18 guest kernel: [    0.578744] check: Scanning for low memory corruption every 60 seconds
Aug  5 04:44:18 guest kernel: [    0.579017] Initialise system trusted keyrings
Aug  5 04:44:18 guest cloud-init[618]: |  o *++ o + o  . |
Aug  5 04:44:18 guest kernel: [    0.579031] Key type blacklist registered
Aug  5 04:44:18 guest kernel: [    0.579163] workingset: timestamp_bits=36 max_order=20 bucket_order=0
Aug  5 04:44:18 guest kernel: [    0.579857] zbud: loaded
Aug  5 04:44:18 guest kernel: [    0.580079] squashfs: version 4.0 (2009/01/31) Phillip Lougher
Aug  5 04:44:18 guest kernel: [    0.580340] fuse: init (API version 7.31)
Aug  5 04:44:18 guest cloud-init[618]: |   *...o o   oo.o|
Aug  5 04:44:18 guest kernel: [    0.580356] *** VALIDATE fuse ***
Aug  5 04:44:18 guest kernel: [    0.580358] *** VALIDATE fuse ***
Aug  5 04:44:18 guest kernel: [    0.580444] Platform Keyring initialized
Aug  5 04:44:18 guest kernel: [    0.582293] Key type asymmetric registered
Aug  5 04:44:18 guest kernel: [    0.582295] Asymmetric key parser 'x509' registered
Aug  5 04:44:18 guest kernel: [    0.582302] Block layer SCSI generic (bsg) driver version 0.4 loaded (major 244)
Aug  5 04:44:18 guest kernel: [    0.582377] io scheduler mq-deadline registered
Aug  5 04:44:18 guest cloud-init[618]: |    +.. S   o o++|
Aug  5 04:44:18 guest kernel: [    0.582567] shpchp: Standard Hot Plug PCI Controller Driver version: 0.4
Aug  5 04:44:18 guest kernel: [    0.582611] efifb: probing for efifb
Aug  5 04:44:18 guest kernel: [    0.582621] efifb: No BGRT, not showing boot graphics
Aug  5 04:44:18 guest kernel: [    0.582622] efifb: framebuffer at 0xfd000000, using 1408k, total 1408k
Aug  5 04:44:18 guest kernel: [    0.582624] efifb: mode is 800x600x24, linelength=2400, pages=1
Aug  5 04:44:18 guest kernel: [    0.582625] efifb: scrolling: redraw
Aug  5 04:44:18 guest kernel: [    0.582626] efifb: Truecolor: size=0:8:8:8, shift=0:16:8:0
Aug  5 04:44:18 guest kernel: [    0.582710] Console: switching to colour frame buffer device 100x37
Aug  5 04:44:18 guest kernel: [    0.584072] fb0: EFI VGA frame buffer device
Aug  5 04:44:18 guest cloud-init[618]: |   .   .     o. +|
Aug  5 04:44:18 guest kernel: [    0.584155] input: Power Button as /devices/LNXSYSTM:00/LNXPWRBN:00/input/input0
Aug  5 04:44:18 guest kernel: [    0.584206] ACPI: Power Button [PWRF]
Aug  5 04:44:18 guest kernel: [    0.599301] PCI Interrupt Link [LNKC] enabled at IRQ 11
Aug  5 04:44:18 guest kernel: [    0.619111] PCI Interrupt Link [LNKD] enabled at IRQ 10
Aug  5 04:44:18 guest kernel: [    0.638063] Serial: 8250/16550 driver, 32 ports, IRQ sharing enabled
Aug  5 04:44:18 guest kernel: [    0.660194] 00:04: ttyS0 at I/O 0x3f8 (irq = 4, base_baud = 115200) is a 16550A
Aug  5 04:44:18 guest kernel: [    0.661399] Linux agpgart interface v0.103
Aug  5 04:44:18 guest kernel: [    0.796317] loop: module loaded
Aug  5 04:44:18 guest kernel: [    0.796529] ata_piix 0000:00:01.1: version 2.13
Aug  5 04:44:18 guest cloud-init[618]: |               = |
Aug  5 04:44:18 guest kernel: [    0.797234] scsi host0: ata_piix
Aug  5 04:44:18 guest kernel: [    0.797559] scsi host1: ata_piix
Aug  5 04:44:18 guest kernel: [    0.797600] ata1: PATA max MWDMA2 cmd 0x1f0 ctl 0x3f6 bmdma 0xc0a0 irq 14
Aug  5 04:44:18 guest kernel: [    0.798159] ata2: PATA max MWDMA2 cmd 0x170 ctl 0x376 bmdma 0xc0a8 irq 15
Aug  5 04:44:18 guest kernel: [    0.798748] tun: Universal TUN/TAP device driver, 1.6
Aug  5 04:44:18 guest kernel: [    0.799317] PPP generic driver version 2.4.2
Aug  5 04:44:18 guest kernel: [    0.799888] VFIO - User Level meta-driver version: 0.3
Aug  5 04:44:18 guest kernel: [    0.800548] ehci_hcd: USB 2.0 'Enhanced' Host Controller (EHCI) Driver
Aug  5 04:44:18 guest kernel: [    0.801068] ehci-pci: EHCI PCI platform driver
Aug  5 04:44:18 guest cloud-init[618]: |              ..E|
Aug  5 04:44:18 guest kernel: [    0.801585] ehci-platform: EHCI generic platform driver
Aug  5 04:44:18 guest kernel: [    0.802088] ohci_hcd: USB 1.1 'Open' Host Controller (OHCI) Driver
Aug  5 04:44:18 guest kernel: [    0.802600] ohci-pci: OHCI PCI platform driver
Aug  5 04:44:18 guest kernel: [    0.803109] ohci-platform: OHCI generic platform driver
Aug  5 04:44:18 guest kernel: [    0.803626] uhci_hcd: USB Universal Host Controller Interface driver
Aug  5 04:44:18 guest cloud-init[618]: |                =|
Aug  5 04:44:18 guest kernel: [    0.804203] i8042: PNP: PS/2 Controller [PNP0303:KBD,PNP0f13:MOU] at 0x60,0x64 irq 1,12
Aug  5 04:44:18 guest kernel: [    0.805275] serio: i8042 KBD port at 0x60,0x64 irq 1
Aug  5 04:44:18 guest kernel: [    0.805834] serio: i8042 AUX port at 0x60,0x64 irq 12
Aug  5 04:44:18 guest kernel: [    0.806532] mousedev: PS/2 mouse device common for all mice
Aug  5 04:44:18 guest kernel: [    0.807360] rtc_cmos 00:05: RTC can wake from S4
Aug  5 04:44:18 guest cloud-init[618]: +----[SHA256]-----+
Aug  5 04:44:18 guest kernel: [    0.807407] input: AT Translated Set 2 keyboard as /devices/platform/i8042/serio0/input/input1
Aug  5 04:44:18 guest kernel: [    0.808178] rtc_cmos 00:05: registered as rtc0
Aug  5 04:44:18 guest kernel: [    0.808998] rtc_cmos 00:05: alarms up to one day, y3k, 242 bytes nvram, hpet irqs
Aug  5 04:44:18 guest kernel: [    0.809554] i2c /dev entries driver
Aug  5 04:44:18 guest cloud-init[618]: Generating public/private ecdsa key pair.
Aug  5 04:44:18 guest kernel: [    0.810135] device-mapper: uevent: version 1.0.3
Aug  5 04:44:18 guest kernel: [    0.810798] device-mapper: ioctl: 4.41.0-ioctl (2019-09-16) initialised: dm-devel@redhat.com
Aug  5 04:44:18 guest kernel: [    0.811380] platform eisa.0: Probing EISA bus 0
Aug  5 04:44:18 guest kernel: [    0.811939] platform eisa.0: EISA: Cannot allocate resource for mainboard
Aug  5 04:44:18 guest kernel: [    0.812526] platform eisa.0: Cannot allocate resource for EISA slot 1
Aug  5 04:44:18 guest kernel: [    0.813088] platform eisa.0: Cannot allocate resource for EISA slot 2
Aug  5 04:44:18 guest kernel: [    0.813627] platform eisa.0: Cannot allocate resource for EISA slot 3
Aug  5 04:44:18 guest kernel: [    0.814151] platform eisa.0: Cannot allocate resource for EISA slot 4
Aug  5 04:44:18 guest kernel: [    0.814662] platform eisa.0: Cannot allocate resource for EISA slot 5
Aug  5 04:44:18 guest cloud-init[618]: Your identification has been saved in /etc/ssh/ssh_host_ecdsa_key
Aug  5 04:44:18 guest kernel: [    0.815171] platform eisa.0: Cannot allocate resource for EISA slot 6
Aug  5 04:44:18 guest kernel: [    0.815675] platform eisa.0: Cannot allocate resource for EISA slot 7
Aug  5 04:44:18 guest kernel: [    0.816152] platform eisa.0: Cannot allocate resource for EISA slot 8
Aug  5 04:44:18 guest kernel: [    0.816620] platform eisa.0: EISA: Detected 0 cards
Aug  5 04:44:18 guest kernel: [    0.817081] intel_pstate: CPU model not supported
Aug  5 04:44:18 guest kernel: [    0.817802] ledtrig-cpu: registered to indicate activity on CPUs
Aug  5 04:44:18 guest cloud-init[618]: Your public key has been saved in /etc/ssh/ssh_host_ecdsa_key.pub
Aug  5 04:44:18 guest kernel: [    0.818353] drop_monitor: Initializing network drop monitor service
Aug  5 04:44:18 guest kernel: [    0.818942] NET: Registered protocol family 10
Aug  5 04:44:18 guest kernel: [    0.825125] Segment Routing with IPv6
Aug  5 04:44:18 guest kernel: [    0.825633] NET: Registered protocol family 17
Aug  5 04:44:18 guest kernel: [    0.826164] Key type dns_resolver registered
Aug  5 04:44:18 guest kernel: [    0.827113] RAS: Correctable Errors collector initialized.
Aug  5 04:44:18 guest kernel: [    0.827605] IPI shorthand broadcast: enabled
Aug  5 04:44:18 guest cloud-init[618]: The key fingerprint is:
Aug  5 04:44:18 guest kernel: [    0.828082] sched_clock: Marking stable (826007757, 1083380)->(832415947, -5324810)
Aug  5 04:44:18 guest kernel: [    0.828748] registered taskstats version 1
Aug  5 04:44:18 guest kernel: [    0.829249] Loading compiled-in X.509 certificates
Aug  5 04:44:18 guest kernel: [    0.830235] Loaded X.509 cert 'Build time autogenerated kernel key: 14c1fcd338762a2eeacd3b20a829b037b9235452'
Aug  5 04:44:18 guest kernel: [    0.831582] Loaded X.509 cert 'Canonical Ltd. Live Patch Signing: 14df34d1a87cf37625abec039ef2bf521249b969'
Aug  5 04:44:18 guest cloud-init[618]: SHA256:9r0yedIkjEnq+wNl7m7e/fGWskF4wZ5CQfM0ihYLh5M root@guest
Aug  5 04:44:18 guest kernel: [    0.832960] Loaded X.509 cert 'Canonical Ltd. Kernel Module Signing: 88f752e560a1e0737e31163a466ad7b70a850c19'
Aug  5 04:44:18 guest kernel: [    0.834065] blacklist: Loading compiled-in revocation X.509 certificates
Aug  5 04:44:18 guest kernel: [    0.834648] Loaded X.509 cert 'Canonical Ltd. Secure Boot Signing: 61482aa2830d0ab2ad5af10b7250da9033ddcef0'
Aug  5 04:44:18 guest kernel: [    0.835817] zswap: loaded using pool lzo/zbud
Aug  5 04:44:18 guest kernel: [    0.836639] Key type ._fscrypt registered
Aug  5 04:44:18 guest cloud-init[618]: The key's randomart image is:
Aug  5 04:44:18 guest kernel: [    0.837199] Key type .fscrypt registered
Aug  5 04:44:18 guest kernel: [    0.842167] Key type big_key registered
Aug  5 04:44:18 guest kernel: [    0.844940] Key type encrypted registered
Aug  5 04:44:18 guest kernel: [    0.845466] AppArmor: AppArmor sha1 policy hashing enabled
Aug  5 04:44:18 guest kernel: [    0.846006] ima: No TPM chip found, activating TPM-bypass!
Aug  5 04:44:18 guest kernel: [    0.846538] ima: Allocated hash algorithm: sha1
Aug  5 04:44:18 guest kernel: [    0.847083] ima: No architecture policies found
Aug  5 04:44:18 guest cloud-init[618]: +---[ECDSA 256]---+
Aug  5 04:44:18 guest kernel: [    0.847635] evm: Initialising EVM extended attributes:
Aug  5 04:44:18 guest kernel: [    0.848191] evm: security.selinux
Aug  5 04:44:18 guest cloud-init[618]: |       .oo.+ o   |
Aug  5 04:44:18 guest kernel: [    0.848763] evm: security.SMACK64
Aug  5 04:44:18 guest kernel: [    0.849330] evm: security.SMACK64EXEC
Aug  5 04:44:18 guest kernel: [    0.849894] evm: security.SMACK64TRANSMUTE
Aug  5 04:44:18 guest kernel: [    0.850461] evm: security.SMACK64MMAP
Aug  5 04:44:18 guest kernel: [    0.851018] evm: security.apparmor
Aug  5 04:44:18 guest kernel: [    0.851567] evm: security.ima
Aug  5 04:44:18 guest cloud-init[618]: |       Eo + B .  |
Aug  5 04:44:18 guest kernel: [    0.852103] evm: security.capability
Aug  5 04:44:18 guest kernel: [    0.852643] evm: HMAC attrs: 0x1
Aug  5 04:44:18 guest kernel: [    0.853575] PM:   Magic number: 2:493:716
Aug  5 04:44:18 guest kernel: [    0.854227] rtc_cmos 00:05: setting system clock to 2022-08-05T04:44:13 UTC (1659674653)
Aug  5 04:44:18 guest cloud-init[618]: |        .+ o +   |
Aug  5 04:44:18 guest kernel: [    0.956709] ata2.01: NODEV after polling detection
Aug  5 04:44:18 guest kernel: [    0.956861] ata1.01: NODEV after polling detection
Aug  5 04:44:18 guest kernel: [    0.957097] ata2.00: ATAPI: QEMU DVD-ROM, 2.5+, max UDMA/100
Aug  5 04:44:18 guest kernel: [    0.957925] ata1.00: ATAPI: QEMU DVD-ROM, 2.5+, max UDMA/100
Aug  5 04:44:18 guest kernel: [    0.959559] scsi 0:0:0:0: CD-ROM            QEMU     QEMU DVD-ROM     2.5+ PQ: 0 ANSI: 5
Aug  5 04:44:18 guest kernel: [    0.960885] sr 0:0:0:0: [sr0] scsi3-mmc drive: 4x/4x cd/rw xa/form2 tray
Aug  5 04:44:18 guest cloud-init[618]: |        = . o o  |
Aug  5 04:44:18 guest kernel: [    0.961432] cdrom: Uniform CD-ROM driver Revision: 3.20
Aug  5 04:44:18 guest kernel: [    0.976323] sr 0:0:0:0: Attached scsi CD-ROM sr0
Aug  5 04:44:18 guest kernel: [    0.976428] sr 0:0:0:0: Attached scsi generic sg0 type 5
Aug  5 04:44:18 guest kernel: [    0.977374] scsi 1:0:0:0: CD-ROM            QEMU     QEMU DVD-ROM     2.5+ PQ: 0 ANSI: 5
Aug  5 04:44:18 guest kernel: [    1.008887] sr 1:0:0:0: [sr1] scsi3-mmc drive: 4x/4x cd/rw xa/form2 tray
Aug  5 04:44:18 guest kernel: [    1.024349] sr 1:0:0:0: Attached scsi CD-ROM sr1
Aug  5 04:44:18 guest kernel: [    1.024471] sr 1:0:0:0: Attached scsi generic sg1 type 5
Aug  5 04:44:18 guest cloud-init[618]: |       *S+ o =   |
Aug  5 04:44:18 guest kernel: [    1.026643] Freeing unused decrypted memory: 2040K
Aug  5 04:44:18 guest kernel: [    1.028344] Freeing unused kernel image memory: 2756K
Aug  5 04:44:18 guest kernel: [    1.029303] Write protecting the kernel read-only data: 26624k
Aug  5 04:44:18 guest kernel: [    1.031475] Freeing unused kernel image memory: 2008K
Aug  5 04:44:18 guest kernel: [    1.032575] Freeing unused kernel image memory: 744K
Aug  5 04:44:18 guest kernel: [    1.044737] x86/mm: Checked W+X mappings: passed, no W+X pages found.
Aug  5 04:44:18 guest cloud-init[618]: |      o.+.o.=    |
Aug  5 04:44:18 guest cloud-init[618]: |     . o  .=... .|
Aug  5 04:44:18 guest cloud-init[618]: |      . +.=.oo.+.|
Aug  5 04:44:18 guest cloud-init[618]: |      .*+..=oo+..|
Aug  5 04:44:18 guest cloud-init[618]: +----[SHA256]-----+
Aug  5 04:44:18 guest cloud-init[618]: Generating public/private ed25519 key pair.
Aug  5 04:44:18 guest cloud-init[618]: Your identification has been saved in /etc/ssh/ssh_host_ed25519_key
Aug  5 04:44:18 guest cloud-init[618]: Your public key has been saved in /etc/ssh/ssh_host_ed25519_key.pub
Aug  5 04:44:18 guest cloud-init[618]: The key fingerprint is:
Aug  5 04:44:18 guest cloud-init[618]: SHA256:j+PwhugHmMbpH/C6L50KOpVWRTT8H8Qt/fNFxU5LNUI root@guest
Aug  5 04:44:18 guest cloud-init[618]: The key's randomart image is:
Aug  5 04:44:18 guest cloud-init[618]: +--[ED25519 256]--+
Aug  5 04:44:18 guest cloud-init[618]: |     ++  . o.E o=|
Aug  5 04:44:18 guest kernel: [    1.045641] x86/mm: Checking user space page tables
Aug  5 04:44:18 guest cloud-init[618]: |      o.  + o ..=|
Aug  5 04:44:18 guest kernel: [    1.057630] x86/mm: Checked W+X mappings: passed, no W+X pages found.
Aug  5 04:44:18 guest kernel: [    1.058400] Run /init as init process
Aug  5 04:44:18 guest kernel: [    1.110774] Floppy drive(s): fd0 is 2.88M AMI BIOS
Aug  5 04:44:18 guest kernel: [    1.111862] piix4_smbus 0000:00:01.3: SMBus Host Controller at 0x700, revision 0
Aug  5 04:44:18 guest kernel: [    1.124342] input: VirtualPS/2 VMware VMMouse as /devices/platform/i8042/serio1/input/input4
Aug  5 04:44:18 guest kernel: [    1.125367] input: VirtualPS/2 VMware VMMouse as /devices/platform/i8042/serio1/input/input3
Aug  5 04:44:18 guest kernel: [    1.127745] virtio_blk virtio1: [vda] 16384000 512-byte logical blocks (8.39 GB/7.81 GiB)
Aug  5 04:44:18 guest kernel: [    1.128554] FDC 0 is a S82078B
Aug  5 04:44:18 guest cloud-init[618]: |     . . . . ..+.|
Aug  5 04:44:18 guest kernel: [    1.144110]  vda: vda1
Aug  5 04:44:18 guest kernel: [    1.144844] virtio_net virtio0 ens3: renamed from eth0
Aug  5 04:44:18 guest kernel: [    1.147722] bochs-drm 0000:00:02.0: remove_conflicting_pci_framebuffers: bar 0: 0xfd000000 -> 0xfdffffff
Aug  5 04:44:18 guest kernel: [    1.148946] bochs-drm 0000:00:02.0: remove_conflicting_pci_framebuffers: bar 2: 0xfebd0000 -> 0xfebd0fff
Aug  5 04:44:18 guest kernel: [    1.150142] checking generic (fd000000 160000) vs hw (fd000000 1000000)
Aug  5 04:44:18 guest kernel: [    1.150143] fb0: switching to bochsdrmfb from EFI VGA
Aug  5 04:44:18 guest kernel: [    1.150836] Console: switching to colour dummy device 80x25
Aug  5 04:44:18 guest cloud-init[618]: |    .   . .   o.o|
Aug  5 04:44:18 guest kernel: [    1.150865] bochs-drm 0000:00:02.0: vgaarb: deactivate vga console
Aug  5 04:44:18 guest kernel: [    1.150955] [drm] Found bochs VGA, ID 0xb0c5.
Aug  5 04:44:18 guest kernel: [    1.150957] [drm] Framebuffer size 16384 kB @ 0xfd000000, mmio @ 0xfebd0000.
Aug  5 04:44:18 guest kernel: [    1.151132] [TTM] Zone  kernel: Available graphics memory: 2012548 KiB
Aug  5 04:44:18 guest kernel: [    1.151138] [TTM] Initializing pool allocator
Aug  5 04:44:18 guest kernel: [    1.151142] [TTM] Initializing DMA pool allocator
Aug  5 04:44:18 guest kernel: [    1.151670] [drm] Found EDID data blob.
Aug  5 04:44:18 guest kernel: [    1.151799] [drm] Initialized bochs-drm 1.0.0 20130925 for 0000:00:02.0 on minor 0
Aug  5 04:44:18 guest cloud-init[618]: | ..*    S. .   o.|
Aug  5 04:44:18 guest kernel: [    1.152388] fbcon: bochs-drmdrmfb (fb0) is primary device
Aug  5 04:44:18 guest kernel: [    1.159007] Console: switching to colour frame buffer device 128x48
Aug  5 04:44:18 guest kernel: [    1.160611] bochs-drm 0000:00:02.0: fb0: bochs-drmdrmfb frame buffer device
Aug  5 04:44:18 guest kernel: [    1.380286] raid6: sse2x4   gen() 18054 MB/s
Aug  5 04:44:18 guest kernel: [    1.428279] raid6: sse2x4   xor()  7785 MB/s
Aug  5 04:44:18 guest kernel: [    1.476282] raid6: sse2x2   gen() 17115 MB/s
Aug  5 04:44:18 guest kernel: [    1.524284] raid6: sse2x2   xor() 10425 MB/s
Aug  5 04:44:18 guest cloud-init[618]: |  Xo.    o.     .|
Aug  5 04:44:18 guest kernel: [    1.572296] raid6: sse2x1   gen() 10155 MB/s
Aug  5 04:44:18 guest kernel: [    1.620288] raid6: sse2x1   xor()  9283 MB/s
Aug  5 04:44:18 guest kernel: [    1.620312] raid6: using algorithm sse2x4 gen() 18054 MB/s
Aug  5 04:44:18 guest kernel: [    1.620325] raid6: .... xor() 7785 MB/s, rmw enabled
Aug  5 04:44:18 guest kernel: [    1.620336] raid6: using intx1 recovery algorithm
Aug  5 04:44:18 guest kernel: [    1.621379] xor: measuring software checksum speed
Aug  5 04:44:18 guest kernel: [    1.660287]    prefetch64-sse: 21533.000 MB/sec
Aug  5 04:44:18 guest cloud-init[618]: |.= .o+..o .      |
Aug  5 04:44:18 guest kernel: [    1.700291]    generic_sse: 12762.000 MB/sec
Aug  5 04:44:18 guest kernel: [    1.700318] xor: using function: prefetch64-sse (21533.000 MB/sec)
Aug  5 04:44:18 guest cloud-init[618]: |o.o.+.o+..       |
Aug  5 04:44:18 guest kernel: [    1.701397] async_tx: api initialized (async)
Aug  5 04:44:18 guest kernel: [    1.746293] Btrfs loaded, crc32c=crc32c-generic
Aug  5 04:44:18 guest kernel: [    1.932344] blk_update_request: I/O error, dev fd0, sector 0 op 0x0:(READ) flags 0x0 phys_seg 1 prio class 0
Aug  5 04:44:18 guest kernel: [    1.932408] floppy: error 10 while reading block 0
Aug  5 04:44:18 guest kernel: [    1.951331] EXT4-fs (vda1): mounted filesystem with ordered data mode. Opts: (null)
Aug  5 04:44:18 guest kernel: [    2.046762] random: fast init done
Aug  5 04:44:18 guest kernel: [    2.075563] systemd[1]: Inserted module 'autofs4'
Aug  5 04:44:18 guest kernel: [    2.084619] random: systemd: uninitialized urandom read (16 bytes read)
Aug  5 04:44:18 guest kernel: [    2.086415] systemd[1]: systemd 245.4-4ubuntu3.15 running in system mode. (+PAM +AUDIT +SELINUX +IMA +APPARMOR +SMACK +SYSVINIT +UTMP +LIBCRYPTSETUP +GCRYPT +GNUTLS +ACL +XZ +LZ4 +SECCOMP +BLKID +ELFUTILS +KMOD +IDN2 -IDN +PCRE2 default-hierarchy=hybrid)
Aug  5 04:44:18 guest kernel: [    2.088895] systemd[1]: Detected virtualization kvm.
Aug  5 04:44:18 guest cloud-init[618]: |..+B+. .o        |
Aug  5 04:44:18 guest kernel: [    2.089791] systemd[1]: Detected architecture x86-64.
Aug  5 04:44:18 guest kernel: [    2.090757] random: systemd: uninitialized urandom read (16 bytes read)
Aug  5 04:44:18 guest kernel: [    2.091611] random: systemd: uninitialized urandom read (16 bytes read)
Aug  5 04:44:18 guest kernel: [    2.117720] systemd[1]: Set hostname to <guest>.
Aug  5 04:44:18 guest kernel: [    2.304326] blk_update_request: I/O error, dev fd0, sector 0 op 0x0:(READ) flags 0x0 phys_seg 1 prio class 0
Aug  5 04:44:18 guest kernel: [    2.304828] floppy: error 10 while reading block 0
Aug  5 04:44:18 guest cloud-init[618]: +----[SHA256]-----+
Aug  5 04:44:18 guest kernel: [    2.389266] systemd[1]: Created slice system-modprobe.slice.
Aug  5 04:44:18 guest kernel: [    2.394163] systemd[1]: Created slice User and Session Slice.
Aug  5 04:44:18 guest kernel: [    2.398960] systemd[1]: Started Forward Password Requests to Wall Directory Watch.
Aug  5 04:44:18 guest kernel: [    2.403423] systemd[1]: Set up automount Arbitrary Executable File Formats File System Automount Point.
Aug  5 04:44:18 guest kernel: [    2.405426] systemd[1]: Reached target User and Group Name Lookups.
Aug  5 04:44:18 guest cron[644]: (CRON) INFO (pidfile fd = 3)
Aug  5 04:44:18 guest kernel: [    2.407333] systemd[1]: Reached target Slices.
Aug  5 04:44:18 guest kernel: [    2.409254] systemd[1]: Reached target Swap.
Aug  5 04:44:18 guest kernel: [    2.411299] systemd[1]: Listening on Device-mapper event daemon FIFOs.
Aug  5 04:44:18 guest kernel: [    2.416394] systemd[1]: Listening on LVM2 poll daemon socket.
Aug  5 04:44:18 guest kernel: [    2.421512] systemd[1]: Listening on multipathd control socket.
Aug  5 04:44:18 guest systemd[1]: Finished Initial cloud-init job (metadata service crawler).
Aug  5 04:44:18 guest kernel: [    2.426510] systemd[1]: Listening on Syslog Socket.
Aug  5 04:44:18 guest kernel: [    2.428956] systemd[1]: Listening on fsck to fsckd communication Socket.
Aug  5 04:44:18 guest kernel: [    2.430905] systemd[1]: Listening on initctl Compatibility Named Pipe.
Aug  5 04:44:18 guest kernel: [    2.433055] systemd[1]: Listening on Journal Audit Socket.
Aug  5 04:44:18 guest kernel: [    2.435208] systemd[1]: Listening on Journal Socket (/dev/log).
Aug  5 04:44:18 guest kernel: [    2.439796] systemd[1]: Listening on Journal Socket.
Aug  5 04:44:18 guest kernel: [    2.441679] systemd[1]: Listening on Network Service Netlink Socket.
Aug  5 04:44:18 guest cron[644]: (CRON) INFO (Running @reboot jobs)
Aug  5 04:44:18 guest kernel: [    2.444666] systemd[1]: Listening on udev Control Socket.
Aug  5 04:44:18 guest kernel: [    2.447560] systemd[1]: Listening on udev Kernel Socket.
Aug  5 04:44:18 guest kernel: [    2.450670] systemd[1]: Mounting Huge Pages File System...
Aug  5 04:44:18 guest systemd[1]: Reached target Cloud-config availability.
Aug  5 04:44:18 guest kernel: [    2.454229] systemd[1]: Mounting POSIX Message Queue File System...
Aug  5 04:44:18 guest kernel: [    2.458481] systemd[1]: Mounting Kernel Debug File System...
Aug  5 04:44:18 guest kernel: [    2.462505] systemd[1]: Mounting Kernel Trace File System...
Aug  5 04:44:18 guest systemd[1]: Reached target Network is Online.
Aug  5 04:44:18 guest kernel: [    2.466688] systemd[1]: Starting Journal Service...
Aug  5 04:44:18 guest kernel: [    2.470826] systemd[1]: Starting Set the console keyboard layout...
Aug  5 04:44:18 guest kernel: [    2.474489] systemd[1]: Starting Create list of static device nodes for the current kernel...
Aug  5 04:44:18 guest kernel: [    2.479429] systemd[1]: Starting Monitoring of LVM2 mirrors, snapshots etc. using dmeventd or progress polling...
Aug  5 04:44:18 guest kernel: [    2.483289] systemd[1]: Condition check resulted in Load Kernel Module drm being skipped.
Aug  5 04:44:18 guest systemd[1]: Reached target System Initialization.
Aug  5 04:44:18 guest kernel: [    2.484608] systemd[1]: Condition check resulted in OpenVSwitch configuration for cleanup being skipped.
Aug  5 04:44:18 guest kernel: [    2.486173] systemd[1]: Condition check resulted in Set Up Additional Binary Formats being skipped.
Aug  5 04:44:18 guest kernel: [    2.487365] systemd[1]: Condition check resulted in File System Check on Root Device being skipped.
Aug  5 04:44:18 guest kernel: [    2.489444] systemd[1]: Starting Load Kernel Modules...
Aug  5 04:44:18 guest systemd[1]: Condition check resulted in Process error reports when automatic reporting is enabled (file watch) being skipped.
Aug  5 04:44:18 guest kernel: [    2.493311] systemd[1]: Starting Remount Root and Kernel File Systems...
Aug  5 04:44:18 guest kernel: [    2.495943] systemd[1]: Starting udev Coldplug all Devices...
Aug  5 04:44:18 guest systemd[1]: Started Daily apt download activities.
Aug  5 04:44:18 guest kernel: [    2.499208] EXT4-fs (vda1): re-mounted. Opts: (null)
Aug  5 04:44:18 guest kernel: [    2.502078] systemd[1]: Starting Uncomplicated firewall...
Aug  5 04:44:18 guest kernel: [    2.506614] systemd[1]: Mounted Huge Pages File System.
Aug  5 04:44:18 guest systemd[1]: Started Daily apt upgrade and clean activities.
Aug  5 04:44:18 guest kernel: [    2.509565] systemd[1]: Mounted POSIX Message Queue File System.
Aug  5 04:44:18 guest kernel: [    2.512402] systemd[1]: Mounted Kernel Debug File System.
Aug  5 04:44:18 guest kernel: [    2.515188] systemd[1]: Mounted Kernel Trace File System.
Aug  5 04:44:18 guest kernel: [    2.518452] systemd[1]: Started Journal Service.
Aug  5 04:44:18 guest kernel: [    2.541733] systemd-journald[373]: Received client request to flush runtime journal.
Aug  5 04:44:18 guest kernel: [    2.727606] parport_pc 00:03: reported by Plug and Play ACPI
Aug  5 04:44:18 guest systemd[1]: Started Periodic ext4 Online Metadata Check for All Filesystems.
Aug  5 04:44:18 guest kernel: [    2.727693] parport0: PC-style at 0x378, irq 7 [PCSPP,TRISTATE]
Aug  5 04:44:18 guest kernel: [    2.852922] ppdev: user-space parallel port driver
Aug  5 04:44:18 guest kernel: [    2.962948] alua: device handler registered
Aug  5 04:44:18 guest kernel: [    2.963978] emc: device handler registered
Aug  5 04:44:18 guest systemd[1]: Started Discard unused blocks once a week.
Aug  5 04:44:18 guest kernel: [    2.964947] rdac: device handler registered
Aug  5 04:44:18 guest kernel: [    3.159578] audit: type=1400 audit(1659674655.800:2): apparmor="STATUS" operation="profile_load" profile="unconfined" name="lsb_release" pid=558 comm="apparmor_parser"
Aug  5 04:44:18 guest systemd[1]: Started Refresh fwupd metadata regularly.
Aug  5 04:44:18 guest kernel: [    3.210740] audit: type=1400 audit(1659674655.852:3): apparmor="STATUS" operation="profile_load" profile="unconfined" name="nvidia_modprobe" pid=562 comm="apparmor_parser"
Aug  5 04:44:18 guest kernel: [    3.211070] audit: type=1400 audit(1659674655.852:4): apparmor="STATUS" operation="profile_load" profile="unconfined" name="nvidia_modprobe//kmod" pid=562 comm="apparmor_parser"
Aug  5 04:44:18 guest systemd[1]: Started Daily rotation of log files.
Aug  5 04:44:18 guest kernel: [    3.220425] audit: type=1400 audit(1659674655.864:5): apparmor="STATUS" operation="profile_load" profile="unconfined" name="/usr/bin/man" pid=560 comm="apparmor_parser"
Aug  5 04:44:18 guest kernel: [    3.220694] audit: type=1400 audit(1659674655.864:6): apparmor="STATUS" operation="profile_load" profile="unconfined" name="man_filter" pid=560 comm="apparmor_parser"
Aug  5 04:44:18 guest kernel: [    3.221036] audit: type=1400 audit(1659674655.864:7): apparmor="STATUS" operation="profile_load" profile="unconfined" name="man_groff" pid=560 comm="apparmor_parser"
Aug  5 04:44:18 guest kernel: [    3.271797] audit: type=1400 audit(1659674655.912:8): apparmor="STATUS" operation="profile_load" profile="unconfined" name="/usr/sbin/tcpdump" pid=559 comm="apparmor_parser"
Aug  5 04:44:18 guest kernel: [    3.303762] audit: type=1400 audit(1659674655.944:9): apparmor="STATUS" operation="profile_load" profile="unconfined" name="/usr/lib/NetworkManager/nm-dhcp-client.action" pid=561 comm="apparmor_parser"
Aug  5 04:44:18 guest kernel: [    3.304228] audit: type=1400 audit(1659674655.944:10): apparmor="STATUS" operation="profile_load" profile="unconfined" name="/usr/lib/NetworkManager/nm-dhcp-helper" pid=561 comm="apparmor_parser"
Aug  5 04:44:18 guest systemd[1]: Started Daily man-db regeneration.
Aug  5 04:44:18 guest systemd[1]: Started Message of the Day.
Aug  5 04:44:18 guest systemd[1]: Condition check resulted in Timer to automatically fetch and run repair assertions being skipped.
Aug  5 04:44:18 guest systemd[1]: Started Daily Cleanup of Temporary Directories.
Aug  5 04:44:18 guest systemd[1]: Started Ubuntu Advantage update messaging.
Aug  5 04:44:18 guest systemd[1]: Reached target Paths.
Aug  5 04:44:18 guest systemd[1]: Reached target Timers.
Aug  5 04:44:18 guest systemd[1]: Condition check resulted in Unix socket for apport crash forwarding being skipped.
Aug  5 04:44:18 guest systemd[1]: Listening on cloud-init hotplug hook socket.
Aug  5 04:44:18 guest systemd[1]: Listening on D-Bus System Message Bus Socket.
Aug  5 04:44:18 guest systemd[1]: Listening on Open-iSCSI iscsid Socket.
Aug  5 04:44:18 guest systemd[1]: Starting Socket activation for snappy daemon.
Aug  5 04:44:18 guest systemd[1]: Listening on UUID daemon activation socket.
Aug  5 04:44:18 guest systemd[1]: Condition check resulted in Login to default iSCSI targets being skipped.
Aug  5 04:44:18 guest systemd[1]: Reached target Remote File Systems (Pre).
Aug  5 04:44:18 guest systemd[1]: Reached target Remote File Systems.
Aug  5 04:44:18 guest systemd[1]: Starting Availability of block devices...
Aug  5 04:44:18 guest systemd[1]: Listening on Socket activation for snappy daemon.
Aug  5 04:44:18 guest systemd[1]: Finished Availability of block devices.
Aug  5 04:44:18 guest systemd[1]: Reached target Sockets.
Aug  5 04:44:18 guest systemd[1]: Reached target Basic System.
Aug  5 04:44:18 guest systemd[1]: Starting Accounts Service...
Aug  5 04:44:18 guest systemd[1]: Starting LSB: automatic crash report generation...
Aug  5 04:44:18 guest systemd[1]: Starting Deferred execution scheduler...
Aug  5 04:44:18 guest systemd[1]: Started Regular background program processing daemon.
Aug  5 04:44:18 guest systemd[1]: Started D-Bus System Message Bus.
Aug  5 04:44:18 guest systemd[1]: Started Save initial kernel messages after boot.
Aug  5 04:44:18 guest systemd[1]: Starting Remove Stale Online ext4 Metadata Check Snapshots...
Aug  5 04:44:18 guest systemd[1]: Condition check resulted in getty on tty2-tty6 if dbus and logind are not available being skipped.
Aug  5 04:44:18 guest systemd[1]: Starting Record successful boot for GRUB...
Aug  5 04:44:18 guest systemd[1]: Started irqbalance daemon.
Aug  5 04:44:18 guest systemd[1]: Starting Dispatcher daemon for systemd-networkd...
Aug  5 04:44:18 guest systemd[1]: Condition check resulted in Set the CPU Frequency Scaling governor being skipped.
Aug  5 04:44:18 guest systemd[1]: Starting Pollinate to seed the pseudo random number generator...
Aug  5 04:44:18 guest systemd[1]: Condition check resulted in fast remote file copy program daemon being skipped.
Aug  5 04:44:18 guest systemd[1]: Starting System Logging Service...
Aug  5 04:44:18 guest systemd[1]: Condition check resulted in Secure Boot updates for DB and DBX being skipped.
Aug  5 04:44:18 guest systemd[1]: Condition check resulted in Automatically repair incorrect owner/permissions on core devices being skipped.
Aug  5 04:44:18 guest systemd[1]: Condition check resulted in Wait for the Ubuntu Core chooser trigger being skipped.
Aug  5 04:44:18 guest systemd[1]: Starting Snap Daemon...
Aug  5 04:44:18 guest systemd[1]: Starting Login Service...
Aug  5 04:44:18 guest systemd[1]: Starting Permit User Sessions...
Aug  5 04:44:18 guest systemd[1]: Condition check resulted in Thermal Daemon Service being skipped.
Aug  5 04:44:18 guest systemd[1]: Condition check resulted in Ubuntu Advantage reboot cmds being skipped.
Aug  5 04:44:18 guest systemd[1]: Starting Disk Manager...
Aug  5 04:44:18 guest systemd[1]: Started Deferred execution scheduler.
Aug  5 04:44:18 guest systemd[1]: Finished Permit User Sessions.
Aug  5 04:44:18 guest rsyslogd: imuxsock: Acquired UNIX socket '/run/systemd/journal/syslog' (fd 3) from systemd.  [v8.2001.0]
Aug  5 04:44:18 guest rsyslogd: rsyslogd's groupid changed to 110
Aug  5 04:44:18 guest rsyslogd: rsyslogd's userid changed to 104
Aug  5 04:44:18 guest rsyslogd: [origin software="rsyslogd" swVersion="8.2001.0" x-pid="654" x-info="https://www.rsyslog.com"] start
Aug  5 04:44:18 guest systemd[1]: Started System Logging Service.
Aug  5 04:44:18 guest apport[638]:  * Starting automatic crash report generation: apport
Aug  5 04:44:18 guest apport[638]:    ...done.
Aug  5 04:44:18 guest udisksd[658]: udisks daemon version 2.8.4 starting
Aug  5 04:44:18 guest systemd[1]: Started LSB: automatic crash report generation.
Aug  5 04:44:18 guest systemd[1]: e2scrub_reap.service: Succeeded.
Aug  5 04:44:18 guest systemd[1]: Finished Remove Stale Online ext4 Metadata Check Snapshots.
Aug  5 04:44:18 guest pollinate[652]: client sent challenge to [https://entropy.ubuntu.com/]
Aug  5 04:44:18 guest systemd[1]: Starting Hold until boot process finishes up...
Aug  5 04:44:18 guest systemd[1]: Starting Terminate Plymouth Boot Screen...
Aug  5 04:44:18 guest systemd[1]: grub-common.service: Succeeded.
Aug  5 04:44:18 guest systemd[1]: Finished Record successful boot for GRUB.
Aug  5 04:44:18 guest systemd[1]: plymouth-quit-wait.service: Succeeded.
Aug  5 04:44:18 guest systemd[1]: Finished Hold until boot process finishes up.
Aug  5 04:44:18 guest systemd[1]: Starting GRUB failed boot detection...
Aug  5 04:44:18 guest networkd-dispatcher[651]: No valid path found for iwconfig
Aug  5 04:44:18 guest systemd[1]: Starting Set console scheme...
Aug  5 04:44:18 guest systemd[1]: plymouth-quit.service: Succeeded.
Aug  5 04:44:18 guest systemd[1]: Finished Terminate Plymouth Boot Screen.
Aug  5 04:44:18 guest systemd[1]: Finished Set console scheme.
Aug  5 04:44:18 guest systemd[1]: grub-initrd-fallback.service: Succeeded.
Aug  5 04:44:18 guest systemd[1]: Finished GRUB failed boot detection.
Aug  5 04:44:18 guest systemd[1]: Created slice system-getty.slice.
Aug  5 04:44:18 guest systemd[1]: Started Getty on tty1.
Aug  5 04:44:18 guest systemd[1]: Reached target Login Prompts.
Aug  5 04:44:18 guest dbus-daemon[645]: dbus[645]: Unknown group "power" in message bus configuration file
Aug  5 04:44:18 guest dbus-daemon[645]: [system] AppArmor D-Bus mediation is enabled
Aug  5 04:44:18 guest systemd[1]: Started Login Service.
Aug  5 04:44:18 guest systemd[1]: Started Unattended Upgrades Shutdown.
Aug  5 04:44:18 guest systemd[1]: Started Dispatcher daemon for systemd-networkd.
Aug  5 04:44:18 guest snapd[655]: AppArmor status: apparmor is enabled and all features are available
Aug  5 04:44:18 guest udisksd[658]: failed to load module mdraid: libbd_mdraid.so.2: cannot open shared object file: No such file or directory
Aug  5 04:44:18 guest udisksd[658]: Failed to load the 'mdraid' libblockdev plugin
Aug  5 04:44:18 guest dbus-daemon[645]: [system] Activating via systemd: service name='org.freedesktop.PolicyKit1' unit='polkit.service' requested by ':1.7' (uid=0 pid=658 comm="/usr/lib/udisks2/udisksd " label="unconfined")
Aug  5 04:44:18 guest systemd[1]: Starting Authorization Manager...
Aug  5 04:44:18 guest polkitd[739]: started daemon version 0.105 using authority implementation `local' version `0.105'
Aug  5 04:44:18 guest dbus-daemon[645]: [system] Successfully activated service 'org.freedesktop.PolicyKit1'
Aug  5 04:44:18 guest systemd[1]: Started Authorization Manager.
Aug  5 04:44:18 guest accounts-daemon[637]: started daemon version 0.6.55
Aug  5 04:44:18 guest systemd[1]: Started Accounts Service.
Aug  5 04:44:18 guest snapd[655]: patch.go:63: Patching system state level 6 to sublevel 1...
Aug  5 04:44:18 guest snapd[655]: patch.go:63: Patching system state level 6 to sublevel 2...
Aug  5 04:44:18 guest snapd[655]: patch.go:63: Patching system state level 6 to sublevel 3...
Aug  5 04:44:18 guest snapd[655]: daemon.go:246: started snapd/2.54.3+20.04.1ubuntu0.2 (series 16; classic) ubuntu/20.04 (amd64) linux/5.4.0-122-generic.
Aug  5 04:44:18 guest systemd[1]: tmp-sanity\x2dmountpoint\x2d990246415.mount: Succeeded.
Aug  5 04:44:18 guest snapd[655]: daemon.go:339: adjusting startup timeout by 45s (pessimistic estimate of 30s plus 5s per snap)
Aug  5 04:44:19 guest systemd[1]: Started Disk Manager.
Aug  5 04:44:19 guest udisksd[658]: Acquired the name org.freedesktop.UDisks2 on the system message bus
Aug  5 04:44:19 guest systemd-udevd[854]: Using default interface naming scheme 'v245'.
Aug  5 04:44:19 guest pollinate[652]: client verified challenge/response with [https://entropy.ubuntu.com/]
Aug  5 04:44:19 guest pollinate[652]: client hashed response from [https://entropy.ubuntu.com/]
Aug  5 04:44:19 guest pollinate[652]: client successfully seeded [/dev/urandom]
Aug  5 04:44:19 guest systemd[1]: pollinate.service: Succeeded.
Aug  5 04:44:19 guest systemd[1]: Finished Pollinate to seed the pseudo random number generator.
Aug  5 04:44:19 guest systemd[1]: Starting OpenBSD Secure Shell server...
Aug  5 04:44:19 guest systemd[1]: Started OpenBSD Secure Shell server.
Aug  5 04:44:19 guest kernel: [    6.966971] kauditd_printk_skb: 19 callbacks suppressed
Aug  5 04:44:19 guest kernel: [    6.966973] audit: type=1400 audit(1659674659.608:30): apparmor="STATUS" operation="profile_replace" profile="unconfined" name="/snap/snapd/12704/usr/lib/snapd/snap-confine" pid=941 comm="apparmor_parser"
Aug  5 04:44:19 guest kernel: [    6.984319] audit: type=1400 audit(1659674659.624:31): apparmor="STATUS" operation="profile_replace" profile="unconfined" name="/snap/snapd/12704/usr/lib/snapd/snap-confine//mount-namespace-capture-helper" pid=941 comm="apparmor_parser"
Aug  5 04:44:19 guest kernel: [    6.993416] audit: type=1400 audit(1659674659.636:32): apparmor="STATUS" operation="profile_replace" profile="unconfined" name="snap-update-ns.lxd" pid=943 comm="apparmor_parser"
Aug  5 04:44:19 guest kernel: [    7.046487] audit: type=1400 audit(1659674659.688:33): apparmor="STATUS" operation="profile_replace" profile="unconfined" name="snap.lxd.check-kernel" pid=947 comm="apparmor_parser"
Aug  5 04:44:19 guest kernel: [    7.063651] audit: type=1400 audit(1659674659.704:34): apparmor="STATUS" operation="profile_replace" profile="unconfined" name="snap.lxd.benchmark" pid=945 comm="apparmor_parser"
Aug  5 04:44:19 guest kernel: [    7.078533] audit: type=1400 audit(1659674659.720:35): apparmor="STATUS" operation="profile_replace" profile="unconfined" name="snap.lxd.activate" pid=944 comm="apparmor_parser"
Aug  5 04:44:19 guest kernel: [    7.081883] audit: type=1400 audit(1659674659.724:36): apparmor="STATUS" operation="profile_replace" profile="unconfined" name="snap.lxd.buginfo" pid=946 comm="apparmor_parser"
Aug  5 04:44:19 guest kernel: [    7.089024] audit: type=1400 audit(1659674659.732:37): apparmor="STATUS" operation="profile_replace" profile="unconfined" name="snap.lxd.hook.configure" pid=949 comm="apparmor_parser"
Aug  5 04:44:19 guest kernel: [    7.089557] audit: type=1400 audit(1659674659.732:38): apparmor="STATUS" operation="profile_replace" profile="unconfined" name="snap.lxd.daemon" pid=948 comm="apparmor_parser"
Aug  5 04:44:19 guest kernel: [    7.111137] audit: type=1400 audit(1659674659.752:39): apparmor="STATUS" operation="profile_replace" profile="unconfined" name="snap.lxd.hook.install" pid=950 comm="apparmor_parser"
Aug  5 04:44:19 guest systemd[1]: Started Snap Daemon.
Aug  5 04:44:19 guest systemd[1]: Starting Wait until snapd is fully seeded...
Aug  5 04:44:19 guest systemd[1]: Started snap.lxd.hook.install.df12c3ab-c207-40ce-b6c1-f92d4574ba31.scope.
Aug  5 04:44:20 guest systemd[1]: tmp-snap.rootfs_reGad2.mount: Succeeded.
Aug  5 04:44:20 guest systemd[1]: snap.lxd.hook.install.df12c3ab-c207-40ce-b6c1-f92d4574ba31.scope: Succeeded.
Aug  5 04:44:20 guest systemd[1]: Reloading.
Aug  5 04:44:20 guest kernel: [    7.680367] blk_update_request: I/O error, dev fd0, sector 0 op 0x0:(READ) flags 0x0 phys_seg 1 prio class 0
Aug  5 04:44:20 guest kernel: [    7.680736] floppy: error 10 while reading block 0
Aug  5 04:44:20 guest kernel: [    8.004360] blk_update_request: I/O error, dev fd0, sector 0 op 0x0:(READ) flags 0x0 phys_seg 1 prio class 0
Aug  5 04:44:20 guest kernel: [    8.004722] floppy: error 10 while reading block 0
Aug  5 04:44:20 guest systemd[1]: Reloading.
Aug  5 04:44:20 guest systemd[1]: Listening on Socket unix for snap application lxd.daemon.
Aug  5 04:44:20 guest systemd[1]: Starting Service for snap application lxd.activate...
Aug  5 04:44:20 guest lxd.activate[1072]: => Starting LXD activation
Aug  5 04:44:20 guest lxd.activate[1072]: ==> Creating missing snap configuration
Aug  5 04:44:20 guest lxd.activate[1072]: ==> Loading snap configuration
Aug  5 04:44:20 guest lxd.activate[1072]: ==> Checking for socket activation support
Aug  5 04:44:20 guest lxd.activate[1072]: ==> Creating "lxd" user
Aug  5 04:44:20 guest lxd.activate[1072]: ==> Setting LXD socket ownership
Aug  5 04:44:20 guest lxd.activate[1072]: ==> LXD never started on this system, no need to start it now
Aug  5 04:44:20 guest systemd[1]: snap.lxd.activate.service: Succeeded.
Aug  5 04:44:20 guest systemd[1]: Finished Service for snap application lxd.activate.
Aug  5 04:44:20 guest systemd[1]: Started snap.lxd.hook.configure.00c2df84-5590-4685-91b5-71523df4b8d2.scope.
Aug  5 04:44:21 guest systemd[1]: snap.lxd.hook.configure.00c2df84-5590-4685-91b5-71523df4b8d2.scope: Succeeded.
Aug  5 04:44:21 guest dbus-daemon[645]: [system] Activating via systemd: service name='org.freedesktop.timedate1' unit='dbus-org.freedesktop.timedate1.service' requested by ':1.12' (uid=0 pid=655 comm="/usr/lib/snapd/snapd " label="unconfined")
Aug  5 04:44:21 guest systemd[1]: Starting Time & Date Service...
Aug  5 04:44:21 guest dbus-daemon[645]: [system] Successfully activated service 'org.freedesktop.timedate1'
Aug  5 04:44:21 guest systemd[1]: Started Time & Date Service.
Aug  5 04:44:21 guest systemd[1]: Finished Wait until snapd is fully seeded.
Aug  5 04:44:21 guest systemd[1]: Starting Apply the settings specified in cloud-config...
Aug  5 04:44:21 guest systemd[1]: Condition check resulted in Auto import assertions from block devices being skipped.
Aug  5 04:44:21 guest systemd[1]: Reached target Multi-User System.
Aug  5 04:44:21 guest systemd[1]: Reached target Graphical Interface.
Aug  5 04:44:21 guest systemd[1]: Starting Update UTMP about System Runlevel Changes...
Aug  5 04:44:21 guest systemd[1]: systemd-update-utmp-runlevel.service: Succeeded.
Aug  5 04:44:21 guest systemd[1]: Finished Update UTMP about System Runlevel Changes.
Aug  5 04:44:22 guest cloud-init[1400]: Generating locales (this might take a while)...
Aug  5 04:44:23 guest cloud-init[1400]:   en_US.UTF-8... done
Aug  5 04:44:23 guest cloud-init[1400]: Generation complete.
Aug  5 04:44:23 guest systemd[1]: Stopping OpenBSD Secure Shell server...
Aug  5 04:44:23 guest systemd[1]: ssh.service: Succeeded.
Aug  5 04:44:23 guest systemd[1]: Stopped OpenBSD Secure Shell server.
Aug  5 04:44:23 guest systemd[1]: Starting OpenBSD Secure Shell server...
Aug  5 04:44:23 guest systemd[1]: Started OpenBSD Secure Shell server.
Aug  5 04:44:23 guest cloud-init[1400]: Cloud-init v. 22.2-0ubuntu1~20.04.3 running 'modules:config' at Fri, 05 Aug 2022 04:44:22 +0000. Up 9.47 seconds.
Aug  5 04:44:23 guest systemd[1]: Finished Apply the settings specified in cloud-config.
Aug  5 04:44:23 guest systemd[1]: Starting Execute cloud user/final scripts...
Aug  5 04:44:23 guest systemd[1]: dmesg.service: Succeeded.
Aug  5 04:44:24 guest cloud-init: #############################################################
Aug  5 04:44:24 guest cloud-init: -----BEGIN SSH HOST KEY FINGERPRINTS-----
Aug  5 04:44:24 guest cloud-init: 1024 SHA256:0oWDPEhJsvzkRmNlhlOJL1XT4VwXobmH1zdMnztsz30 root@guest (DSA)
Aug  5 04:44:24 guest cloud-init: 256 SHA256:9r0yedIkjEnq+wNl7m7e/fGWskF4wZ5CQfM0ihYLh5M root@guest (ECDSA)
Aug  5 04:44:24 guest cloud-init: 256 SHA256:j+PwhugHmMbpH/C6L50KOpVWRTT8H8Qt/fNFxU5LNUI root@guest (ED25519)
Aug  5 04:44:24 guest cloud-init: 3072 SHA256:5eIwicmywMPC/2MNJD8KrpiiawF1IF7LyYiZkfrecE0 root@guest (RSA)
Aug  5 04:44:24 guest cloud-init: -----END SSH HOST KEY FINGERPRINTS-----
Aug  5 04:44:24 guest cloud-init: #############################################################
Aug  5 04:44:24 guest cloud-init[1448]: Cloud-init v. 22.2-0ubuntu1~20.04.3 running 'modules:final' at Fri, 05 Aug 2022 04:44:23 +0000. Up 11.30 seconds.
Aug  5 04:44:24 guest cloud-init[1448]: Cloud-init v. 22.2-0ubuntu1~20.04.3 finished at Fri, 05 Aug 2022 04:44:24 +0000. Datasource DataSourceNone.  Up 11.42 seconds
Aug  5 04:44:24 guest cloud-init[1448]: 2022-08-05 04:44:24,078 - cc_final_message.py[WARNING]: Used fallback datasource
Aug  5 04:44:24 guest systemd[1]: Finished Execute cloud user/final scripts.
Aug  5 04:44:24 guest systemd[1]: Reached target Cloud-init target.
Aug  5 04:44:24 guest systemd[1]: Startup finished in 2.067s (kernel) + 9.409s (userspace) = 11.477s.
Aug  5 04:44:24 guest systemd[1]: Created slice User Slice of UID 1000.
Aug  5 04:44:24 guest systemd[1]: Starting User Runtime Directory /run/user/1000...
Aug  5 04:44:24 guest systemd[1]: Finished User Runtime Directory /run/user/1000.
Aug  5 04:44:24 guest systemd[1]: Starting User Manager for UID 1000...
Aug  5 04:44:24 guest systemd[1469]: Reached target Paths.
Aug  5 04:44:24 guest systemd[1469]: Reached target Timers.
Aug  5 04:44:24 guest systemd[1469]: Starting D-Bus User Message Bus Socket.
Aug  5 04:44:24 guest systemd[1469]: Listening on GnuPG network certificate management daemon.
Aug  5 04:44:24 guest systemd[1469]: Listening on GnuPG cryptographic agent and passphrase cache (access for web browsers).
Aug  5 04:44:24 guest systemd[1469]: Listening on GnuPG cryptographic agent and passphrase cache (restricted).
Aug  5 04:44:24 guest systemd[1469]: Listening on GnuPG cryptographic agent (ssh-agent emulation).
Aug  5 04:44:24 guest systemd[1469]: Listening on GnuPG cryptographic agent and passphrase cache.
Aug  5 04:44:24 guest systemd[1469]: Listening on debconf communication socket.
Aug  5 04:44:24 guest systemd[1469]: Listening on REST API socket for snapd user session agent.
Aug  5 04:44:24 guest systemd[1469]: Listening on D-Bus User Message Bus Socket.
Aug  5 04:44:24 guest systemd[1469]: Reached target Sockets.
Aug  5 04:44:24 guest systemd[1469]: Reached target Basic System.
Aug  5 04:44:24 guest systemd[1469]: Reached target Main User Target.
Aug  5 04:44:24 guest systemd[1469]: Startup finished in 76ms.
Aug  5 04:44:24 guest systemd[1]: Started User Manager for UID 1000.
Aug  5 04:44:24 guest systemd[1]: Started Session 1 of user ubuntu.
Aug  5 04:44:25 guest systemd[1]: Stopping Load AppArmor profiles...
Aug  5 04:44:25 guest systemd[1]: apparmor.service: Succeeded.
Aug  5 04:44:25 guest systemd[1]: Stopped Load AppArmor profiles.
Aug  5 04:44:26 guest kernel: [   13.960070] crng init done
Aug  5 04:44:26 guest kernel: [   13.960074] random: 7 urandom warning(s) missed due to ratelimiting
Aug  5 04:44:46 guest systemd-timesyncd[572]: Initial synchronization to time server 185.125.190.58:123 (ntp.ubuntu.com).
Aug  5 04:44:48 guest dbus-daemon[645]: [system] Activating via systemd: service name='org.freedesktop.PackageKit' unit='packagekit.service' requested by ':1.18' (uid=0 pid=7726 comm="/usr/bin/gdbus call --system --dest org.freedeskto" label="unconfined")
Aug  5 04:44:48 guest systemd[1]: Starting PackageKit Daemon...
Aug  5 04:44:48 guest PackageKit: daemon start
Aug  5 04:44:48 guest dbus-daemon[645]: [system] Successfully activated service 'org.freedesktop.PackageKit'
Aug  5 04:44:48 guest systemd[1]: Started PackageKit Daemon.
Aug  5 04:44:49 guest systemd[1]: systemd-timedated.service: Succeeded.
Aug  5 04:44:53 guest systemd[1]: Configuration file /var/lib/vultr/config/cloud-init-log-reader.service is marked world-writable. Please remove world writability permission bits. Proceeding anyway.
Aug  5 04:44:53 guest systemd[1]: Reloading.
Aug  5 04:44:53 guest kernel: [   42.040327] blk_update_request: I/O error, dev fd0, sector 0 op 0x0:(READ) flags 0x0 phys_seg 1 prio class 0
Aug  5 04:44:53 guest kernel: [   42.040356] floppy: error 10 while reading block 0
Aug  5 04:44:53 guest systemd[1]: Configuration file /etc/systemd/system/cloud-init-log-reader.service is marked world-writable. Please remove world writability permission bits. Proceeding anyway.
Aug  5 04:44:53 guest systemd[1]: Started Cloud-Init TTY4 Log Reader.
Aug  5 04:46:41 guest systemd[1]: Starting Ubuntu Advantage APT and MOTD Messages...
Aug  5 04:46:41 guest systemd[1]: ua-messaging.service: Succeeded.
Aug  5 04:46:41 guest systemd[1]: Finished Ubuntu Advantage APT and MOTD Messages.
Aug  5 04:47:11 guest kernel: [  180.365818] blk_update_request: I/O error, dev fd0, sector 0 op 0x0:(READ) flags 0x0 phys_seg 1 prio class 0
Aug  5 04:47:11 guest kernel: [  180.365855] floppy: error 10 while reading block 0
Aug  5 04:47:19 guest kernel: [  188.408731] SGI XFS with ACLs, security attributes, realtime, no debug enabled
Aug  5 04:47:19 guest kernel: [  188.413727] JFS: nTxBlock = 8192, nTxLock = 65536
Aug  5 04:47:19 guest kernel: [  188.424185] ntfs: driver 2.1.32 [Flags: R/O MODULE].
Aug  5 04:47:19 guest kernel: [  188.436556] QNX4 filesystem 0.2.3 registered.
Aug  5 04:47:21 guest systemd[1]: cloud-config.service: Succeeded.
Aug  5 04:47:21 guest systemd[1]: Stopped Apply the settings specified in cloud-config.
Aug  5 04:47:21 guest systemd[1]: Stopped target Cloud-config availability.
Aug  5 04:47:21 guest systemd[1]: cloud-final.service: Succeeded.
Aug  5 04:47:21 guest systemd[1]: Stopped Execute cloud user/final scripts.
Aug  5 04:47:21 guest systemd[1]: cloud-init-hotplugd.socket: Succeeded.
Aug  5 04:47:21 guest systemd[1]: Closed cloud-init hotplug hook socket.
Aug  5 04:47:21 guest systemd[1]: cloud-init-local.service: Succeeded.
Aug  5 04:47:21 guest systemd[1]: Stopped Initial cloud-init job (pre-networking).
Aug  5 04:47:21 guest systemd[1]: cloud-init.service: Succeeded.
Aug  5 04:47:21 guest systemd[1]: Stopped Initial cloud-init job (metadata service crawler).
Aug  5 04:47:21 guest systemd[1]: Stopped target Cloud-init target.
Aug  5 04:47:21 guest systemd[1]: Reloading.
Aug  5 04:47:21 guest systemd[1]: Configuration file /etc/systemd/system/cloud-init-log-reader.service is marked world-writable. Please remove world writability permission bits. Proceeding anyway.
Aug  5 04:47:21 guest systemd[1]: Reloading.
Aug  5 04:47:21 guest systemd[1]: Configuration file /etc/systemd/system/cloud-init-log-reader.service is marked world-writable. Please remove world writability permission bits. Proceeding anyway.
Aug  5 04:47:21 guest systemd[1]: Reloading.
Aug  5 04:47:22 guest systemd[1]: Configuration file /etc/systemd/system/cloud-init-log-reader.service is marked world-writable. Please remove world writability permission bits. Proceeding anyway.
Aug  5 04:47:22 guest systemd[1]: Reloading.
Aug  5 04:47:22 guest systemd[1]: Configuration file /etc/systemd/system/cloud-init-log-reader.service is marked world-writable. Please remove world writability permission bits. Proceeding anyway.
Aug  5 04:47:22 guest systemd[1]: Reloading.
