-- Logs begin at Fri 2022-08-05 04:23:42 UTC, end at Fri 2022-08-05 04:44:04 UTC. --
Aug 05 04:23:42 ubuntu-server kernel: Linux version 5.4.0-81-generic (buildd@lgw01-amd64-052) (gcc version 9.3.0 (Ubuntu 9.3.0-17ubuntu1~20.04)) #91-Ubuntu SMP Thu Jul 15 19:09:17 UTC 2021 (Ubuntu 5.4.0-81.91-generic 5.4.128)
Aug 05 04:23:42 ubuntu-server kernel: Command line: initrd=/casper/initrd quiet  autoinstall ds=nocloud-net;s=http://10.0.2.2:8823/ ---
Aug 05 04:23:42 ubuntu-server kernel: KERNEL supported cpus:
Aug 05 04:23:42 ubuntu-server kernel:   Intel GenuineIntel
Aug 05 04:23:42 ubuntu-server kernel:   AMD AuthenticAMD
Aug 05 04:23:42 ubuntu-server kernel:   Hygon HygonGenuine
Aug 05 04:23:42 ubuntu-server kernel:   Centaur CentaurHauls
Aug 05 04:23:42 ubuntu-server kernel:   zhaoxin   Shanghai  
Aug 05 04:23:42 ubuntu-server kernel: x86/fpu: x87 FPU will use FXSAVE
Aug 05 04:23:42 ubuntu-server kernel: BIOS-provided physical RAM map:
Aug 05 04:23:42 ubuntu-server kernel: BIOS-e820: [mem 0x0000000000000000-0x000000000009fbff] usable
Aug 05 04:23:42 ubuntu-server kernel: BIOS-e820: [mem 0x000000000009fc00-0x000000000009ffff] reserved
Aug 05 04:23:42 ubuntu-server kernel: BIOS-e820: [mem 0x00000000000f0000-0x00000000000fffff] reserved
Aug 05 04:23:42 ubuntu-server kernel: BIOS-e820: [mem 0x0000000000100000-0x00000000bffdcfff] usable
Aug 05 04:23:42 ubuntu-server kernel: BIOS-e820: [mem 0x00000000bffdd000-0x00000000bfffffff] reserved
Aug 05 04:23:42 ubuntu-server kernel: BIOS-e820: [mem 0x00000000feffc000-0x00000000feffffff] reserved
Aug 05 04:23:42 ubuntu-server kernel: BIOS-e820: [mem 0x00000000fffc0000-0x00000000ffffffff] reserved
Aug 05 04:23:42 ubuntu-server kernel: BIOS-e820: [mem 0x0000000100000000-0x000000013fffffff] usable
Aug 05 04:23:42 ubuntu-server kernel: NX (Execute Disable) protection: active
Aug 05 04:23:42 ubuntu-server kernel: SMBIOS 2.8 present.
Aug 05 04:23:42 ubuntu-server kernel: DMI: QEMU Standard PC (i440FX + PIIX, 1996), BIOS ArchLinux 1.16.0-1 04/01/2014
Aug 05 04:23:42 ubuntu-server kernel: Hypervisor detected: KVM
Aug 05 04:23:42 ubuntu-server kernel: kvm-clock: Using msrs 4b564d01 and 4b564d00
Aug 05 04:23:42 ubuntu-server kernel: kvm-clock: cpu 0, msr 43601001, primary cpu clock
Aug 05 04:23:42 ubuntu-server kernel: kvm-clock: using sched offset of 57581047864 cycles
Aug 05 04:23:42 ubuntu-server kernel: clocksource: kvm-clock: mask: 0xffffffffffffffff max_cycles: 0x1cd42e4dffb, max_idle_ns: 881590591483 ns
Aug 05 04:23:42 ubuntu-server kernel: tsc: Detected 3696.060 MHz processor
Aug 05 04:23:42 ubuntu-server kernel: e820: update [mem 0x00000000-0x00000fff] usable ==> reserved
Aug 05 04:23:42 ubuntu-server kernel: e820: remove [mem 0x000a0000-0x000fffff] usable
Aug 05 04:23:42 ubuntu-server kernel: last_pfn = 0x140000 max_arch_pfn = 0x400000000
Aug 05 04:23:42 ubuntu-server kernel: MTRR default type: write-back
Aug 05 04:23:42 ubuntu-server kernel: MTRR fixed ranges enabled:
Aug 05 04:23:42 ubuntu-server kernel:   00000-9FFFF write-back
Aug 05 04:23:42 ubuntu-server kernel:   A0000-BFFFF uncachable
Aug 05 04:23:42 ubuntu-server kernel:   C0000-FFFFF write-protect
Aug 05 04:23:42 ubuntu-server kernel: MTRR variable ranges enabled:
Aug 05 04:23:42 ubuntu-server kernel:   0 base 00C0000000 mask FFC0000000 uncachable
Aug 05 04:23:42 ubuntu-server kernel:   1 disabled
Aug 05 04:23:42 ubuntu-server kernel:   2 disabled
Aug 05 04:23:42 ubuntu-server kernel:   3 disabled
Aug 05 04:23:42 ubuntu-server kernel:   4 disabled
Aug 05 04:23:42 ubuntu-server kernel:   5 disabled
Aug 05 04:23:42 ubuntu-server kernel:   6 disabled
Aug 05 04:23:42 ubuntu-server kernel:   7 disabled
Aug 05 04:23:42 ubuntu-server kernel: x86/PAT: Configuration [0-7]: WB  WC  UC- UC  WB  WP  UC- WT  
Aug 05 04:23:42 ubuntu-server kernel: last_pfn = 0xbffdd max_arch_pfn = 0x400000000
Aug 05 04:23:42 ubuntu-server kernel: found SMP MP-table at [mem 0x000f5b90-0x000f5b9f]
Aug 05 04:23:42 ubuntu-server kernel: check: Scanning 1 areas for low memory corruption
Aug 05 04:23:42 ubuntu-server kernel: RAMDISK: [mem 0x7adf7000-0x7fffffff]
Aug 05 04:23:42 ubuntu-server kernel: ACPI: Early table checksum verification disabled
Aug 05 04:23:42 ubuntu-server kernel: ACPI: RSDP 0x00000000000F59A0 000014 (v00 BOCHS )
Aug 05 04:23:42 ubuntu-server kernel: ACPI: RSDT 0x00000000BFFE1AE0 000034 (v01 BOCHS  BXPC     00000001 BXPC 00000001)
Aug 05 04:23:42 ubuntu-server kernel: ACPI: FACP 0x00000000BFFE196C 000074 (v01 BOCHS  BXPC     00000001 BXPC 00000001)
Aug 05 04:23:42 ubuntu-server kernel: ACPI: DSDT 0x00000000BFFE0040 00192C (v01 BOCHS  BXPC     00000001 BXPC 00000001)
Aug 05 04:23:42 ubuntu-server kernel: ACPI: FACS 0x00000000BFFE0000 000040
Aug 05 04:23:42 ubuntu-server kernel: ACPI: APIC 0x00000000BFFE19E0 0000A0 (v01 BOCHS  BXPC     00000001 BXPC 00000001)
Aug 05 04:23:42 ubuntu-server kernel: ACPI: HPET 0x00000000BFFE1A80 000038 (v01 BOCHS  BXPC     00000001 BXPC 00000001)
Aug 05 04:23:42 ubuntu-server kernel: ACPI: WAET 0x00000000BFFE1AB8 000028 (v01 BOCHS  BXPC     00000001 BXPC 00000001)
Aug 05 04:23:42 ubuntu-server kernel: ACPI: Reserving FACP table memory at [mem 0xbffe196c-0xbffe19df]
Aug 05 04:23:42 ubuntu-server kernel: ACPI: Reserving DSDT table memory at [mem 0xbffe0040-0xbffe196b]
Aug 05 04:23:42 ubuntu-server kernel: ACPI: Reserving FACS table memory at [mem 0xbffe0000-0xbffe003f]
Aug 05 04:23:42 ubuntu-server kernel: ACPI: Reserving APIC table memory at [mem 0xbffe19e0-0xbffe1a7f]
Aug 05 04:23:42 ubuntu-server kernel: ACPI: Reserving HPET table memory at [mem 0xbffe1a80-0xbffe1ab7]
Aug 05 04:23:42 ubuntu-server kernel: ACPI: Reserving WAET table memory at [mem 0xbffe1ab8-0xbffe1adf]
Aug 05 04:23:42 ubuntu-server kernel: ACPI: Local APIC address 0xfee00000
Aug 05 04:23:42 ubuntu-server kernel: No NUMA configuration found
Aug 05 04:23:42 ubuntu-server kernel: Faking a node at [mem 0x0000000000000000-0x000000013fffffff]
Aug 05 04:23:42 ubuntu-server kernel: NODE_DATA(0) allocated [mem 0x13ffd2000-0x13fffcfff]
Aug 05 04:23:42 ubuntu-server kernel: Zone ranges:
Aug 05 04:23:42 ubuntu-server kernel:   DMA      [mem 0x0000000000001000-0x0000000000ffffff]
Aug 05 04:23:42 ubuntu-server kernel:   DMA32    [mem 0x0000000001000000-0x00000000ffffffff]
Aug 05 04:23:42 ubuntu-server kernel:   Normal   [mem 0x0000000100000000-0x000000013fffffff]
Aug 05 04:23:42 ubuntu-server kernel:   Device   empty
Aug 05 04:23:42 ubuntu-server kernel: Movable zone start for each node
Aug 05 04:23:42 ubuntu-server kernel: Early memory node ranges
Aug 05 04:23:42 ubuntu-server kernel:   node   0: [mem 0x0000000000001000-0x000000000009efff]
Aug 05 04:23:42 ubuntu-server kernel:   node   0: [mem 0x0000000000100000-0x00000000bffdcfff]
Aug 05 04:23:42 ubuntu-server kernel:   node   0: [mem 0x0000000100000000-0x000000013fffffff]
Aug 05 04:23:42 ubuntu-server kernel: Zeroed struct page in unavailable ranges: 133 pages
Aug 05 04:23:42 ubuntu-server kernel: Initmem setup node 0 [mem 0x0000000000001000-0x000000013fffffff]
Aug 05 04:23:42 ubuntu-server kernel: On node 0 totalpages: 1048443
Aug 05 04:23:42 ubuntu-server kernel:   DMA zone: 64 pages used for memmap
Aug 05 04:23:42 ubuntu-server kernel:   DMA zone: 21 pages reserved
Aug 05 04:23:42 ubuntu-server kernel:   DMA zone: 3998 pages, LIFO batch:0
Aug 05 04:23:42 ubuntu-server kernel:   DMA32 zone: 12224 pages used for memmap
Aug 05 04:23:42 ubuntu-server kernel:   DMA32 zone: 782301 pages, LIFO batch:63
Aug 05 04:23:42 ubuntu-server kernel:   Normal zone: 4096 pages used for memmap
Aug 05 04:23:42 ubuntu-server kernel:   Normal zone: 262144 pages, LIFO batch:63
Aug 05 04:23:42 ubuntu-server kernel: ACPI: PM-Timer IO Port: 0x608
Aug 05 04:23:42 ubuntu-server kernel: ACPI: Local APIC address 0xfee00000
Aug 05 04:23:42 ubuntu-server kernel: ACPI: LAPIC_NMI (acpi_id[0xff] dfl dfl lint[0x1])
Aug 05 04:23:42 ubuntu-server kernel: IOAPIC[0]: apic_id 0, version 17, address 0xfec00000, GSI 0-23
Aug 05 04:23:42 ubuntu-server kernel: ACPI: INT_SRC_OVR (bus 0 bus_irq 0 global_irq 2 dfl dfl)
Aug 05 04:23:42 ubuntu-server kernel: ACPI: INT_SRC_OVR (bus 0 bus_irq 5 global_irq 5 high level)
Aug 05 04:23:42 ubuntu-server kernel: ACPI: INT_SRC_OVR (bus 0 bus_irq 9 global_irq 9 high level)
Aug 05 04:23:42 ubuntu-server kernel: ACPI: INT_SRC_OVR (bus 0 bus_irq 10 global_irq 10 high level)
Aug 05 04:23:42 ubuntu-server kernel: ACPI: INT_SRC_OVR (bus 0 bus_irq 11 global_irq 11 high level)
Aug 05 04:23:42 ubuntu-server kernel: ACPI: IRQ0 used by override.
Aug 05 04:23:42 ubuntu-server kernel: ACPI: IRQ5 used by override.
Aug 05 04:23:42 ubuntu-server kernel: ACPI: IRQ9 used by override.
Aug 05 04:23:42 ubuntu-server kernel: ACPI: IRQ10 used by override.
Aug 05 04:23:42 ubuntu-server kernel: ACPI: IRQ11 used by override.
Aug 05 04:23:42 ubuntu-server kernel: Using ACPI (MADT) for SMP configuration information
Aug 05 04:23:42 ubuntu-server kernel: ACPI: HPET id: 0x8086a201 base: 0xfed00000
Aug 05 04:23:42 ubuntu-server kernel: smpboot: Allowing 6 CPUs, 0 hotplug CPUs
Aug 05 04:23:42 ubuntu-server kernel: PM: Registered nosave memory: [mem 0x00000000-0x00000fff]
Aug 05 04:23:42 ubuntu-server kernel: PM: Registered nosave memory: [mem 0x0009f000-0x0009ffff]
Aug 05 04:23:42 ubuntu-server kernel: PM: Registered nosave memory: [mem 0x000a0000-0x000effff]
Aug 05 04:23:42 ubuntu-server kernel: PM: Registered nosave memory: [mem 0x000f0000-0x000fffff]
Aug 05 04:23:42 ubuntu-server kernel: PM: Registered nosave memory: [mem 0xbffdd000-0xbfffffff]
Aug 05 04:23:42 ubuntu-server kernel: PM: Registered nosave memory: [mem 0xc0000000-0xfeffbfff]
Aug 05 04:23:42 ubuntu-server kernel: PM: Registered nosave memory: [mem 0xfeffc000-0xfeffffff]
Aug 05 04:23:42 ubuntu-server kernel: PM: Registered nosave memory: [mem 0xff000000-0xfffbffff]
Aug 05 04:23:42 ubuntu-server kernel: PM: Registered nosave memory: [mem 0xfffc0000-0xffffffff]
Aug 05 04:23:42 ubuntu-server kernel: [mem 0xc0000000-0xfeffbfff] available for PCI devices
Aug 05 04:23:42 ubuntu-server kernel: Booting paravirtualized kernel on KVM
Aug 05 04:23:42 ubuntu-server kernel: clocksource: refined-jiffies: mask: 0xffffffff max_cycles: 0xffffffff, max_idle_ns: 7645519600211568 ns
Aug 05 04:23:42 ubuntu-server kernel: setup_percpu: NR_CPUS:8192 nr_cpumask_bits:6 nr_cpu_ids:6 nr_node_ids:1
Aug 05 04:23:42 ubuntu-server kernel: percpu: Embedded 55 pages/cpu s188416 r8192 d28672 u262144
Aug 05 04:23:42 ubuntu-server kernel: pcpu-alloc: s188416 r8192 d28672 u262144 alloc=1*2097152
Aug 05 04:23:42 ubuntu-server kernel: pcpu-alloc: [0] 0 1 2 3 4 5 - - 
Aug 05 04:23:42 ubuntu-server kernel: setup async PF for cpu 0
Aug 05 04:23:42 ubuntu-server kernel: kvm-stealtime: cpu 0, msr 13ba2d040
Aug 05 04:23:42 ubuntu-server kernel: Built 1 zonelists, mobility grouping on.  Total pages: 1032038
Aug 05 04:23:42 ubuntu-server kernel: Policy zone: Normal
Aug 05 04:23:42 ubuntu-server kernel: Kernel command line: initrd=/casper/initrd quiet  autoinstall ds=nocloud-net;s=http://10.0.2.2:8823/ ---
Aug 05 04:23:42 ubuntu-server kernel: Dentry cache hash table entries: 524288 (order: 10, 4194304 bytes, linear)
Aug 05 04:23:42 ubuntu-server kernel: Inode-cache hash table entries: 262144 (order: 9, 2097152 bytes, linear)
Aug 05 04:23:42 ubuntu-server kernel: mem auto-init: stack:off, heap alloc:on, heap free:off
Aug 05 04:23:42 ubuntu-server kernel: Calgary: detecting Calgary via BIOS EBDA area
Aug 05 04:23:42 ubuntu-server kernel: Calgary: Unable to locate Rio Grande table in EBDA - bailing!
Aug 05 04:23:42 ubuntu-server kernel: Memory: 3937708K/4193772K available (14339K kernel code, 2400K rwdata, 5016K rodata, 2736K init, 4964K bss, 256064K reserved, 0K cma-reserved)
Aug 05 04:23:42 ubuntu-server kernel: random: get_random_u64 called from kmem_cache_open+0x2d/0x410 with crng_init=0
Aug 05 04:23:42 ubuntu-server kernel: SLUB: HWalign=64, Order=0-3, MinObjects=0, CPUs=6, Nodes=1
Aug 05 04:23:42 ubuntu-server kernel: Kernel/User page tables isolation: enabled
Aug 05 04:23:42 ubuntu-server kernel: ftrace: allocating 44600 entries in 175 pages
Aug 05 04:23:42 ubuntu-server kernel: rcu: Hierarchical RCU implementation.
Aug 05 04:23:42 ubuntu-server kernel: rcu:         RCU restricting CPUs from NR_CPUS=8192 to nr_cpu_ids=6.
Aug 05 04:23:42 ubuntu-server kernel:         Tasks RCU enabled.
Aug 05 04:23:42 ubuntu-server kernel: rcu: RCU calculated value of scheduler-enlistment delay is 25 jiffies.
Aug 05 04:23:42 ubuntu-server kernel: rcu: Adjusting geometry for rcu_fanout_leaf=16, nr_cpu_ids=6
Aug 05 04:23:42 ubuntu-server kernel: NR_IRQS: 524544, nr_irqs: 472, preallocated irqs: 16
Aug 05 04:23:42 ubuntu-server kernel: Console: colour VGA+ 80x25
Aug 05 04:23:42 ubuntu-server kernel: printk: console [tty0] enabled
Aug 05 04:23:42 ubuntu-server kernel: ACPI: Core revision 20190816
Aug 05 04:23:42 ubuntu-server kernel: clocksource: hpet: mask: 0xffffffff max_cycles: 0xffffffff, max_idle_ns: 19112604467 ns
Aug 05 04:23:42 ubuntu-server kernel: APIC: Switch to symmetric I/O mode setup
Aug 05 04:23:42 ubuntu-server kernel: x2apic enabled
Aug 05 04:23:42 ubuntu-server kernel: Switched APIC routing to physical x2apic.
Aug 05 04:23:42 ubuntu-server kernel: ..TIMER: vector=0x30 apic1=0 pin1=2 apic2=-1 pin2=-1
Aug 05 04:23:42 ubuntu-server kernel: clocksource: tsc-early: mask: 0xffffffffffffffff max_cycles: 0x6a8d99b4e77, max_idle_ns: 881591096268 ns
Aug 05 04:23:42 ubuntu-server kernel: Calibrating delay loop (skipped) preset value.. 7392.12 BogoMIPS (lpj=14784240)
Aug 05 04:23:42 ubuntu-server kernel: pid_max: default: 32768 minimum: 301
Aug 05 04:23:42 ubuntu-server kernel: LSM: Security Framework initializing
Aug 05 04:23:42 ubuntu-server kernel: Yama: becoming mindful.
Aug 05 04:23:42 ubuntu-server kernel: AppArmor: AppArmor initialized
Aug 05 04:23:42 ubuntu-server kernel: Mount-cache hash table entries: 8192 (order: 4, 65536 bytes, linear)
Aug 05 04:23:42 ubuntu-server kernel: Mountpoint-cache hash table entries: 8192 (order: 4, 65536 bytes, linear)
Aug 05 04:23:42 ubuntu-server kernel: *** VALIDATE tmpfs ***
Aug 05 04:23:42 ubuntu-server kernel: *** VALIDATE proc ***
Aug 05 04:23:42 ubuntu-server kernel: *** VALIDATE cgroup1 ***
Aug 05 04:23:42 ubuntu-server kernel: *** VALIDATE cgroup2 ***
Aug 05 04:23:42 ubuntu-server kernel: Last level iTLB entries: 4KB 0, 2MB 0, 4MB 0
Aug 05 04:23:42 ubuntu-server kernel: Last level dTLB entries: 4KB 0, 2MB 0, 4MB 0, 1GB 0
Aug 05 04:23:42 ubuntu-server kernel: Spectre V1 : Mitigation: usercopy/swapgs barriers and __user pointer sanitization
Aug 05 04:23:42 ubuntu-server kernel: Spectre V2 : Mitigation: Full generic retpoline
Aug 05 04:23:42 ubuntu-server kernel: Spectre V2 : Spectre v2 / SpectreRSB mitigation: Filling RSB on context switch
Aug 05 04:23:42 ubuntu-server kernel: Speculative Store Bypass: Vulnerable
Aug 05 04:23:42 ubuntu-server kernel: MDS: Vulnerable: Clear CPU buffers attempted, no microcode
Aug 05 04:23:42 ubuntu-server kernel: Freeing SMP alternatives memory: 40K
Aug 05 04:23:42 ubuntu-server kernel: smpboot: CPU0: Intel QEMU Virtual CPU version 2.5+ (family: 0xf, model: 0x6b, stepping: 0x1)
Aug 05 04:23:42 ubuntu-server kernel: Performance Events: unsupported Netburst CPU model 107 no PMU driver, software events only.
Aug 05 04:23:42 ubuntu-server kernel: rcu: Hierarchical SRCU implementation.
Aug 05 04:23:42 ubuntu-server kernel: NMI watchdog: Perf NMI watchdog permanently disabled
Aug 05 04:23:42 ubuntu-server kernel: smp: Bringing up secondary CPUs ...
Aug 05 04:23:42 ubuntu-server kernel: x86: Booting SMP configuration:
Aug 05 04:23:42 ubuntu-server kernel: .... node  #0, CPUs:      #1
Aug 05 04:23:42 ubuntu-server kernel: kvm-clock: cpu 1, msr 43601041, secondary cpu clock
Aug 05 04:23:42 ubuntu-server kernel: setup async PF for cpu 1
Aug 05 04:23:42 ubuntu-server kernel: kvm-stealtime: cpu 1, msr 13ba6d040
Aug 05 04:23:42 ubuntu-server kernel:  #2
Aug 05 04:23:42 ubuntu-server kernel: kvm-clock: cpu 2, msr 43601081, secondary cpu clock
Aug 05 04:23:42 ubuntu-server kernel: setup async PF for cpu 2
Aug 05 04:23:42 ubuntu-server kernel: kvm-stealtime: cpu 2, msr 13baad040
Aug 05 04:23:42 ubuntu-server kernel:  #3
Aug 05 04:23:42 ubuntu-server kernel: kvm-clock: cpu 3, msr 436010c1, secondary cpu clock
Aug 05 04:23:42 ubuntu-server kernel: setup async PF for cpu 3
Aug 05 04:23:42 ubuntu-server kernel: kvm-stealtime: cpu 3, msr 13baed040
Aug 05 04:23:42 ubuntu-server kernel:  #4
Aug 05 04:23:42 ubuntu-server kernel: kvm-clock: cpu 4, msr 43601101, secondary cpu clock
Aug 05 04:23:42 ubuntu-server kernel: setup async PF for cpu 4
Aug 05 04:23:42 ubuntu-server kernel: kvm-stealtime: cpu 4, msr 13bb2d040
Aug 05 04:23:42 ubuntu-server kernel:  #5
Aug 05 04:23:42 ubuntu-server kernel: kvm-clock: cpu 5, msr 43601141, secondary cpu clock
Aug 05 04:23:42 ubuntu-server kernel: setup async PF for cpu 5
Aug 05 04:23:42 ubuntu-server kernel: kvm-stealtime: cpu 5, msr 13bb6d040
Aug 05 04:23:42 ubuntu-server kernel: smp: Brought up 1 node, 6 CPUs
Aug 05 04:23:42 ubuntu-server kernel: smpboot: Max logical packages: 1
Aug 05 04:23:42 ubuntu-server kernel: smpboot: Total of 6 processors activated (44352.72 BogoMIPS)
Aug 05 04:23:42 ubuntu-server kernel: devtmpfs: initialized
Aug 05 04:23:42 ubuntu-server kernel: x86/mm: Memory block size: 128MB
Aug 05 04:23:42 ubuntu-server kernel: clocksource: jiffies: mask: 0xffffffff max_cycles: 0xffffffff, max_idle_ns: 7645041785100000 ns
Aug 05 04:23:42 ubuntu-server kernel: futex hash table entries: 2048 (order: 5, 131072 bytes, linear)
Aug 05 04:23:42 ubuntu-server kernel: pinctrl core: initialized pinctrl subsystem
Aug 05 04:23:42 ubuntu-server kernel: PM: RTC time: 04:23:32, date: 2022-08-05
Aug 05 04:23:42 ubuntu-server kernel: NET: Registered protocol family 16
Aug 05 04:23:42 ubuntu-server kernel: audit: initializing netlink subsys (disabled)
Aug 05 04:23:42 ubuntu-server kernel: audit: type=2000 audit(1659673413.643:1): state=initialized audit_enabled=0 res=1
Aug 05 04:23:42 ubuntu-server kernel: EISA bus registered
Aug 05 04:23:42 ubuntu-server kernel: cpuidle: using governor ladder
Aug 05 04:23:42 ubuntu-server kernel: cpuidle: using governor menu
Aug 05 04:23:42 ubuntu-server kernel: ACPI: bus type PCI registered
Aug 05 04:23:42 ubuntu-server kernel: acpiphp: ACPI Hot Plug PCI Controller Driver version: 0.5
Aug 05 04:23:42 ubuntu-server kernel: PCI: Using configuration type 1 for base access
Aug 05 04:23:42 ubuntu-server kernel: HugeTLB registered 2.00 MiB page size, pre-allocated 0 pages
Aug 05 04:23:42 ubuntu-server kernel: ACPI: Added _OSI(Module Device)
Aug 05 04:23:42 ubuntu-server kernel: ACPI: Added _OSI(Processor Device)
Aug 05 04:23:42 ubuntu-server kernel: ACPI: Added _OSI(3.0 _SCP Extensions)
Aug 05 04:23:42 ubuntu-server kernel: ACPI: Added _OSI(Processor Aggregator Device)
Aug 05 04:23:42 ubuntu-server kernel: ACPI: Added _OSI(Linux-Dell-Video)
Aug 05 04:23:42 ubuntu-server kernel: ACPI: Added _OSI(Linux-Lenovo-NV-HDMI-Audio)
Aug 05 04:23:42 ubuntu-server kernel: ACPI: Added _OSI(Linux-HPI-Hybrid-Graphics)
Aug 05 04:23:42 ubuntu-server kernel: ACPI: 1 ACPI AML tables successfully acquired and loaded
Aug 05 04:23:42 ubuntu-server kernel: ACPI: Interpreter enabled
Aug 05 04:23:42 ubuntu-server kernel: ACPI: (supports S0 S3 S4 S5)
Aug 05 04:23:42 ubuntu-server kernel: ACPI: Using IOAPIC for interrupt routing
Aug 05 04:23:42 ubuntu-server kernel: PCI: Using host bridge windows from ACPI; if necessary, use "pci=nocrs" and report a bug
Aug 05 04:23:42 ubuntu-server kernel: ACPI: Enabled 2 GPEs in block 00 to 0F
Aug 05 04:23:42 ubuntu-server kernel: ACPI: PCI Root Bridge [PCI0] (domain 0000 [bus 00-ff])
Aug 05 04:23:42 ubuntu-server kernel: acpi PNP0A03:00: _OSC: OS supports [ASPM ClockPM Segments MSI HPX-Type3]
Aug 05 04:23:42 ubuntu-server kernel: acpi PNP0A03:00: fail to add MMCONFIG information, can't access extended PCI configuration space under this bridge.
Aug 05 04:23:42 ubuntu-server kernel: acpiphp: Slot [3] registered
Aug 05 04:23:42 ubuntu-server kernel: acpiphp: Slot [4] registered
Aug 05 04:23:42 ubuntu-server kernel: acpiphp: Slot [5] registered
Aug 05 04:23:42 ubuntu-server kernel: acpiphp: Slot [6] registered
Aug 05 04:23:42 ubuntu-server kernel: acpiphp: Slot [7] registered
Aug 05 04:23:42 ubuntu-server kernel: acpiphp: Slot [8] registered
Aug 05 04:23:42 ubuntu-server kernel: acpiphp: Slot [9] registered
Aug 05 04:23:42 ubuntu-server kernel: acpiphp: Slot [10] registered
Aug 05 04:23:42 ubuntu-server kernel: acpiphp: Slot [11] registered
Aug 05 04:23:42 ubuntu-server kernel: acpiphp: Slot [12] registered
Aug 05 04:23:42 ubuntu-server kernel: acpiphp: Slot [13] registered
Aug 05 04:23:42 ubuntu-server kernel: acpiphp: Slot [14] registered
Aug 05 04:23:42 ubuntu-server kernel: acpiphp: Slot [15] registered
Aug 05 04:23:42 ubuntu-server kernel: acpiphp: Slot [16] registered
Aug 05 04:23:42 ubuntu-server kernel: acpiphp: Slot [17] registered
Aug 05 04:23:42 ubuntu-server kernel: acpiphp: Slot [18] registered
Aug 05 04:23:42 ubuntu-server kernel: acpiphp: Slot [19] registered
Aug 05 04:23:42 ubuntu-server kernel: acpiphp: Slot [20] registered
Aug 05 04:23:42 ubuntu-server kernel: acpiphp: Slot [21] registered
Aug 05 04:23:42 ubuntu-server kernel: acpiphp: Slot [22] registered
Aug 05 04:23:42 ubuntu-server kernel: acpiphp: Slot [23] registered
Aug 05 04:23:42 ubuntu-server kernel: acpiphp: Slot [24] registered
Aug 05 04:23:42 ubuntu-server kernel: acpiphp: Slot [25] registered
Aug 05 04:23:42 ubuntu-server kernel: acpiphp: Slot [26] registered
Aug 05 04:23:42 ubuntu-server kernel: acpiphp: Slot [27] registered
Aug 05 04:23:42 ubuntu-server kernel: acpiphp: Slot [28] registered
Aug 05 04:23:42 ubuntu-server kernel: acpiphp: Slot [29] registered
Aug 05 04:23:42 ubuntu-server kernel: acpiphp: Slot [30] registered
Aug 05 04:23:42 ubuntu-server kernel: acpiphp: Slot [31] registered
Aug 05 04:23:42 ubuntu-server kernel: PCI host bridge to bus 0000:00
Aug 05 04:23:42 ubuntu-server kernel: pci_bus 0000:00: root bus resource [io  0x0000-0x0cf7 window]
Aug 05 04:23:42 ubuntu-server kernel: pci_bus 0000:00: root bus resource [io  0x0d00-0xffff window]
Aug 05 04:23:42 ubuntu-server kernel: pci_bus 0000:00: root bus resource [mem 0x000a0000-0x000bffff window]
Aug 05 04:23:42 ubuntu-server kernel: pci_bus 0000:00: root bus resource [mem 0xc0000000-0xfebfffff window]
Aug 05 04:23:42 ubuntu-server kernel: pci_bus 0000:00: root bus resource [mem 0x140000000-0x1bfffffff window]
Aug 05 04:23:42 ubuntu-server kernel: pci_bus 0000:00: root bus resource [bus 00-ff]
Aug 05 04:23:42 ubuntu-server kernel: pci 0000:00:00.0: [8086:1237] type 00 class 0x060000
Aug 05 04:23:42 ubuntu-server kernel: pci 0000:00:01.0: [8086:7000] type 00 class 0x060100
Aug 05 04:23:42 ubuntu-server kernel: pci 0000:00:01.1: [8086:7010] type 00 class 0x010180
Aug 05 04:23:42 ubuntu-server kernel: pci 0000:00:01.1: reg 0x20: [io  0xc0a0-0xc0af]
Aug 05 04:23:42 ubuntu-server kernel: pci 0000:00:01.1: legacy IDE quirk: reg 0x10: [io  0x01f0-0x01f7]
Aug 05 04:23:42 ubuntu-server kernel: pci 0000:00:01.1: legacy IDE quirk: reg 0x14: [io  0x03f6]
Aug 05 04:23:42 ubuntu-server kernel: pci 0000:00:01.1: legacy IDE quirk: reg 0x18: [io  0x0170-0x0177]
Aug 05 04:23:42 ubuntu-server kernel: pci 0000:00:01.1: legacy IDE quirk: reg 0x1c: [io  0x0376]
Aug 05 04:23:42 ubuntu-server kernel: pci 0000:00:01.3: [8086:7113] type 00 class 0x068000
Aug 05 04:23:42 ubuntu-server kernel: pci 0000:00:01.3: quirk: [io  0x0600-0x063f] claimed by PIIX4 ACPI
Aug 05 04:23:42 ubuntu-server kernel: pci 0000:00:01.3: quirk: [io  0x0700-0x070f] claimed by PIIX4 SMB
Aug 05 04:23:42 ubuntu-server kernel: pci 0000:00:02.0: [1234:1111] type 00 class 0x030000
Aug 05 04:23:42 ubuntu-server kernel: pci 0000:00:02.0: reg 0x10: [mem 0xfd000000-0xfdffffff pref]
Aug 05 04:23:42 ubuntu-server kernel: pci 0000:00:02.0: reg 0x18: [mem 0xfebd0000-0xfebd0fff]
Aug 05 04:23:42 ubuntu-server kernel: pci 0000:00:02.0: reg 0x30: [mem 0xfebc0000-0xfebcffff pref]
Aug 05 04:23:42 ubuntu-server kernel: pci 0000:00:03.0: [1af4:1000] type 00 class 0x020000
Aug 05 04:23:42 ubuntu-server kernel: pci 0000:00:03.0: reg 0x10: [io  0xc080-0xc09f]
Aug 05 04:23:42 ubuntu-server kernel: pci 0000:00:03.0: reg 0x14: [mem 0xfebd1000-0xfebd1fff]
Aug 05 04:23:42 ubuntu-server kernel: pci 0000:00:03.0: reg 0x20: [mem 0xfe000000-0xfe003fff 64bit pref]
Aug 05 04:23:42 ubuntu-server kernel: pci 0000:00:03.0: reg 0x30: [mem 0xfeb80000-0xfebbffff pref]
Aug 05 04:23:42 ubuntu-server kernel: pci 0000:00:04.0: [1af4:1001] type 00 class 0x010000
Aug 05 04:23:42 ubuntu-server kernel: pci 0000:00:04.0: reg 0x10: [io  0xc000-0xc07f]
Aug 05 04:23:42 ubuntu-server kernel: pci 0000:00:04.0: reg 0x14: [mem 0xfebd2000-0xfebd2fff]
Aug 05 04:23:42 ubuntu-server kernel: pci 0000:00:04.0: reg 0x20: [mem 0xfe004000-0xfe007fff 64bit pref]
Aug 05 04:23:42 ubuntu-server kernel: ACPI: PCI Interrupt Link [LNKA] (IRQs 5 *10 11)
Aug 05 04:23:42 ubuntu-server kernel: ACPI: PCI Interrupt Link [LNKB] (IRQs 5 *10 11)
Aug 05 04:23:42 ubuntu-server kernel: ACPI: PCI Interrupt Link [LNKC] (IRQs 5 10 *11)
Aug 05 04:23:42 ubuntu-server kernel: ACPI: PCI Interrupt Link [LNKD] (IRQs 5 10 *11)
Aug 05 04:23:42 ubuntu-server kernel: ACPI: PCI Interrupt Link [LNKS] (IRQs *9)
Aug 05 04:23:42 ubuntu-server kernel: iommu: Default domain type: Translated 
Aug 05 04:23:42 ubuntu-server kernel: SCSI subsystem initialized
Aug 05 04:23:42 ubuntu-server kernel: libata version 3.00 loaded.
Aug 05 04:23:42 ubuntu-server kernel: pci 0000:00:02.0: vgaarb: setting as boot VGA device
Aug 05 04:23:42 ubuntu-server kernel: pci 0000:00:02.0: vgaarb: VGA device added: decodes=io+mem,owns=io+mem,locks=none
Aug 05 04:23:42 ubuntu-server kernel: pci 0000:00:02.0: vgaarb: bridge control possible
Aug 05 04:23:42 ubuntu-server kernel: vgaarb: loaded
Aug 05 04:23:42 ubuntu-server kernel: ACPI: bus type USB registered
Aug 05 04:23:42 ubuntu-server kernel: usbcore: registered new interface driver usbfs
Aug 05 04:23:42 ubuntu-server kernel: usbcore: registered new interface driver hub
Aug 05 04:23:42 ubuntu-server kernel: usbcore: registered new device driver usb
Aug 05 04:23:42 ubuntu-server kernel: pps_core: LinuxPPS API ver. 1 registered
Aug 05 04:23:42 ubuntu-server kernel: pps_core: Software ver. 5.3.6 - Copyright 2005-2007 Rodolfo Giometti <giometti@linux.it>
Aug 05 04:23:42 ubuntu-server kernel: PTP clock support registered
Aug 05 04:23:42 ubuntu-server kernel: EDAC MC: Ver: 3.0.0
Aug 05 04:23:42 ubuntu-server kernel: PCI: Using ACPI for IRQ routing
Aug 05 04:23:42 ubuntu-server kernel: PCI: pci_cache_line_size set to 64 bytes
Aug 05 04:23:42 ubuntu-server kernel: e820: reserve RAM buffer [mem 0x0009fc00-0x0009ffff]
Aug 05 04:23:42 ubuntu-server kernel: e820: reserve RAM buffer [mem 0xbffdd000-0xbfffffff]
Aug 05 04:23:42 ubuntu-server kernel: NetLabel: Initializing
Aug 05 04:23:42 ubuntu-server kernel: NetLabel:  domain hash size = 128
Aug 05 04:23:42 ubuntu-server kernel: NetLabel:  protocols = UNLABELED CIPSOv4 CALIPSO
Aug 05 04:23:42 ubuntu-server kernel: NetLabel:  unlabeled traffic allowed by default
Aug 05 04:23:42 ubuntu-server kernel: hpet: 3 channels of 0 reserved for per-cpu timers
Aug 05 04:23:42 ubuntu-server kernel: hpet0: at MMIO 0xfed00000, IRQs 2, 8, 0
Aug 05 04:23:42 ubuntu-server kernel: hpet0: 3 comparators, 64-bit 100.000000 MHz counter
Aug 05 04:23:42 ubuntu-server kernel: clocksource: Switched to clocksource kvm-clock
Aug 05 04:23:42 ubuntu-server kernel: *** VALIDATE bpf ***
Aug 05 04:23:42 ubuntu-server kernel: VFS: Disk quotas dquot_6.6.0
Aug 05 04:23:42 ubuntu-server kernel: VFS: Dquot-cache hash table entries: 512 (order 0, 4096 bytes)
Aug 05 04:23:42 ubuntu-server kernel: *** VALIDATE ramfs ***
Aug 05 04:23:42 ubuntu-server kernel: *** VALIDATE hugetlbfs ***
Aug 05 04:23:42 ubuntu-server kernel: AppArmor: AppArmor Filesystem Enabled
Aug 05 04:23:42 ubuntu-server kernel: pnp: PnP ACPI init
Aug 05 04:23:42 ubuntu-server kernel: pnp 00:00: Plug and Play ACPI device, IDs PNP0303 (active)
Aug 05 04:23:42 ubuntu-server kernel: pnp 00:01: Plug and Play ACPI device, IDs PNP0f13 (active)
Aug 05 04:23:42 ubuntu-server kernel: pnp 00:02: [dma 2]
Aug 05 04:23:42 ubuntu-server kernel: pnp 00:02: Plug and Play ACPI device, IDs PNP0700 (active)
Aug 05 04:23:42 ubuntu-server kernel: pnp 00:03: Plug and Play ACPI device, IDs PNP0400 (active)
Aug 05 04:23:42 ubuntu-server kernel: pnp 00:04: Plug and Play ACPI device, IDs PNP0501 (active)
Aug 05 04:23:42 ubuntu-server kernel: pnp 00:05: Plug and Play ACPI device, IDs PNP0b00 (active)
Aug 05 04:23:42 ubuntu-server kernel: pnp: PnP ACPI: found 6 devices
Aug 05 04:23:42 ubuntu-server kernel: thermal_sys: Registered thermal governor 'fair_share'
Aug 05 04:23:42 ubuntu-server kernel: thermal_sys: Registered thermal governor 'bang_bang'
Aug 05 04:23:42 ubuntu-server kernel: thermal_sys: Registered thermal governor 'step_wise'
Aug 05 04:23:42 ubuntu-server kernel: thermal_sys: Registered thermal governor 'user_space'
Aug 05 04:23:42 ubuntu-server kernel: thermal_sys: Registered thermal governor 'power_allocator'
Aug 05 04:23:42 ubuntu-server kernel: clocksource: acpi_pm: mask: 0xffffff max_cycles: 0xffffff, max_idle_ns: 2085701024 ns
Aug 05 04:23:42 ubuntu-server kernel: pci_bus 0000:00: resource 4 [io  0x0000-0x0cf7 window]
Aug 05 04:23:42 ubuntu-server kernel: pci_bus 0000:00: resource 5 [io  0x0d00-0xffff window]
Aug 05 04:23:42 ubuntu-server kernel: pci_bus 0000:00: resource 6 [mem 0x000a0000-0x000bffff window]
Aug 05 04:23:42 ubuntu-server kernel: pci_bus 0000:00: resource 7 [mem 0xc0000000-0xfebfffff window]
Aug 05 04:23:42 ubuntu-server kernel: pci_bus 0000:00: resource 8 [mem 0x140000000-0x1bfffffff window]
Aug 05 04:23:42 ubuntu-server kernel: NET: Registered protocol family 2
Aug 05 04:23:42 ubuntu-server kernel: IP idents hash table entries: 65536 (order: 7, 524288 bytes, linear)
Aug 05 04:23:42 ubuntu-server kernel: tcp_listen_portaddr_hash hash table entries: 2048 (order: 3, 32768 bytes, linear)
Aug 05 04:23:42 ubuntu-server kernel: TCP established hash table entries: 32768 (order: 6, 262144 bytes, linear)
Aug 05 04:23:42 ubuntu-server kernel: TCP bind hash table entries: 32768 (order: 7, 524288 bytes, linear)
Aug 05 04:23:42 ubuntu-server kernel: TCP: Hash tables configured (established 32768 bind 32768)
Aug 05 04:23:42 ubuntu-server kernel: UDP hash table entries: 2048 (order: 4, 65536 bytes, linear)
Aug 05 04:23:42 ubuntu-server kernel: UDP-Lite hash table entries: 2048 (order: 4, 65536 bytes, linear)
Aug 05 04:23:42 ubuntu-server kernel: NET: Registered protocol family 1
Aug 05 04:23:42 ubuntu-server kernel: NET: Registered protocol family 44
Aug 05 04:23:42 ubuntu-server kernel: pci 0000:00:01.0: PIIX3: Enabling Passive Release
Aug 05 04:23:42 ubuntu-server kernel: pci 0000:00:00.0: Limiting direct PCI/PCI transfers
Aug 05 04:23:42 ubuntu-server kernel: pci 0000:00:01.0: Activating ISA DMA hang workarounds
Aug 05 04:23:42 ubuntu-server kernel: pci 0000:00:02.0: Video device with shadowed ROM at [mem 0x000c0000-0x000dffff]
Aug 05 04:23:42 ubuntu-server kernel: PCI: CLS 0 bytes, default 64
Aug 05 04:23:42 ubuntu-server kernel: Trying to unpack rootfs image as initramfs...
Aug 05 04:23:42 ubuntu-server kernel: Freeing initrd memory: 84004K
Aug 05 04:23:42 ubuntu-server kernel: PCI-DMA: Using software bounce buffering for IO (SWIOTLB)
Aug 05 04:23:42 ubuntu-server kernel: software IO TLB: mapped [mem 0xbbfdd000-0xbffdd000] (64MB)
Aug 05 04:23:42 ubuntu-server kernel: clocksource: tsc: mask: 0xffffffffffffffff max_cycles: 0x6a8d99b4e77, max_idle_ns: 881591096268 ns
Aug 05 04:23:42 ubuntu-server kernel: check: Scanning for low memory corruption every 60 seconds
Aug 05 04:23:42 ubuntu-server kernel: Initialise system trusted keyrings
Aug 05 04:23:42 ubuntu-server kernel: Key type blacklist registered
Aug 05 04:23:42 ubuntu-server kernel: workingset: timestamp_bits=36 max_order=20 bucket_order=0
Aug 05 04:23:42 ubuntu-server kernel: zbud: loaded
Aug 05 04:23:42 ubuntu-server kernel: squashfs: version 4.0 (2009/01/31) Phillip Lougher
Aug 05 04:23:42 ubuntu-server kernel: fuse: init (API version 7.31)
Aug 05 04:23:42 ubuntu-server kernel: *** VALIDATE fuse ***
Aug 05 04:23:42 ubuntu-server kernel: *** VALIDATE fuse ***
Aug 05 04:23:42 ubuntu-server kernel: Platform Keyring initialized
Aug 05 04:23:42 ubuntu-server kernel: Key type asymmetric registered
Aug 05 04:23:42 ubuntu-server kernel: Asymmetric key parser 'x509' registered
Aug 05 04:23:42 ubuntu-server kernel: Block layer SCSI generic (bsg) driver version 0.4 loaded (major 244)
Aug 05 04:23:42 ubuntu-server kernel: io scheduler mq-deadline registered
Aug 05 04:23:42 ubuntu-server kernel: shpchp: Standard Hot Plug PCI Controller Driver version: 0.4
Aug 05 04:23:42 ubuntu-server kernel: input: Power Button as /devices/LNXSYSTM:00/LNXPWRBN:00/input/input0
Aug 05 04:23:42 ubuntu-server kernel: ACPI: Power Button [PWRF]
Aug 05 04:23:42 ubuntu-server kernel: PCI Interrupt Link [LNKC] enabled at IRQ 11
Aug 05 04:23:42 ubuntu-server kernel: PCI Interrupt Link [LNKD] enabled at IRQ 10
Aug 05 04:23:42 ubuntu-server kernel: Serial: 8250/16550 driver, 32 ports, IRQ sharing enabled
Aug 05 04:23:42 ubuntu-server kernel: 00:04: ttyS0 at I/O 0x3f8 (irq = 4, base_baud = 115200) is a 16550A
Aug 05 04:23:42 ubuntu-server kernel: Linux agpgart interface v0.103
Aug 05 04:23:42 ubuntu-server kernel: loop: module loaded
Aug 05 04:23:42 ubuntu-server kernel: ata_piix 0000:00:01.1: version 2.13
Aug 05 04:23:42 ubuntu-server kernel: scsi host0: ata_piix
Aug 05 04:23:42 ubuntu-server kernel: scsi host1: ata_piix
Aug 05 04:23:42 ubuntu-server kernel: ata1: PATA max MWDMA2 cmd 0x1f0 ctl 0x3f6 bmdma 0xc0a0 irq 14
Aug 05 04:23:42 ubuntu-server kernel: ata2: PATA max MWDMA2 cmd 0x170 ctl 0x376 bmdma 0xc0a8 irq 15
Aug 05 04:23:42 ubuntu-server kernel: libphy: Fixed MDIO Bus: probed
Aug 05 04:23:42 ubuntu-server kernel: tun: Universal TUN/TAP device driver, 1.6
Aug 05 04:23:42 ubuntu-server kernel: PPP generic driver version 2.4.2
Aug 05 04:23:42 ubuntu-server kernel: VFIO - User Level meta-driver version: 0.3
Aug 05 04:23:42 ubuntu-server kernel: ehci_hcd: USB 2.0 'Enhanced' Host Controller (EHCI) Driver
Aug 05 04:23:42 ubuntu-server kernel: ehci-pci: EHCI PCI platform driver
Aug 05 04:23:42 ubuntu-server kernel: ehci-platform: EHCI generic platform driver
Aug 05 04:23:42 ubuntu-server kernel: ohci_hcd: USB 1.1 'Open' Host Controller (OHCI) Driver
Aug 05 04:23:42 ubuntu-server kernel: ohci-pci: OHCI PCI platform driver
Aug 05 04:23:42 ubuntu-server kernel: ohci-platform: OHCI generic platform driver
Aug 05 04:23:42 ubuntu-server kernel: uhci_hcd: USB Universal Host Controller Interface driver
Aug 05 04:23:42 ubuntu-server kernel: i8042: PNP: PS/2 Controller [PNP0303:KBD,PNP0f13:MOU] at 0x60,0x64 irq 1,12
Aug 05 04:23:42 ubuntu-server kernel: serio: i8042 KBD port at 0x60,0x64 irq 1
Aug 05 04:23:42 ubuntu-server kernel: serio: i8042 AUX port at 0x60,0x64 irq 12
Aug 05 04:23:42 ubuntu-server kernel: mousedev: PS/2 mouse device common for all mice
Aug 05 04:23:42 ubuntu-server kernel: rtc_cmos 00:05: RTC can wake from S4
Aug 05 04:23:42 ubuntu-server kernel: input: AT Translated Set 2 keyboard as /devices/platform/i8042/serio0/input/input1
Aug 05 04:23:42 ubuntu-server kernel: rtc_cmos 00:05: registered as rtc0
Aug 05 04:23:42 ubuntu-server kernel: rtc_cmos 00:05: alarms up to one day, y3k, 242 bytes nvram, hpet irqs
Aug 05 04:23:42 ubuntu-server kernel: i2c /dev entries driver
Aug 05 04:23:42 ubuntu-server kernel: device-mapper: uevent: version 1.0.3
Aug 05 04:23:42 ubuntu-server kernel: device-mapper: ioctl: 4.41.0-ioctl (2019-09-16) initialised: dm-devel@redhat.com
Aug 05 04:23:42 ubuntu-server kernel: platform eisa.0: Probing EISA bus 0
Aug 05 04:23:42 ubuntu-server kernel: platform eisa.0: EISA: Cannot allocate resource for mainboard
Aug 05 04:23:42 ubuntu-server kernel: platform eisa.0: Cannot allocate resource for EISA slot 1
Aug 05 04:23:42 ubuntu-server kernel: platform eisa.0: Cannot allocate resource for EISA slot 2
Aug 05 04:23:42 ubuntu-server kernel: platform eisa.0: Cannot allocate resource for EISA slot 3
Aug 05 04:23:42 ubuntu-server kernel: platform eisa.0: Cannot allocate resource for EISA slot 4
Aug 05 04:23:42 ubuntu-server kernel: platform eisa.0: Cannot allocate resource for EISA slot 5
Aug 05 04:23:42 ubuntu-server kernel: platform eisa.0: Cannot allocate resource for EISA slot 6
Aug 05 04:23:42 ubuntu-server kernel: platform eisa.0: Cannot allocate resource for EISA slot 7
Aug 05 04:23:42 ubuntu-server kernel: platform eisa.0: Cannot allocate resource for EISA slot 8
Aug 05 04:23:42 ubuntu-server kernel: platform eisa.0: EISA: Detected 0 cards
Aug 05 04:23:42 ubuntu-server kernel: intel_pstate: CPU model not supported
Aug 05 04:23:42 ubuntu-server kernel: ledtrig-cpu: registered to indicate activity on CPUs
Aug 05 04:23:42 ubuntu-server kernel: drop_monitor: Initializing network drop monitor service
Aug 05 04:23:42 ubuntu-server kernel: NET: Registered protocol family 10
Aug 05 04:23:42 ubuntu-server kernel: Segment Routing with IPv6
Aug 05 04:23:42 ubuntu-server kernel: NET: Registered protocol family 17
Aug 05 04:23:42 ubuntu-server kernel: Key type dns_resolver registered
Aug 05 04:23:42 ubuntu-server kernel: RAS: Correctable Errors collector initialized.
Aug 05 04:23:42 ubuntu-server kernel: IPI shorthand broadcast: enabled
Aug 05 04:23:42 ubuntu-server kernel: sched_clock: Marking stable (609003178, 8311411)->(622682522, -5367933)
Aug 05 04:23:42 ubuntu-server kernel: registered taskstats version 1
Aug 05 04:23:42 ubuntu-server kernel: Loading compiled-in X.509 certificates
Aug 05 04:23:42 ubuntu-server kernel: Loaded X.509 cert 'Build time autogenerated kernel key: f4fb9be2b6864c65d1a1bb6d73ac6dae2f9d356d'
Aug 05 04:23:42 ubuntu-server kernel: Loaded X.509 cert 'Canonical Ltd. Live Patch Signing: 14df34d1a87cf37625abec039ef2bf521249b969'
Aug 05 04:23:42 ubuntu-server kernel: Loaded X.509 cert 'Canonical Ltd. Kernel Module Signing: 88f752e560a1e0737e31163a466ad7b70a850c19'
Aug 05 04:23:42 ubuntu-server kernel: zswap: loaded using pool lzo/zbud
Aug 05 04:23:42 ubuntu-server kernel: Key type ._fscrypt registered
Aug 05 04:23:42 ubuntu-server kernel: Key type .fscrypt registered
Aug 05 04:23:42 ubuntu-server kernel: Key type big_key registered
Aug 05 04:23:42 ubuntu-server kernel: Key type encrypted registered
Aug 05 04:23:42 ubuntu-server kernel: AppArmor: AppArmor sha1 policy hashing enabled
Aug 05 04:23:42 ubuntu-server kernel: ima: No TPM chip found, activating TPM-bypass!
Aug 05 04:23:42 ubuntu-server kernel: ima: Allocated hash algorithm: sha1
Aug 05 04:23:42 ubuntu-server kernel: ima: No architecture policies found
Aug 05 04:23:42 ubuntu-server kernel: evm: Initialising EVM extended attributes:
Aug 05 04:23:42 ubuntu-server kernel: evm: security.selinux
Aug 05 04:23:42 ubuntu-server kernel: evm: security.SMACK64
Aug 05 04:23:42 ubuntu-server kernel: evm: security.SMACK64EXEC
Aug 05 04:23:42 ubuntu-server kernel: evm: security.SMACK64TRANSMUTE
Aug 05 04:23:42 ubuntu-server kernel: evm: security.SMACK64MMAP
Aug 05 04:23:42 ubuntu-server kernel: evm: security.apparmor
Aug 05 04:23:42 ubuntu-server kernel: evm: security.ima
Aug 05 04:23:42 ubuntu-server kernel: evm: security.capability
Aug 05 04:23:42 ubuntu-server kernel: evm: HMAC attrs: 0x1
Aug 05 04:23:42 ubuntu-server kernel: PM:   Magic number: 2:631:362
Aug 05 04:23:42 ubuntu-server kernel: rtc_cmos 00:05: setting system clock to 2022-08-05T04:23:33 UTC (1659673413)
Aug 05 04:23:42 ubuntu-server kernel: ata1.01: NODEV after polling detection
Aug 05 04:23:42 ubuntu-server kernel: ata2.01: NODEV after polling detection
Aug 05 04:23:42 ubuntu-server kernel: ata1.00: ATAPI: QEMU DVD-ROM, 2.5+, max UDMA/100
Aug 05 04:23:42 ubuntu-server kernel: ata2.00: ATAPI: QEMU DVD-ROM, 2.5+, max UDMA/100
Aug 05 04:23:42 ubuntu-server kernel: scsi 0:0:0:0: CD-ROM            QEMU     QEMU DVD-ROM     2.5+ PQ: 0 ANSI: 5
Aug 05 04:23:42 ubuntu-server kernel: sr 0:0:0:0: [sr0] scsi3-mmc drive: 4x/4x cd/rw xa/form2 tray
Aug 05 04:23:42 ubuntu-server kernel: cdrom: Uniform CD-ROM driver Revision: 3.20
Aug 05 04:23:42 ubuntu-server kernel: sr 0:0:0:0: Attached scsi CD-ROM sr0
Aug 05 04:23:42 ubuntu-server kernel: sr 0:0:0:0: Attached scsi generic sg0 type 5
Aug 05 04:23:42 ubuntu-server kernel: scsi 1:0:0:0: CD-ROM            QEMU     QEMU DVD-ROM     2.5+ PQ: 0 ANSI: 5
Aug 05 04:23:42 ubuntu-server kernel: sr 1:0:0:0: [sr1] scsi3-mmc drive: 4x/4x cd/rw xa/form2 tray
Aug 05 04:23:42 ubuntu-server kernel: sr 1:0:0:0: Attached scsi CD-ROM sr1
Aug 05 04:23:42 ubuntu-server kernel: sr 1:0:0:0: Attached scsi generic sg1 type 5
Aug 05 04:23:42 ubuntu-server kernel: Freeing unused decrypted memory: 2040K
Aug 05 04:23:42 ubuntu-server kernel: Freeing unused kernel image memory: 2736K
Aug 05 04:23:42 ubuntu-server kernel: Write protecting the kernel read-only data: 22528k
Aug 05 04:23:42 ubuntu-server kernel: Freeing unused kernel image memory: 2008K
Aug 05 04:23:42 ubuntu-server kernel: Freeing unused kernel image memory: 1128K
Aug 05 04:23:42 ubuntu-server kernel: x86/mm: Checked W+X mappings: passed, no W+X pages found.
Aug 05 04:23:42 ubuntu-server kernel: x86/mm: Checking user space page tables
Aug 05 04:23:42 ubuntu-server kernel: x86/mm: Checked W+X mappings: passed, no W+X pages found.
Aug 05 04:23:42 ubuntu-server kernel: Run /init as init process
Aug 05 04:23:42 ubuntu-server kernel: Floppy drive(s): fd0 is 2.88M AMI BIOS
Aug 05 04:23:42 ubuntu-server kernel: piix4_smbus 0000:00:01.3: SMBus Host Controller at 0x700, revision 0
Aug 05 04:23:42 ubuntu-server kernel: FDC 0 is a S82078B
Aug 05 04:23:42 ubuntu-server kernel: virtio_blk virtio1: [vda] 16384000 512-byte logical blocks (8.39 GB/7.81 GiB)
Aug 05 04:23:42 ubuntu-server kernel: input: VirtualPS/2 VMware VMMouse as /devices/platform/i8042/serio1/input/input4
Aug 05 04:23:42 ubuntu-server kernel: input: VirtualPS/2 VMware VMMouse as /devices/platform/i8042/serio1/input/input3
Aug 05 04:23:42 ubuntu-server kernel: virtio_net virtio0 ens3: renamed from eth0
Aug 05 04:23:42 ubuntu-server kernel: bochs-drm 0000:00:02.0: remove_conflicting_pci_framebuffers: bar 0: 0xfd000000 -> 0xfdffffff
Aug 05 04:23:42 ubuntu-server kernel: bochs-drm 0000:00:02.0: remove_conflicting_pci_framebuffers: bar 2: 0xfebd0000 -> 0xfebd0fff
Aug 05 04:23:42 ubuntu-server kernel: bochs-drm 0000:00:02.0: vgaarb: deactivate vga console
Aug 05 04:23:42 ubuntu-server kernel: Console: switching to colour dummy device 80x25
Aug 05 04:23:42 ubuntu-server kernel: [drm] Found bochs VGA, ID 0xb0c5.
Aug 05 04:23:42 ubuntu-server kernel: [drm] Framebuffer size 16384 kB @ 0xfd000000, mmio @ 0xfebd0000.
Aug 05 04:23:42 ubuntu-server kernel: [TTM] Zone  kernel: Available graphics memory: 2014832 KiB
Aug 05 04:23:42 ubuntu-server kernel: [TTM] Initializing pool allocator
Aug 05 04:23:42 ubuntu-server kernel: [TTM] Initializing DMA pool allocator
Aug 05 04:23:42 ubuntu-server kernel: [drm] Found EDID data blob.
Aug 05 04:23:42 ubuntu-server kernel: [drm] Initialized bochs-drm 1.0.0 20130925 for 0000:00:02.0 on minor 0
Aug 05 04:23:42 ubuntu-server kernel: fbcon: bochs-drmdrmfb (fb0) is primary device
Aug 05 04:23:42 ubuntu-server kernel: Console: switching to colour frame buffer device 128x48
Aug 05 04:23:42 ubuntu-server kernel: bochs-drm 0000:00:02.0: fb0: bochs-drmdrmfb frame buffer device
Aug 05 04:23:42 ubuntu-server kernel: blk_update_request: I/O error, dev fd0, sector 0 op 0x0:(READ) flags 0x0 phys_seg 1 prio class 0
Aug 05 04:23:42 ubuntu-server kernel: floppy: error 10 while reading block 0
Aug 05 04:23:42 ubuntu-server kernel: raid6: sse2x4   gen() 13678 MB/s
Aug 05 04:23:42 ubuntu-server kernel: raid6: sse2x4   xor() 12609 MB/s
Aug 05 04:23:42 ubuntu-server kernel: raid6: sse2x2   gen() 18805 MB/s
Aug 05 04:23:42 ubuntu-server kernel: raid6: sse2x2   xor() 13006 MB/s
Aug 05 04:23:42 ubuntu-server kernel: raid6: sse2x1   gen() 14422 MB/s
Aug 05 04:23:42 ubuntu-server kernel: raid6: sse2x1   xor()  8887 MB/s
Aug 05 04:23:42 ubuntu-server kernel: raid6: using algorithm sse2x2 gen() 18805 MB/s
Aug 05 04:23:42 ubuntu-server kernel: raid6: .... xor() 13006 MB/s, rmw enabled
Aug 05 04:23:42 ubuntu-server kernel: raid6: using intx1 recovery algorithm
Aug 05 04:23:42 ubuntu-server kernel: xor: measuring software checksum speed
Aug 05 04:23:42 ubuntu-server kernel:    prefetch64-sse: 26549.000 MB/sec
Aug 05 04:23:42 ubuntu-server kernel:    generic_sse: 24885.000 MB/sec
Aug 05 04:23:42 ubuntu-server kernel: xor: using function: prefetch64-sse (26549.000 MB/sec)
Aug 05 04:23:42 ubuntu-server kernel: async_tx: api initialized (async)
Aug 05 04:23:42 ubuntu-server kernel: ISO 9660 Extensions: Microsoft Joliet Level 3
Aug 05 04:23:42 ubuntu-server kernel: ISO 9660 Extensions: RRIP_1991A
Aug 05 04:23:42 ubuntu-server kernel: random: fast init done
Aug 05 04:23:42 ubuntu-server kernel: random: systemd-udevd: uninitialized urandom read (16 bytes read)
Aug 05 04:23:42 ubuntu-server kernel: random: systemd-udevd: uninitialized urandom read (16 bytes read)
Aug 05 04:23:42 ubuntu-server kernel: random: systemd-udevd: uninitialized urandom read (16 bytes read)
Aug 05 04:23:42 ubuntu-server kernel: urandom_read: 6 callbacks suppressed
Aug 05 04:23:42 ubuntu-server kernel: random: adduser: uninitialized urandom read (4 bytes read)
Aug 05 04:23:42 ubuntu-server kernel: /dev/loop2: Can't open blockdev
Aug 05 04:23:42 ubuntu-server systemd[1]: Inserted module 'autofs4'
Aug 05 04:23:42 ubuntu-server systemd[1]: systemd 245.4-4ubuntu3.11 running in system mode. (+PAM +AUDIT +SELINUX +IMA +APPARMOR +SMACK +SYSVINIT +UTMP +LIBCRYPTSETUP +GCRYPT +GNUTLS +ACL +XZ +LZ4 +SECCOMP +BLKID +ELFUTILS +KMOD +IDN2 -IDN +PCRE2 default-hierarchy=hybrid)
Aug 05 04:23:42 ubuntu-server systemd[1]: Detected virtualization kvm.
Aug 05 04:23:42 ubuntu-server systemd[1]: Detected architecture x86-64.
Aug 05 04:23:42 ubuntu-server systemd[1]: Set hostname to <ubuntu-server>.
Aug 05 04:23:42 ubuntu-server systemd[1]: Initializing machine ID from random generator.
Aug 05 04:23:42 ubuntu-server kernel: blk_update_request: I/O error, dev fd0, sector 0 op 0x0:(READ) flags 0x0 phys_seg 1 prio class 0
Aug 05 04:23:42 ubuntu-server kernel: floppy: error 10 while reading block 0
Aug 05 04:23:42 ubuntu-server systemd[1]: cdrom.mount: Unit is bound to inactive unit dev-sr0.device. Stopping, too.
Aug 05 04:23:42 ubuntu-server systemd[1]: Created slice system-modprobe.slice.
Aug 05 04:23:42 ubuntu-server systemd[1]: Created slice User and Session Slice.
Aug 05 04:23:42 ubuntu-server systemd[1]: Started Forward Password Requests to Wall Directory Watch.
Aug 05 04:23:42 ubuntu-server systemd[1]: Set up automount Arbitrary Executable File Formats File System Automount Point.
Aug 05 04:23:42 ubuntu-server systemd[1]: Reached target User and Group Name Lookups.
Aug 05 04:23:42 ubuntu-server systemd[1]: Reached target Slices.
Aug 05 04:23:42 ubuntu-server systemd[1]: Reached target Swap.
Aug 05 04:23:42 ubuntu-server systemd[1]: Listening on Device-mapper event daemon FIFOs.
Aug 05 04:23:42 ubuntu-server systemd[1]: Listening on LVM2 poll daemon socket.
Aug 05 04:23:42 ubuntu-server systemd[1]: Listening on multipathd control socket.
Aug 05 04:23:42 ubuntu-server systemd[1]: Listening on Syslog Socket.
Aug 05 04:23:42 ubuntu-server systemd[1]: Listening on initctl Compatibility Named Pipe.
Aug 05 04:23:42 ubuntu-server systemd[1]: Listening on Journal Audit Socket.
Aug 05 04:23:42 ubuntu-server systemd[1]: Listening on Journal Socket (/dev/log).
Aug 05 04:23:42 ubuntu-server systemd[1]: Listening on Network Service Netlink Socket.
Aug 05 04:23:42 ubuntu-server systemd[1]: Listening on udev Control Socket.
Aug 05 04:23:42 ubuntu-server systemd[1]: Listening on udev Kernel Socket.
Aug 05 04:23:42 ubuntu-server systemd[1]: Unmounting /cdrom...
Aug 05 04:23:42 ubuntu-server systemd[803]: cdrom.mount: Failed to connect stdout to the journal socket, ignoring: No such file or directory
Aug 05 04:23:42 ubuntu-server systemd[1]: cdrom.mount: Mount process exited, code=exited, status=32/n/a
Aug 05 04:23:42 ubuntu-server systemd[1]: Failed unmounting /cdrom.
Aug 05 04:23:42 ubuntu-server systemd[1]: Listening on Journal Socket.
Aug 05 04:23:42 ubuntu-server systemd[1]: Mounting Huge Pages File System...
Aug 05 04:23:42 ubuntu-server systemd[1]: Mounting POSIX Message Queue File System...
Aug 05 04:23:42 ubuntu-server systemd[1]: Mounting Kernel Debug File System...
Aug 05 04:23:42 ubuntu-server systemd[1]: Mounting Kernel Trace File System...
Aug 05 04:23:42 ubuntu-server systemd[1]: Starting Journal Service...
Aug 05 04:23:42 ubuntu-server systemd[1]: Starting Set the console keyboard layout...
Aug 05 04:23:42 ubuntu-server systemd[1]: Starting Create list of static device nodes for the current kernel...
Aug 05 04:23:42 ubuntu-server systemd[1]: Starting Monitoring of LVM2 mirrors, snapshots etc. using dmeventd or progress polling...
Aug 05 04:23:42 ubuntu-server systemd[1]: Condition check resulted in Load Kernel Module drm being skipped.
Aug 05 04:23:42 ubuntu-server systemd[1]: Condition check resulted in OpenVSwitch configuration for cleanup being skipped.
Aug 05 04:23:42 ubuntu-server systemd[1]: Condition check resulted in Set Up Additional Binary Formats being skipped.
Aug 05 04:23:42 ubuntu-server systemd[1]: Starting Load Kernel Modules...
Aug 05 04:23:42 ubuntu-server systemd[1]: Starting Remount Root and Kernel File Systems...
Aug 05 04:23:42 ubuntu-server systemd[1]: Starting udev Coldplug all Devices...
Aug 05 04:23:42 ubuntu-server systemd[1]: Starting Uncomplicated firewall...
Aug 05 04:23:42 ubuntu-server systemd[1]: Mounted Huge Pages File System.
Aug 05 04:23:42 ubuntu-server systemd[1]: Mounted POSIX Message Queue File System.
Aug 05 04:23:42 ubuntu-server systemd[1]: Mounted Kernel Debug File System.
Aug 05 04:23:42 ubuntu-server systemd[1]: Mounted Kernel Trace File System.
Aug 05 04:23:42 ubuntu-server systemd[1]: Finished Create list of static device nodes for the current kernel.
Aug 05 04:23:42 ubuntu-server systemd[1]: Finished Remount Root and Kernel File Systems.
Aug 05 04:23:42 ubuntu-server systemd[1]: Condition check resulted in Rebuild Hardware Database being skipped.
Aug 05 04:23:42 ubuntu-server systemd[1]: Condition check resulted in Platform Persistent Storage Archival being skipped.
Aug 05 04:23:42 ubuntu-server systemd[1]: Starting Load/Save Random Seed...
Aug 05 04:23:42 ubuntu-server systemd[1]: Starting Create System Users...
Aug 05 04:23:42 ubuntu-server systemd[1]: Finished Uncomplicated firewall.
Aug 05 04:23:42 ubuntu-server systemd-journald[808]: Journal started
Aug 05 04:23:42 ubuntu-server systemd-journald[808]: Runtime Journal (/run/log/journal/23a704b61f364e959fea0466cd5fbdbf) is 4.9M, max 39.3M, 34.4M free.
Aug 05 04:23:42 ubuntu-server systemd-modules-load[814]: Inserted module 'msr'
Aug 05 04:23:42 ubuntu-server systemd[1]: Started Journal Service.
Aug 05 04:23:42 ubuntu-server systemd[1]: Starting Flush Journal to Persistent Storage...
Aug 05 04:23:42 ubuntu-server systemd[1]: Finished Load Kernel Modules.
Aug 05 04:23:42 ubuntu-server systemd[1]: Mounting FUSE Control File System...
Aug 05 04:23:42 ubuntu-server systemd[1]: Mounting Kernel Configuration File System...
Aug 05 04:23:42 ubuntu-server systemd[1]: Starting Apply Kernel Variables...
Aug 05 04:23:42 ubuntu-server systemd[1]: Mounted FUSE Control File System.
Aug 05 04:23:42 ubuntu-server systemd-journald[808]: Time spent on flushing to /var/log/journal/23a704b61f364e959fea0466cd5fbdbf is 3.560ms for 601 entries.
Aug 05 04:23:42 ubuntu-server systemd-journald[808]: System Journal (/var/log/journal/23a704b61f364e959fea0466cd5fbdbf) is 8.0M, max 196.7M, 188.7M free.
Aug 05 04:23:42 ubuntu-server systemd[1]: Finished Monitoring of LVM2 mirrors, snapshots etc. using dmeventd or progress polling.
Aug 05 04:23:42 ubuntu-server systemd[1]: Mounted Kernel Configuration File System.
Aug 05 04:23:42 ubuntu-server systemd[1]: Finished Load/Save Random Seed.
Aug 05 04:23:42 ubuntu-server systemd-sysusers[823]: Creating group systemd-coredump with gid 998.
Aug 05 04:23:42 ubuntu-server systemd-sysusers[823]: Creating user systemd-coredump (systemd Core Dumper) with uid 998 and gid 998.
Aug 05 04:23:42 ubuntu-server systemd[1]: Finished Create System Users.
Aug 05 04:23:42 ubuntu-server systemd[1]: Starting Create Static Device Nodes in /dev...
Aug 05 04:23:42 ubuntu-server systemd[1]: Finished Flush Journal to Persistent Storage.
Aug 05 04:23:42 ubuntu-server systemd-sysctl[829]: Not setting net/ipv4/conf/all/promote_secondaries (explicit setting exists).
Aug 05 04:23:42 ubuntu-server systemd-sysctl[829]: Not setting net/ipv4/conf/default/promote_secondaries (explicit setting exists).
Aug 05 04:23:42 ubuntu-server systemd[1]: Finished Apply Kernel Variables.
Aug 05 04:23:42 ubuntu-server systemd[1]: Finished Create Static Device Nodes in /dev.
Aug 05 04:23:42 ubuntu-server systemd[1]: Starting udev Kernel Device Manager...
Aug 05 04:23:42 ubuntu-server systemd[1]: Finished Set the console keyboard layout.
Aug 05 04:23:42 ubuntu-server systemd[1]: Finished udev Coldplug all Devices.
Aug 05 04:23:42 ubuntu-server systemd[1]: Starting udev Wait for Complete Device Initialization...
Aug 05 04:23:42 ubuntu-server systemd[1]: Started udev Kernel Device Manager.
Aug 05 04:23:42 ubuntu-server systemd[1]: Condition check resulted in Show Plymouth Boot Screen being skipped.
Aug 05 04:23:42 ubuntu-server systemd[1]: Started Dispatch Password Requests to Console Directory Watch.
Aug 05 04:23:42 ubuntu-server systemd[1]: Condition check resulted in Forward Password Requests to Plymouth Directory Watch being skipped.
Aug 05 04:23:42 ubuntu-server systemd[1]: Reached target Local Encrypted Volumes.
Aug 05 04:23:42 ubuntu-server kernel: blk_update_request: I/O error, dev fd0, sector 0 op 0x0:(READ) flags 0x0 phys_seg 1 prio class 0
Aug 05 04:23:42 ubuntu-server kernel: floppy: error 10 while reading block 0
Aug 05 04:23:42 ubuntu-server systemd-udevd[863]: Using default interface naming scheme 'v245'.
Aug 05 04:23:42 ubuntu-server systemd[1]: Listening on Load/Save RF Kill Switch Status /dev/rfkill Watch.
Aug 05 04:23:42 ubuntu-server systemd-udevd[837]: ethtool: autonegotiation is unset or enabled, the speed and duplex are not writable.
Aug 05 04:23:42 ubuntu-server systemd-udevd[863]: ethtool: autonegotiation is unset or enabled, the speed and duplex are not writable.
Aug 05 04:23:42 ubuntu-server kernel: parport_pc 00:03: reported by Plug and Play ACPI
Aug 05 04:23:42 ubuntu-server kernel: parport0: PC-style at 0x378, irq 7 [PCSPP,TRISTATE]
Aug 05 04:23:42 ubuntu-server udevadm[836]: systemd-udev-settle.service is deprecated.
Aug 05 04:23:42 ubuntu-server kernel: ppdev: user-space parallel port driver
Aug 05 04:23:43 ubuntu-server systemd[1]: Finished udev Wait for Complete Device Initialization.
Aug 05 04:23:43 ubuntu-server systemd[1]: Starting Device-Mapper Multipath Device Controller...
Aug 05 04:23:43 ubuntu-server kernel: alua: device handler registered
Aug 05 04:23:43 ubuntu-server kernel: emc: device handler registered
Aug 05 04:23:43 ubuntu-server kernel: rdac: device handler registered
Aug 05 04:23:43 ubuntu-server multipathd[948]: --------start up--------
Aug 05 04:23:43 ubuntu-server multipathd[948]: read /etc/multipath.conf
Aug 05 04:23:43 ubuntu-server multipathd[948]: path checkers start up
Aug 05 04:23:43 ubuntu-server systemd[1]: Started Device-Mapper Multipath Device Controller.
Aug 05 04:23:43 ubuntu-server systemd[1]: Reached target Local File Systems (Pre).
Aug 05 04:23:43 ubuntu-server systemd[1]: Mounting /media/filesystem...
Aug 05 04:23:43 ubuntu-server systemd[1]: Mounting Mount unit for core18, revision 2128...
Aug 05 04:23:43 ubuntu-server systemd[1]: Mounting Mount unit for lxd, revision 21029...
Aug 05 04:23:43 ubuntu-server systemd[1]: Mounting Mount unit for snapd, revision 12704...
Aug 05 04:23:43 ubuntu-server systemd[1]: Mounting Mount unit for subiquity, revision 2651...
Aug 05 04:23:43 ubuntu-server systemd[1]: tmp.mount: Directory /tmp to mount over is not empty, mounting anyway.
Aug 05 04:23:43 ubuntu-server systemd[1]: Mounting /tmp...
Aug 05 04:23:43 ubuntu-server systemd[1]: Mounted /media/filesystem.
Aug 05 04:23:43 ubuntu-server systemd[1]: Mounted /tmp.
Aug 05 04:23:43 ubuntu-server systemd[1]: Mounted Mount unit for lxd, revision 21029.
Aug 05 04:23:43 ubuntu-server systemd[1]: Mounted Mount unit for snapd, revision 12704.
Aug 05 04:23:43 ubuntu-server systemd[1]: Mounted Mount unit for subiquity, revision 2651.
Aug 05 04:23:43 ubuntu-server systemd[1]: Mounted Mount unit for core18, revision 2128.
Aug 05 04:23:43 ubuntu-server systemd[1]: Reached target Local File Systems.
Aug 05 04:23:43 ubuntu-server systemd[1]: Condition check resulted in Load AppArmor profiles being skipped.
Aug 05 04:23:43 ubuntu-server systemd[1]: Starting Set console font and keymap...
Aug 05 04:23:43 ubuntu-server systemd[1]: Starting Create final runtime dir for shutdown pivot root...
Aug 05 04:23:43 ubuntu-server systemd[1]: Condition check resulted in LXD - agent - 9p mount being skipped.
Aug 05 04:23:43 ubuntu-server systemd[1]: Condition check resulted in LXD - agent being skipped.
Aug 05 04:23:43 ubuntu-server systemd[1]: Starting Tell Plymouth To Write Out Runtime Data...
Aug 05 04:23:43 ubuntu-server systemd[1]: Starting Load AppArmor profiles managed internally by snapd...
Aug 05 04:23:43 ubuntu-server systemd[1]: Condition check resulted in Store a System Token in an EFI Variable being skipped.
Aug 05 04:23:43 ubuntu-server systemd[1]: Condition check resulted in Commit a transient machine-id on disk being skipped.
Aug 05 04:23:43 ubuntu-server systemd[1]: Starting Create Volatile Files and Directories...
Aug 05 04:23:43 ubuntu-server systemd[1]: Finished Create final runtime dir for shutdown pivot root.
Aug 05 04:23:43 ubuntu-server systemd[1]: plymouth-read-write.service: Succeeded.
Aug 05 04:23:43 ubuntu-server systemd[1]: Finished Tell Plymouth To Write Out Runtime Data.
Aug 05 04:23:43 ubuntu-server systemd[1]: Finished Create Volatile Files and Directories.
Aug 05 04:23:43 ubuntu-server systemd[1]: Starting Network Time Synchronization...
Aug 05 04:23:43 ubuntu-server systemd[1]: Starting Update UTMP about System Boot/Shutdown...
Aug 05 04:23:43 ubuntu-server systemd[1]: Condition check resulted in Authentication service for virtual machines hosted on VMware being skipped.
Aug 05 04:23:43 ubuntu-server systemd[1]: Condition check resulted in Service for virtual machines hosted on VMware being skipped.
Aug 05 04:23:43 ubuntu-server systemd[1]: Starting Initial cloud-init job (pre-networking)...
Aug 05 04:23:43 ubuntu-server systemd[1]: Finished Update UTMP about System Boot/Shutdown.
Aug 05 04:23:43 ubuntu-server systemd[1]: Started Network Time Synchronization.
Aug 05 04:23:43 ubuntu-server systemd[1]: Reached target System Time Set.
Aug 05 04:23:43 ubuntu-server systemd[1]: Reached target System Time Synchronized.
Aug 05 04:23:43 ubuntu-server audit[1005]: AVC apparmor="STATUS" operation="profile_load" profile="unconfined" name="snap-update-ns.lxd" pid=1005 comm="apparmor_parser"
Aug 05 04:23:43 ubuntu-server kernel: audit: type=1400 audit(1659673423.916:2): apparmor="STATUS" operation="profile_load" profile="unconfined" name="snap-update-ns.lxd" pid=1005 comm="apparmor_parser"
Aug 05 04:23:43 ubuntu-server audit[1006]: AVC apparmor="STATUS" operation="profile_load" profile="unconfined" name="snap-update-ns.subiquity" pid=1006 comm="apparmor_parser"
Aug 05 04:23:43 ubuntu-server kernel: audit: type=1400 audit(1659673423.924:3): apparmor="STATUS" operation="profile_load" profile="unconfined" name="snap-update-ns.subiquity" pid=1006 comm="apparmor_parser"
Aug 05 04:23:44 ubuntu-server audit[1009]: AVC apparmor="STATUS" operation="profile_load" profile="unconfined" name="snap.lxd.buginfo" pid=1009 comm="apparmor_parser"
Aug 05 04:23:44 ubuntu-server kernel: audit: type=1400 audit(1659673424.072:4): apparmor="STATUS" operation="profile_load" profile="unconfined" name="snap.lxd.buginfo" pid=1009 comm="apparmor_parser"
Aug 05 04:23:44 ubuntu-server audit[1011]: AVC apparmor="STATUS" operation="profile_load" profile="unconfined" name="snap.lxd.daemon" pid=1011 comm="apparmor_parser"
Aug 05 04:23:44 ubuntu-server kernel: audit: type=1400 audit(1659673424.128:5): apparmor="STATUS" operation="profile_load" profile="unconfined" name="snap.lxd.daemon" pid=1011 comm="apparmor_parser"
Aug 05 04:23:44 ubuntu-server audit[1007]: AVC apparmor="STATUS" operation="profile_load" profile="unconfined" name="snap.lxd.activate" pid=1007 comm="apparmor_parser"
Aug 05 04:23:44 ubuntu-server kernel: audit: type=1400 audit(1659673424.156:6): apparmor="STATUS" operation="profile_load" profile="unconfined" name="snap.lxd.activate" pid=1007 comm="apparmor_parser"
Aug 05 04:23:44 ubuntu-server audit[1008]: AVC apparmor="STATUS" operation="profile_load" profile="unconfined" name="snap.lxd.benchmark" pid=1008 comm="apparmor_parser"
Aug 05 04:23:44 ubuntu-server kernel: audit: type=1400 audit(1659673424.160:7): apparmor="STATUS" operation="profile_load" profile="unconfined" name="snap.lxd.benchmark" pid=1008 comm="apparmor_parser"
Aug 05 04:23:44 ubuntu-server audit[1010]: AVC apparmor="STATUS" operation="profile_load" profile="unconfined" name="snap.lxd.check-kernel" pid=1010 comm="apparmor_parser"
Aug 05 04:23:44 ubuntu-server kernel: audit: type=1400 audit(1659673424.172:8): apparmor="STATUS" operation="profile_load" profile="unconfined" name="snap.lxd.check-kernel" pid=1010 comm="apparmor_parser"
Aug 05 04:23:44 ubuntu-server audit[1015]: AVC apparmor="STATUS" operation="profile_load" profile="unconfined" name="snap.lxd.hook.remove" pid=1015 comm="apparmor_parser"
Aug 05 04:23:44 ubuntu-server kernel: audit: type=1400 audit(1659673424.252:9): apparmor="STATUS" operation="profile_load" profile="unconfined" name="snap.lxd.hook.remove" pid=1015 comm="apparmor_parser"
Aug 05 04:23:44 ubuntu-server audit[1013]: AVC apparmor="STATUS" operation="profile_load" profile="unconfined" name="snap.lxd.hook.configure" pid=1013 comm="apparmor_parser"
Aug 05 04:23:44 ubuntu-server kernel: audit: type=1400 audit(1659673424.284:10): apparmor="STATUS" operation="profile_load" profile="unconfined" name="snap.lxd.hook.configure" pid=1013 comm="apparmor_parser"
Aug 05 04:23:44 ubuntu-server audit[1014]: AVC apparmor="STATUS" operation="profile_load" profile="unconfined" name="snap.lxd.hook.install" pid=1014 comm="apparmor_parser"
Aug 05 04:23:44 ubuntu-server kernel: audit: type=1400 audit(1659673424.292:11): apparmor="STATUS" operation="profile_load" profile="unconfined" name="snap.lxd.hook.install" pid=1014 comm="apparmor_parser"
Aug 05 04:23:44 ubuntu-server audit[1027]: AVC apparmor="STATUS" operation="profile_load" profile="unconfined" name="snap.subiquity.hook.install" pid=1027 comm="apparmor_parser"
Aug 05 04:23:44 ubuntu-server audit[1016]: AVC apparmor="STATUS" operation="profile_load" profile="unconfined" name="snap.lxd.lxc" pid=1016 comm="apparmor_parser"
Aug 05 04:23:44 ubuntu-server audit[1030]: AVC apparmor="STATUS" operation="profile_load" profile="unconfined" name="snap.subiquity.probert" pid=1030 comm="apparmor_parser"
Aug 05 04:23:44 ubuntu-server audit[1028]: AVC apparmor="STATUS" operation="profile_load" profile="unconfined" name="snap.subiquity.hook.post-refresh" pid=1028 comm="apparmor_parser"
Aug 05 04:23:44 ubuntu-server audit[1038]: AVC apparmor="STATUS" operation="profile_load" profile="unconfined" name="snap.subiquity.subiquity-server" pid=1038 comm="apparmor_parser"
Aug 05 04:23:44 ubuntu-server audit[1031]: AVC apparmor="STATUS" operation="profile_load" profile="unconfined" name="snap.subiquity.subiquity" pid=1031 comm="apparmor_parser"
Aug 05 04:23:44 ubuntu-server audit[1041]: AVC apparmor="STATUS" operation="profile_load" profile="unconfined" name="snap.subiquity.subiquity-service" pid=1041 comm="apparmor_parser"
Aug 05 04:23:44 ubuntu-server audit[1017]: AVC apparmor="STATUS" operation="profile_load" profile="unconfined" name="snap.lxd.lxc-to-lxd" pid=1017 comm="apparmor_parser"
Aug 05 04:23:44 ubuntu-server audit[1018]: AVC apparmor="STATUS" operation="profile_load" profile="unconfined" name="snap.lxd.lxd" pid=1018 comm="apparmor_parser"
Aug 05 04:23:44 ubuntu-server audit[1004]: AVC apparmor="STATUS" operation="profile_load" profile="unconfined" name="/snap/snapd/12704/usr/lib/snapd/snap-confine" pid=1004 comm="apparmor_parser"
Aug 05 04:23:44 ubuntu-server audit[1004]: AVC apparmor="STATUS" operation="profile_load" profile="unconfined" name="/snap/snapd/12704/usr/lib/snapd/snap-confine//mount-namespace-capture-helper" pid=1004 comm="apparmor_parser"
Aug 05 04:23:44 ubuntu-server audit[1026]: AVC apparmor="STATUS" operation="profile_load" profile="unconfined" name="snap.lxd.migrate" pid=1026 comm="apparmor_parser"
Aug 05 04:23:44 ubuntu-server systemd[1]: Finished Load AppArmor profiles managed internally by snapd.
Aug 05 04:23:44 ubuntu-server systemd[1]: Finished Set console font and keymap.
Aug 05 04:23:45 ubuntu-server kernel: blk_update_request: I/O error, dev fd0, sector 0 op 0x0:(READ) flags 0x0 phys_seg 1 prio class 0
Aug 05 04:23:45 ubuntu-server kernel: floppy: error 10 while reading block 0
Aug 05 04:23:45 ubuntu-server kernel: blk_update_request: I/O error, dev fd0, sector 0 op 0x0:(READ) flags 0x0 phys_seg 1 prio class 0
Aug 05 04:23:45 ubuntu-server kernel: floppy: error 10 while reading block 0
Aug 05 04:23:46 ubuntu-server kernel: blk_update_request: I/O error, dev fd0, sector 0 op 0x0:(READ) flags 0x0 phys_seg 1 prio class 0
Aug 05 04:23:46 ubuntu-server kernel: floppy: error 10 while reading block 0
Aug 05 04:23:46 ubuntu-server kernel: blk_update_request: I/O error, dev fd0, sector 0 op 0x0:(READ) flags 0x0 phys_seg 1 prio class 0
Aug 05 04:23:46 ubuntu-server kernel: floppy: error 10 while reading block 0
Aug 05 04:23:46 ubuntu-server kernel: blk_update_request: I/O error, dev fd0, sector 0 op 0x0:(READ) flags 0x0 phys_seg 1 prio class 0
Aug 05 04:23:46 ubuntu-server kernel: floppy: error 10 while reading block 0
Aug 05 04:23:46 ubuntu-server systemd[1]: Condition check resulted in OpenVSwitch configuration for cleanup being skipped.
Aug 05 04:23:46 ubuntu-server systemd[1]: Condition check resulted in OpenVSwitch configuration for cleanup being skipped.
Aug 05 04:23:46 ubuntu-server systemd[1]: Condition check resulted in OpenVSwitch configuration for cleanup being skipped.
Aug 05 04:23:46 ubuntu-server cloud-init[1201]: Cloud-init v. 21.2-3-g899bfaa9-0ubuntu2~20.04.1 running 'init-local' at Fri, 05 Aug 2022 04:23:45 +0000. Up 12.71 seconds.
Aug 05 04:23:46 ubuntu-server systemd[1]: Finished Initial cloud-init job (pre-networking).
Aug 05 04:23:46 ubuntu-server systemd[1]: Reached target Network (Pre).
Aug 05 04:23:46 ubuntu-server systemd[1]: Starting Network Service...
Aug 05 04:23:46 ubuntu-server systemd-networkd[1220]: Enumeration completed
Aug 05 04:23:46 ubuntu-server systemd[1]: Started Network Service.
Aug 05 04:23:46 ubuntu-server systemd-networkd[1220]: ens3: IPv6 successfully enabled
Aug 05 04:23:46 ubuntu-server systemd[1]: Starting Wait for Network to be Configured...
Aug 05 04:23:46 ubuntu-server systemd[1]: Starting Network Name Resolution...
Aug 05 04:23:46 ubuntu-server systemd-networkd[1220]: ens3: Link UP
Aug 05 04:23:46 ubuntu-server systemd[1]: Finished Wait for Network to be Configured.
Aug 05 04:23:46 ubuntu-server systemd[1]: Starting Initial cloud-init job (metadata service crawler)...
Aug 05 04:23:46 ubuntu-server systemd-networkd[1220]: ens3: Gained carrier
Aug 05 04:23:47 ubuntu-server systemd-networkd[1220]: ens3: DHCPv4 address 10.0.2.15/24 via 10.0.2.2
Aug 05 04:23:47 ubuntu-server systemd-timesyncd[992]: Network configuration changed, trying to establish connection.
Aug 05 04:23:47 ubuntu-server systemd-resolved[1235]: Positive Trust Anchors:
Aug 05 04:23:47 ubuntu-server systemd-resolved[1235]: . IN DS 20326 8 2 e06d44b80b8f1d39a95c0b0d7c65d08458e880409bbc683457104237c7f8ec8d
Aug 05 04:23:47 ubuntu-server systemd-resolved[1235]: Negative trust anchors: 10.in-addr.arpa 16.172.in-addr.arpa 17.172.in-addr.arpa 18.172.in-addr.arpa 19.172.in-addr.arpa 20.172.in-addr.arpa 21.172.in-addr.arpa 22.172.in-addr.arpa 23.172.in-addr.arpa 24.172.in-addr.arpa 25.172.in-addr.arpa 26.172.in-addr.arpa 27.172.in-addr.arpa 28.172.in-addr.arpa 29.172.in-addr.arpa 30.172.in-addr.arpa 31.172.in-addr.arpa 168.192.in-addr.arpa d.f.ip6.arpa corp home internal intranet lan local private test
Aug 05 04:23:47 ubuntu-server systemd-resolved[1235]: Using system hostname 'ubuntu-server'.
Aug 05 04:23:47 ubuntu-server systemd[1]: Started Network Name Resolution.
Aug 05 04:23:47 ubuntu-server systemd[1]: Reached target Network.
Aug 05 04:23:47 ubuntu-server systemd[1]: Reached target Host and Network Name Lookups.
Aug 05 04:23:47 ubuntu-server kernel: blk_update_request: I/O error, dev fd0, sector 0 op 0x0:(READ) flags 0x0 phys_seg 1 prio class 0
Aug 05 04:23:47 ubuntu-server kernel: floppy: error 10 while reading block 0
Aug 05 04:23:47 ubuntu-server kernel: blk_update_request: I/O error, dev fd0, sector 0 op 0x0:(READ) flags 0x0 phys_seg 1 prio class 0
Aug 05 04:23:47 ubuntu-server kernel: floppy: error 10 while reading block 0
Aug 05 04:23:48 ubuntu-server kernel: blk_update_request: I/O error, dev fd0, sector 0 op 0x0:(READ) flags 0x0 phys_seg 1 prio class 0
Aug 05 04:23:48 ubuntu-server kernel: floppy: error 10 while reading block 0
Aug 05 04:23:48 ubuntu-server kernel: blk_update_request: I/O error, dev fd0, sector 0 op 0x0:(READ) flags 0x0 phys_seg 1 prio class 0
Aug 05 04:23:48 ubuntu-server kernel: floppy: error 10 while reading block 0
Aug 05 04:23:48 ubuntu-server kernel: blk_update_request: I/O error, dev fd0, sector 0 op 0x0:(READ) flags 0x0 phys_seg 1 prio class 0
Aug 05 04:23:48 ubuntu-server kernel: floppy: error 10 while reading block 0
Aug 05 04:23:48 ubuntu-server systemd-networkd[1220]: ens3: Gained IPv6LL
Aug 05 04:23:48 ubuntu-server systemd-timesyncd[992]: Network configuration changed, trying to establish connection.
Aug 05 04:23:56 ubuntu-server kernel: random: crng init done
Aug 05 04:23:58 ubuntu-server cloud-init[1247]: Cloud-init v. 21.2-3-g899bfaa9-0ubuntu2~20.04.1 running 'init' at Fri, 05 Aug 2022 04:23:47 +0000. Up 14.59 seconds.
Aug 05 04:23:58 ubuntu-server cloud-init[1247]: ci-info: ++++++++++++++++++++++++++++++++++++++Net device info++++++++++++++++++++++++++++++++++++++
Aug 05 04:23:58 ubuntu-server cloud-init[1247]: ci-info: +--------+------+----------------------------+---------------+--------+-------------------+
Aug 05 04:23:58 ubuntu-server cloud-init[1247]: ci-info: | Device |  Up  |          Address           |      Mask     | Scope  |     Hw-Address    |
Aug 05 04:23:58 ubuntu-server cloud-init[1247]: ci-info: +--------+------+----------------------------+---------------+--------+-------------------+
Aug 05 04:23:58 ubuntu-server cloud-init[1247]: ci-info: |  ens3  | True |         10.0.2.15          | 255.255.255.0 | global | 52:54:00:12:34:56 |
Aug 05 04:23:58 ubuntu-server cloud-init[1247]: ci-info: |  ens3  | True | fe80::5054:ff:fe12:3456/64 |       .       |  link  | 52:54:00:12:34:56 |
Aug 05 04:23:58 ubuntu-server cloud-init[1247]: ci-info: |   lo   | True |         127.0.0.1          |   255.0.0.0   |  host  |         .         |
Aug 05 04:23:58 ubuntu-server cloud-init[1247]: ci-info: |   lo   | True |          ::1/128           |       .       |  host  |         .         |
Aug 05 04:23:58 ubuntu-server cloud-init[1247]: ci-info: +--------+------+----------------------------+---------------+--------+-------------------+
Aug 05 04:23:58 ubuntu-server cloud-init[1247]: ci-info: ++++++++++++++++++++++++++++Route IPv4 info+++++++++++++++++++++++++++++
Aug 05 04:23:58 ubuntu-server cloud-init[1247]: ci-info: +-------+-------------+----------+-----------------+-----------+-------+
Aug 05 04:23:58 ubuntu-server cloud-init[1247]: ci-info: | Route | Destination | Gateway  |     Genmask     | Interface | Flags |
Aug 05 04:23:58 ubuntu-server cloud-init[1247]: ci-info: +-------+-------------+----------+-----------------+-----------+-------+
Aug 05 04:23:58 ubuntu-server cloud-init[1247]: ci-info: |   0   |   0.0.0.0   | 10.0.2.2 |     0.0.0.0     |    ens3   |   UG  |
Aug 05 04:23:58 ubuntu-server cloud-init[1247]: ci-info: |   1   |   10.0.2.0  | 0.0.0.0  |  255.255.255.0  |    ens3   |   U   |
Aug 05 04:23:58 ubuntu-server cloud-init[1247]: ci-info: |   2   |   10.0.2.2  | 0.0.0.0  | 255.255.255.255 |    ens3   |   UH  |
Aug 05 04:23:58 ubuntu-server cloud-init[1247]: ci-info: +-------+-------------+----------+-----------------+-----------+-------+
Aug 05 04:23:58 ubuntu-server cloud-init[1247]: ci-info: +++++++++++++++++++Route IPv6 info+++++++++++++++++++
Aug 05 04:23:58 ubuntu-server cloud-init[1247]: ci-info: +-------+-------------+---------+-----------+-------+
Aug 05 04:23:58 ubuntu-server cloud-init[1247]: ci-info: | Route | Destination | Gateway | Interface | Flags |
Aug 05 04:23:58 ubuntu-server cloud-init[1247]: ci-info: +-------+-------------+---------+-----------+-------+
Aug 05 04:23:58 ubuntu-server cloud-init[1247]: ci-info: |   1   |  fe80::/64  |    ::   |    ens3   |   U   |
Aug 05 04:23:58 ubuntu-server cloud-init[1247]: ci-info: |   3   |  multicast  |    ::   |    ens3   |   U   |
Aug 05 04:23:58 ubuntu-server cloud-init[1247]: ci-info: +-------+-------------+---------+-----------+-------+
Aug 05 04:23:58 ubuntu-server groupadd[1265]: group added to /etc/group: name=netdev, GID=1000
Aug 05 04:23:58 ubuntu-server groupadd[1265]: group added to /etc/gshadow: name=netdev
Aug 05 04:23:58 ubuntu-server groupadd[1265]: new group: name=netdev, GID=1000
Aug 05 04:23:58 ubuntu-server useradd[1271]: new group: name=installer, GID=1001
Aug 05 04:23:58 ubuntu-server useradd[1271]: new user: name=installer, UID=1000, GID=1001, home=/home/installer, shell=/usr/bin/subiquity-shell, from=none
Aug 05 04:23:58 ubuntu-server useradd[1271]: add 'installer' to group 'adm'
Aug 05 04:23:58 ubuntu-server useradd[1271]: add 'installer' to group 'dialout'
Aug 05 04:23:58 ubuntu-server useradd[1271]: add 'installer' to group 'cdrom'
Aug 05 04:23:58 ubuntu-server useradd[1271]: add 'installer' to group 'floppy'
Aug 05 04:23:58 ubuntu-server useradd[1271]: add 'installer' to group 'sudo'
Aug 05 04:23:58 ubuntu-server useradd[1271]: add 'installer' to group 'audio'
Aug 05 04:23:58 ubuntu-server useradd[1271]: add 'installer' to group 'dip'
Aug 05 04:23:58 ubuntu-server useradd[1271]: add 'installer' to group 'video'
Aug 05 04:23:58 ubuntu-server useradd[1271]: add 'installer' to group 'plugdev'
Aug 05 04:23:58 ubuntu-server useradd[1271]: add 'installer' to group 'lxd'
Aug 05 04:23:58 ubuntu-server useradd[1271]: add 'installer' to group 'netdev'
Aug 05 04:23:58 ubuntu-server useradd[1271]: add 'installer' to shadow group 'adm'
Aug 05 04:23:58 ubuntu-server useradd[1271]: add 'installer' to shadow group 'dialout'
Aug 05 04:23:58 ubuntu-server useradd[1271]: add 'installer' to shadow group 'cdrom'
Aug 05 04:23:58 ubuntu-server useradd[1271]: add 'installer' to shadow group 'floppy'
Aug 05 04:23:58 ubuntu-server useradd[1271]: add 'installer' to shadow group 'sudo'
Aug 05 04:23:58 ubuntu-server useradd[1271]: add 'installer' to shadow group 'audio'
Aug 05 04:23:58 ubuntu-server useradd[1271]: add 'installer' to shadow group 'dip'
Aug 05 04:23:58 ubuntu-server useradd[1271]: add 'installer' to shadow group 'video'
Aug 05 04:23:58 ubuntu-server useradd[1271]: add 'installer' to shadow group 'plugdev'
Aug 05 04:23:58 ubuntu-server useradd[1271]: add 'installer' to shadow group 'lxd'
Aug 05 04:23:58 ubuntu-server useradd[1271]: add 'installer' to shadow group 'netdev'
Aug 05 04:23:58 ubuntu-server cloud-init[1247]: Generating public/private rsa key pair.
Aug 05 04:23:58 ubuntu-server cloud-init[1247]: Your identification has been saved in /etc/ssh/ssh_host_rsa_key
Aug 05 04:23:58 ubuntu-server cloud-init[1247]: Your public key has been saved in /etc/ssh/ssh_host_rsa_key.pub
Aug 05 04:23:58 ubuntu-server cloud-init[1247]: The key fingerprint is:
Aug 05 04:23:58 ubuntu-server cloud-init[1247]: SHA256:H8HyKKl8wrLfSjZo1YFdNdZYLHEt/BAuHyrAtElcGpQ root@ubuntu-server
Aug 05 04:23:58 ubuntu-server cloud-init[1247]: The key's randomart image is:
Aug 05 04:23:58 ubuntu-server cloud-init[1247]: +---[RSA 3072]----+
Aug 05 04:23:58 ubuntu-server cloud-init[1247]: |     o=oo.=B+o   |
Aug 05 04:23:58 ubuntu-server cloud-init[1247]: |     *E* oo+* .  |
Aug 05 04:23:58 ubuntu-server cloud-init[1247]: |    . O . +.o+   |
Aug 05 04:23:58 ubuntu-server cloud-init[1247]: |     . + + = ..  |
Aug 05 04:23:58 ubuntu-server cloud-init[1247]: |    . + S + .    |
Aug 05 04:23:58 ubuntu-server cloud-init[1247]: |   = . . o .     |
Aug 05 04:23:58 ubuntu-server cloud-init[1247]: |  + O .   .      |
Aug 05 04:23:58 ubuntu-server cloud-init[1247]: | . = =           |
Aug 05 04:23:58 ubuntu-server cloud-init[1247]: |  ..o..          |
Aug 05 04:23:58 ubuntu-server cloud-init[1247]: +----[SHA256]-----+
Aug 05 04:23:58 ubuntu-server cloud-init[1247]: Generating public/private dsa key pair.
Aug 05 04:23:58 ubuntu-server cloud-init[1247]: Your identification has been saved in /etc/ssh/ssh_host_dsa_key
Aug 05 04:23:58 ubuntu-server cloud-init[1247]: Your public key has been saved in /etc/ssh/ssh_host_dsa_key.pub
Aug 05 04:23:58 ubuntu-server cloud-init[1247]: The key fingerprint is:
Aug 05 04:23:58 ubuntu-server cloud-init[1247]: SHA256:peemSqNtbMAXgQwkbDyj/f9TTo308VrE6JWKpeiT4bs root@ubuntu-server
Aug 05 04:23:58 ubuntu-server cloud-init[1247]: The key's randomart image is:
Aug 05 04:23:58 ubuntu-server cloud-init[1247]: +---[DSA 1024]----+
Aug 05 04:23:58 ubuntu-server cloud-init[1247]: |+.oo .           |
Aug 05 04:23:58 ubuntu-server cloud-init[1247]: | B  o .          |
Aug 05 04:23:58 ubuntu-server cloud-init[1247]: |o.o    .  .  o . |
Aug 05 04:23:58 ubuntu-server cloud-init[1247]: |. .   .  o. + =  |
Aug 05 04:23:58 ubuntu-server cloud-init[1247]: |   o   .So.O *   |
Aug 05 04:23:58 ubuntu-server cloud-init[1247]: |    + . oo* = o  |
Aug 05 04:23:58 ubuntu-server cloud-init[1247]: |     =oo *o  o   |
Aug 05 04:23:58 ubuntu-server cloud-init[1247]: |     +=.*o. .    |
Aug 05 04:23:58 ubuntu-server cloud-init[1247]: |    .oooE=       |
Aug 05 04:23:58 ubuntu-server cloud-init[1247]: +----[SHA256]-----+
Aug 05 04:23:58 ubuntu-server cloud-init[1247]: Generating public/private ecdsa key pair.
Aug 05 04:23:58 ubuntu-server cloud-init[1247]: Your identification has been saved in /etc/ssh/ssh_host_ecdsa_key
Aug 05 04:23:58 ubuntu-server cloud-init[1247]: Your public key has been saved in /etc/ssh/ssh_host_ecdsa_key.pub
Aug 05 04:23:58 ubuntu-server cloud-init[1247]: The key fingerprint is:
Aug 05 04:23:58 ubuntu-server cloud-init[1247]: SHA256:ntaGWw201faJqusekSnTZO48jRzUpzxk5EvWNwMuefw root@ubuntu-server
Aug 05 04:23:58 ubuntu-server cloud-init[1247]: The key's randomart image is:
Aug 05 04:23:58 ubuntu-server cloud-init[1247]: +---[ECDSA 256]---+
Aug 05 04:23:58 ubuntu-server cloud-init[1247]: |           . .   |
Aug 05 04:23:58 ubuntu-server cloud-init[1247]: |          + =..  |
Aug 05 04:23:58 ubuntu-server cloud-init[1247]: |         +.X.*o+ |
Aug 05 04:23:58 ubuntu-server cloud-init[1247]: |        *.Oo*.+.+|
Aug 05 04:23:58 ubuntu-server cloud-init[1247]: |       oSBo= . E.|
Aug 05 04:23:58 ubuntu-server cloud-init[1247]: |       .*+=oo    |
Aug 05 04:23:58 ubuntu-server cloud-init[1247]: |        =B+o.    |
Aug 05 04:23:58 ubuntu-server cloud-init[1247]: |       . ++      |
Aug 05 04:23:58 ubuntu-server cloud-init[1247]: |        +=.      |
Aug 05 04:23:58 ubuntu-server cloud-init[1247]: +----[SHA256]-----+
Aug 05 04:23:58 ubuntu-server cloud-init[1247]: Generating public/private ed25519 key pair.
Aug 05 04:23:58 ubuntu-server cloud-init[1247]: Your identification has been saved in /etc/ssh/ssh_host_ed25519_key
Aug 05 04:23:58 ubuntu-server cloud-init[1247]: Your public key has been saved in /etc/ssh/ssh_host_ed25519_key.pub
Aug 05 04:23:58 ubuntu-server cloud-init[1247]: The key fingerprint is:
Aug 05 04:23:58 ubuntu-server cloud-init[1247]: SHA256:VMFPIOz/eSkeZXAtJRICSZI4OSGn+02QHPrn/9PpwoI root@ubuntu-server
Aug 05 04:23:58 ubuntu-server cloud-init[1247]: The key's randomart image is:
Aug 05 04:23:58 ubuntu-server cloud-init[1247]: +--[ED25519 256]--+
Aug 05 04:23:58 ubuntu-server cloud-init[1247]: |  . ++.+++=oo.. .|
Aug 05 04:23:58 ubuntu-server cloud-init[1247]: |   *=o..oo.... + |
Aug 05 04:23:58 ubuntu-server cloud-init[1247]: |  o +o ..  o. o .|
Aug 05 04:23:58 ubuntu-server cloud-init[1247]: |   o . ..   .o . |
Aug 05 04:23:58 ubuntu-server cloud-init[1247]: |  . . o S.    o  |
Aug 05 04:23:58 ubuntu-server cloud-init[1247]: |   . =    .  o   |
Aug 05 04:23:58 ubuntu-server cloud-init[1247]: |    . o. . o.o . |
Aug 05 04:23:58 ubuntu-server cloud-init[1247]: |      E.. + *.o  |
Aug 05 04:23:58 ubuntu-server cloud-init[1247]: |        .o.=oo   |
Aug 05 04:23:58 ubuntu-server cloud-init[1247]: +----[SHA256]-----+
Aug 05 04:23:58 ubuntu-server cron[1316]: (CRON) INFO (pidfile fd = 3)
Aug 05 04:23:58 ubuntu-server systemd[1]: Finished Initial cloud-init job (metadata service crawler).
Aug 05 04:23:58 ubuntu-server systemd[1]: Reached target Cloud-config availability.
Aug 05 04:23:58 ubuntu-server systemd[1]: Reached target Network is Online.
Aug 05 04:23:58 ubuntu-server systemd[1]: Reached target System Initialization.
Aug 05 04:23:58 ubuntu-server systemd[1]: Condition check resulted in Process error reports when automatic reporting is enabled (file watch) being skipped.
Aug 05 04:23:58 ubuntu-server systemd[1]: Started Daily apt download activities.
Aug 05 04:23:58 ubuntu-server systemd[1]: Started Daily apt upgrade and clean activities.
Aug 05 04:23:58 ubuntu-server systemd[1]: Started Periodic ext4 Online Metadata Check for All Filesystems.
Aug 05 04:23:58 ubuntu-server systemd[1]: Started Discard unused blocks once a week.
Aug 05 04:23:58 ubuntu-server systemd[1]: Started Refresh fwupd metadata regularly.
Aug 05 04:23:58 ubuntu-server systemd[1]: Started Daily rotation of log files.
Aug 05 04:23:58 ubuntu-server systemd[1]: Started Daily man-db regeneration.
Aug 05 04:23:58 ubuntu-server systemd[1]: Started Message of the Day.
Aug 05 04:23:58 ubuntu-server systemd[1]: Condition check resulted in Timer to automatically fetch and run repair assertions being skipped.
Aug 05 04:23:58 ubuntu-server systemd[1]: Started Daily Cleanup of Temporary Directories.
Aug 05 04:23:58 ubuntu-server systemd[1]: Started Ubuntu Advantage update messaging.
Aug 05 04:23:58 ubuntu-server systemd[1]: Reached target Paths.
Aug 05 04:23:58 ubuntu-server systemd[1]: Reached target Timers.
Aug 05 04:23:58 ubuntu-server systemd[1]: Condition check resulted in Unix socket for apport crash forwarding being skipped.
Aug 05 04:23:58 ubuntu-server systemd[1]: Listening on D-Bus System Message Bus Socket.
Aug 05 04:23:58 ubuntu-server systemd[1]: Listening on Open-iSCSI iscsid Socket.
Aug 05 04:23:58 ubuntu-server systemd[1]: Starting Socket activation for snappy daemon.
Aug 05 04:23:58 ubuntu-server systemd[1]: Listening on UUID daemon activation socket.
Aug 05 04:23:58 ubuntu-server systemd[1]: Condition check resulted in Login to default iSCSI targets being skipped.
Aug 05 04:23:58 ubuntu-server systemd[1]: Reached target Remote File Systems (Pre).
Aug 05 04:23:58 ubuntu-server systemd[1]: Reached target Remote File Systems.
Aug 05 04:23:58 ubuntu-server systemd[1]: Starting Availability of block devices...
Aug 05 04:23:58 ubuntu-server systemd[1]: Listening on Socket activation for snappy daemon.
Aug 05 04:23:58 ubuntu-server systemd[1]: Reached target Sockets.
Aug 05 04:23:58 ubuntu-server systemd[1]: Reached target Basic System.
Aug 05 04:23:58 ubuntu-server systemd[1]: Starting Accounts Service...
Aug 05 04:23:58 ubuntu-server systemd[1]: Starting LSB: automatic crash report generation...
Aug 05 04:23:58 ubuntu-server systemd[1]: Starting Deferred execution scheduler...
Aug 05 04:23:58 ubuntu-server systemd[1]: Started Regular background program processing daemon.
Aug 05 04:23:58 ubuntu-server systemd[1]: Started D-Bus System Message Bus.
Aug 05 04:23:58 ubuntu-server systemd[1]: Started Save initial kernel messages after boot.
Aug 05 04:23:58 ubuntu-server systemd[1]: Starting Remove Stale Online ext4 Metadata Check Snapshots...
Aug 05 04:23:58 ubuntu-server systemd[1]: Condition check resulted in getty on tty2-tty6 if dbus and logind are not available being skipped.
Aug 05 04:23:58 ubuntu-server systemd[1]: Reached target Login Prompts.
Aug 05 04:23:58 ubuntu-server systemd[1]: Started irqbalance daemon.
Aug 05 04:23:58 ubuntu-server systemd[1]: Starting Dispatcher daemon for systemd-networkd...
Aug 05 04:23:58 ubuntu-server systemd[1]: Condition check resulted in Set the CPU Frequency Scaling governor being skipped.
Aug 05 04:23:58 ubuntu-server systemd[1]: Starting Pollinate to seed the pseudo random number generator...
Aug 05 04:23:58 ubuntu-server systemd[1]: Condition check resulted in fast remote file copy program daemon being skipped.
Aug 05 04:23:58 ubuntu-server systemd[1]: Starting System Logging Service...
Aug 05 04:23:58 ubuntu-server systemd[1]: Condition check resulted in Secure Boot updates for DB and DBX being skipped.
Aug 05 04:23:58 ubuntu-server systemd[1]: Condition check resulted in Automatically repair incorrect owner/permissions on core devices being skipped.
Aug 05 04:23:58 ubuntu-server systemd[1]: Condition check resulted in Wait for the Ubuntu Core chooser trigger being skipped.
Aug 05 04:23:58 ubuntu-server systemd[1]: Starting Snap Daemon...
Aug 05 04:23:58 ubuntu-server systemd[1]: Starting Login Service...
Aug 05 04:23:58 ubuntu-server systemd[1]: Starting Permit User Sessions...
Aug 05 04:23:58 ubuntu-server systemd[1]: Condition check resulted in Ubuntu Advantage reboot cmds being skipped.
Aug 05 04:23:58 ubuntu-server systemd[1]: Starting Disk Manager...
Aug 05 04:23:58 ubuntu-server systemd[1]: Finished Availability of block devices.
Aug 05 04:23:58 ubuntu-server systemd[1]: Started Deferred execution scheduler.
Aug 05 04:23:59 ubuntu-server cron[1316]: (CRON) INFO (Running @reboot jobs)
Aug 05 04:23:59 ubuntu-server systemd[1]: Finished Permit User Sessions.
Aug 05 04:23:59 ubuntu-server systemd[1]: Starting Hold until boot process finishes up...
Aug 05 04:23:59 ubuntu-server systemd[1]: Starting Terminate Plymouth Boot Screen...
Aug 05 04:23:59 ubuntu-server systemd[1]: plymouth-quit-wait.service: Succeeded.
Aug 05 04:23:59 ubuntu-server systemd[1]: Finished Hold until boot process finishes up.
Aug 05 04:23:59 ubuntu-server systemd[1]: Starting Set console scheme...
Aug 05 04:23:59 ubuntu-server systemd[1]: plymouth-quit.service: Succeeded.
Aug 05 04:23:59 ubuntu-server systemd[1]: Finished Terminate Plymouth Boot Screen.
Aug 05 04:23:59 ubuntu-server systemd-logind[1328]: New seat seat0.
Aug 05 04:23:59 ubuntu-server systemd-logind[1328]: Watching system buttons on /dev/input/event0 (Power Button)
Aug 05 04:23:59 ubuntu-server systemd-logind[1328]: Watching system buttons on /dev/input/event1 (AT Translated Set 2 keyboard)
Aug 05 04:23:59 ubuntu-server apport[1294]:  * Starting automatic crash report generation: apport
Aug 05 04:23:59 ubuntu-server apport[1294]:    ...done.
Aug 05 04:23:59 ubuntu-server systemd[1]: Started LSB: automatic crash report generation.
Aug 05 04:23:59 ubuntu-server systemd[1]: Finished Set console scheme.
Aug 05 04:23:59 ubuntu-server rsyslogd[1325]: imuxsock: Acquired UNIX socket '/run/systemd/journal/syslog' (fd 3) from systemd.  [v8.2001.0]
Aug 05 04:23:59 ubuntu-server systemd[1]: Started System Logging Service.
Aug 05 04:23:59 ubuntu-server rsyslogd[1325]: rsyslogd's groupid changed to 110
Aug 05 04:23:59 ubuntu-server rsyslogd[1325]: rsyslogd's userid changed to 104
Aug 05 04:23:59 ubuntu-server rsyslogd[1325]: [origin software="rsyslogd" swVersion="8.2001.0" x-pid="1325" x-info="https://www.rsyslog.com"] start
Aug 05 04:23:59 ubuntu-server udisksd[1330]: udisks daemon version 2.8.4 starting
Aug 05 04:23:59 ubuntu-server systemd[1]: e2scrub_reap.service: Succeeded.
Aug 05 04:23:59 ubuntu-server systemd[1]: Finished Remove Stale Online ext4 Metadata Check Snapshots.
Aug 05 04:23:59 ubuntu-server pollinate[1368]: client sent challenge to [https://entropy.ubuntu.com/]
Aug 05 04:23:59 ubuntu-server dbus-daemon[1318]: [system] AppArmor D-Bus mediation is enabled
Aug 05 04:23:59 ubuntu-server systemd[1]: Started Login Service.
Aug 05 04:23:59 ubuntu-server systemd[1]: Started Unattended Upgrades Shutdown.
Aug 05 04:23:59 ubuntu-server dbus-daemon[1318]: [system] Activating via systemd: service name='org.freedesktop.PolicyKit1' unit='polkit.service' requested by ':1.5' (uid=0 pid=1289 comm="/usr/lib/accountsservice/accounts-daemon " label="unconfined")
Aug 05 04:23:59 ubuntu-server systemd[1]: Starting Authorization Manager...
Aug 05 04:23:59 ubuntu-server udisksd[1330]: failed to load module mdraid: libbd_mdraid.so.2: cannot open shared object file: No such file or directory
Aug 05 04:23:59 ubuntu-server polkitd[1388]: started daemon version 0.105 using authority implementation `local' version `0.105'
Aug 05 04:23:59 ubuntu-server dbus-daemon[1318]: [system] Successfully activated service 'org.freedesktop.PolicyKit1'
Aug 05 04:23:59 ubuntu-server systemd[1]: Started Authorization Manager.
Aug 05 04:23:59 ubuntu-server accounts-daemon[1289]: started daemon version 0.6.55
Aug 05 04:23:59 ubuntu-server systemd[1]: Started Accounts Service.
Aug 05 04:23:59 ubuntu-server udisksd[1330]: Failed to load the 'mdraid' libblockdev plugin
Aug 05 04:23:59 ubuntu-server networkd-dispatcher[1322]: No valid path found for iwconfig
Aug 05 04:23:59 ubuntu-server networkd-dispatcher[1322]: No valid path found for iw
Aug 05 04:24:00 ubuntu-server systemd[1]: Started Dispatcher daemon for systemd-networkd.
Aug 05 04:24:00 ubuntu-server udisksd[1330]: Acquired the name org.freedesktop.UDisks2 on the system message bus
Aug 05 04:24:00 ubuntu-server systemd[1]: Started Disk Manager.
Aug 05 04:24:00 ubuntu-server snapd[1327]: AppArmor status: apparmor is enabled and all features are available
Aug 05 04:24:00 ubuntu-server snapd[1327]: patch.go:64: Patching system state level 6 to sublevel 1...
Aug 05 04:24:00 ubuntu-server snapd[1327]: patch.go:64: Patching system state level 6 to sublevel 2...
Aug 05 04:24:00 ubuntu-server snapd[1327]: patch.go:64: Patching system state level 6 to sublevel 3...
Aug 05 04:24:00 ubuntu-server snapd[1327]: daemon.go:347: started snapd/2.49.2+20.04 (series 16; classic) ubuntu/20.04 (amd64) linux/5.4.0-81-generic.
Aug 05 04:24:00 ubuntu-server systemd[1]: tmp-sanity\x2dmountpoint\x2d384204723.mount: Succeeded.
Aug 05 04:24:00 ubuntu-server snapd[1327]: daemon.go:440: adjusting startup timeout by 50s (pessimistic estimate of 30s plus 5s per snap)
Aug 05 04:24:00 ubuntu-server snapd[1327]: backend.go:137: snapd enabled root filesystem on overlay support, additional upperdir permissions granted
Aug 05 04:24:00 ubuntu-server pollinate[1429]: client verified challenge/response with [https://entropy.ubuntu.com/]
Aug 05 04:24:00 ubuntu-server pollinate[1436]: client hashed response from [https://entropy.ubuntu.com/]
Aug 05 04:24:00 ubuntu-server pollinate[1437]: client successfully seeded [/dev/urandom]
Aug 05 04:24:00 ubuntu-server systemd[1]: pollinate.service: Succeeded.
Aug 05 04:24:00 ubuntu-server systemd[1]: Finished Pollinate to seed the pseudo random number generator.
Aug 05 04:24:00 ubuntu-server systemd[1]: Starting OpenBSD Secure Shell server...
Aug 05 04:24:00 ubuntu-server sshd[1441]: Server listening on 0.0.0.0 port 22.
Aug 05 04:24:00 ubuntu-server sshd[1441]: Server listening on :: port 22.
Aug 05 04:24:00 ubuntu-server systemd[1]: Started OpenBSD Secure Shell server.
Aug 05 04:24:00 ubuntu-server audit[1427]: AVC apparmor="STATUS" operation="profile_load" profile="unconfined" name="/usr/lib/snapd/snap-confine" pid=1427 comm="apparmor_parser"
Aug 05 04:24:00 ubuntu-server audit[1427]: AVC apparmor="STATUS" operation="profile_load" profile="unconfined" name="/usr/lib/snapd/snap-confine//mount-namespace-capture-helper" pid=1427 comm="apparmor_parser"
Aug 05 04:24:00 ubuntu-server kernel: kauditd_printk_skb: 12 callbacks suppressed
Aug 05 04:24:00 ubuntu-server kernel: audit: type=1400 audit(1659673440.768:24): apparmor="STATUS" operation="profile_load" profile="unconfined" name="/usr/lib/snapd/snap-confine" pid=1427 comm="apparmor_parser"
Aug 05 04:24:00 ubuntu-server kernel: audit: type=1400 audit(1659673440.768:25): apparmor="STATUS" operation="profile_load" profile="unconfined" name="/usr/lib/snapd/snap-confine//mount-namespace-capture-helper" pid=1427 comm="apparmor_parser"
Aug 05 04:24:01 ubuntu-server audit[1559]: AVC apparmor="STATUS" operation="profile_replace" profile="unconfined" name="/snap/snapd/12704/usr/lib/snapd/snap-confine" pid=1559 comm="apparmor_parser"
Aug 05 04:24:01 ubuntu-server kernel: audit: type=1400 audit(1659673441.172:26): apparmor="STATUS" operation="profile_replace" profile="unconfined" name="/snap/snapd/12704/usr/lib/snapd/snap-confine" pid=1559 comm="apparmor_parser"
Aug 05 04:24:01 ubuntu-server audit[1559]: AVC apparmor="STATUS" operation="profile_replace" info="same as current profile, skipping" profile="unconfined" name="/snap/snapd/12704/usr/lib/snapd/snap-confine//mount-namespace-capture-helper" pid=1559 comm="apparmor_parser"
Aug 05 04:24:01 ubuntu-server kernel: audit: type=1400 audit(1659673441.188:27): apparmor="STATUS" operation="profile_replace" info="same as current profile, skipping" profile="unconfined" name="/snap/snapd/12704/usr/lib/snapd/snap-confine//mount-namespace-capture-helper" pid=1559 comm="apparmor_parser"
Aug 05 04:24:01 ubuntu-server audit[1561]: AVC apparmor="STATUS" operation="profile_replace" profile="unconfined" name="snap-update-ns.lxd" pid=1561 comm="apparmor_parser"
Aug 05 04:24:01 ubuntu-server kernel: audit: type=1400 audit(1659673441.200:28): apparmor="STATUS" operation="profile_replace" profile="unconfined" name="snap-update-ns.lxd" pid=1561 comm="apparmor_parser"
Aug 05 04:24:01 ubuntu-server audit[1563]: AVC apparmor="STATUS" operation="profile_replace" profile="unconfined" name="snap.lxd.benchmark" pid=1563 comm="apparmor_parser"
Aug 05 04:24:01 ubuntu-server kernel: audit: type=1400 audit(1659673441.280:29): apparmor="STATUS" operation="profile_replace" profile="unconfined" name="snap.lxd.benchmark" pid=1563 comm="apparmor_parser"
Aug 05 04:24:01 ubuntu-server audit[1562]: AVC apparmor="STATUS" operation="profile_replace" profile="unconfined" name="snap.lxd.activate" pid=1562 comm="apparmor_parser"
Aug 05 04:24:01 ubuntu-server kernel: audit: type=1400 audit(1659673441.292:30): apparmor="STATUS" operation="profile_replace" profile="unconfined" name="snap.lxd.activate" pid=1562 comm="apparmor_parser"
Aug 05 04:24:01 ubuntu-server audit[1564]: AVC apparmor="STATUS" operation="profile_replace" profile="unconfined" name="snap.lxd.buginfo" pid=1564 comm="apparmor_parser"
Aug 05 04:24:01 ubuntu-server audit[1565]: AVC apparmor="STATUS" operation="profile_replace" profile="unconfined" name="snap.lxd.check-kernel" pid=1565 comm="apparmor_parser"
Aug 05 04:24:01 ubuntu-server kernel: audit: type=1400 audit(1659673441.296:31): apparmor="STATUS" operation="profile_replace" profile="unconfined" name="snap.lxd.buginfo" pid=1564 comm="apparmor_parser"
Aug 05 04:24:01 ubuntu-server kernel: audit: type=1400 audit(1659673441.296:32): apparmor="STATUS" operation="profile_replace" profile="unconfined" name="snap.lxd.check-kernel" pid=1565 comm="apparmor_parser"
Aug 05 04:24:01 ubuntu-server audit[1567]: AVC apparmor="STATUS" operation="profile_replace" profile="unconfined" name="snap.lxd.hook.configure" pid=1567 comm="apparmor_parser"
Aug 05 04:24:01 ubuntu-server kernel: audit: type=1400 audit(1659673441.312:33): apparmor="STATUS" operation="profile_replace" profile="unconfined" name="snap.lxd.hook.configure" pid=1567 comm="apparmor_parser"
Aug 05 04:24:01 ubuntu-server audit[1566]: AVC apparmor="STATUS" operation="profile_replace" profile="unconfined" name="snap.lxd.daemon" pid=1566 comm="apparmor_parser"
Aug 05 04:24:01 ubuntu-server audit[1568]: AVC apparmor="STATUS" operation="profile_replace" profile="unconfined" name="snap.lxd.hook.install" pid=1568 comm="apparmor_parser"
Aug 05 04:24:01 ubuntu-server audit[1574]: AVC apparmor="STATUS" operation="profile_replace" profile="unconfined" name="snap-update-ns.subiquity" pid=1574 comm="apparmor_parser"
Aug 05 04:24:01 ubuntu-server audit[1569]: AVC apparmor="STATUS" operation="profile_replace" profile="unconfined" name="snap.lxd.hook.remove" pid=1569 comm="apparmor_parser"
Aug 05 04:24:01 ubuntu-server audit[1570]: AVC apparmor="STATUS" operation="profile_replace" profile="unconfined" name="snap.lxd.lxc" pid=1570 comm="apparmor_parser"
Aug 05 04:24:01 ubuntu-server audit[1571]: AVC apparmor="STATUS" operation="profile_replace" profile="unconfined" name="snap.lxd.lxc-to-lxd" pid=1571 comm="apparmor_parser"
Aug 05 04:24:01 ubuntu-server audit[1572]: AVC apparmor="STATUS" operation="profile_replace" profile="unconfined" name="snap.lxd.lxd" pid=1572 comm="apparmor_parser"
Aug 05 04:24:01 ubuntu-server audit[1573]: AVC apparmor="STATUS" operation="profile_replace" profile="unconfined" name="snap.lxd.migrate" pid=1573 comm="apparmor_parser"
Aug 05 04:24:01 ubuntu-server audit[1577]: AVC apparmor="STATUS" operation="profile_replace" info="same as current profile, skipping" profile="unconfined" name="snap.subiquity.hook.post-refresh" pid=1577 comm="apparmor_parser"
Aug 05 04:24:01 ubuntu-server audit[1576]: AVC apparmor="STATUS" operation="profile_replace" info="same as current profile, skipping" profile="unconfined" name="snap.subiquity.hook.install" pid=1576 comm="apparmor_parser"
Aug 05 04:24:01 ubuntu-server audit[1579]: AVC apparmor="STATUS" operation="profile_replace" info="same as current profile, skipping" profile="unconfined" name="snap.subiquity.subiquity" pid=1579 comm="apparmor_parser"
Aug 05 04:24:01 ubuntu-server audit[1578]: AVC apparmor="STATUS" operation="profile_replace" info="same as current profile, skipping" profile="unconfined" name="snap.subiquity.probert" pid=1578 comm="apparmor_parser"
Aug 05 04:24:01 ubuntu-server audit[1581]: AVC apparmor="STATUS" operation="profile_replace" info="same as current profile, skipping" profile="unconfined" name="snap.subiquity.subiquity-service" pid=1581 comm="apparmor_parser"
Aug 05 04:24:01 ubuntu-server audit[1580]: AVC apparmor="STATUS" operation="profile_replace" info="same as current profile, skipping" profile="unconfined" name="snap.subiquity.subiquity-server" pid=1580 comm="apparmor_parser"
Aug 05 04:24:01 ubuntu-server systemd[1]: Started Snap Daemon.
Aug 05 04:24:01 ubuntu-server systemd[1]: Starting Holds Snappy daemon refresh...
Aug 05 04:24:01 ubuntu-server systemd[1]: Starting Wait until snapd is fully seeded...
Aug 05 04:24:01 ubuntu-server systemd[1]: Started snap.lxd.hook.install.d18b455a-6d4a-4405-a523-4aa9761be836.scope.
Aug 05 04:24:01 ubuntu-server systemd[1]: tmp-snap.rootfs_aUI7UJ.mount: Succeeded.
Aug 05 04:24:02 ubuntu-server systemd[1]: Finished Holds Snappy daemon refresh.
Aug 05 04:24:02 ubuntu-server systemd[1]: snap.lxd.hook.install.d18b455a-6d4a-4405-a523-4aa9761be836.scope: Succeeded.
Aug 05 04:24:02 ubuntu-server systemd[1]: Reloading.
Aug 05 04:24:02 ubuntu-server systemd[1]: Reloading.
Aug 05 04:24:02 ubuntu-server systemd[1]: Listening on Socket unix for snap application lxd.daemon.
